Component: ARM Compiler 5.06 update 7 (build 960) Tool: armlink [4d3601]

==============================================================================

Section Cross References

    main.o(i.createThreads) refers to cmsis_os2.o(i.osThreadNew) for osThreadNew
    main.o(i.createThreads) refers to main.o(i.gpioA_thread) for gpioA_thread
    main.o(i.createThreads) refers to main.o(.data) for thread1_0
    main.o(i.gpioA_thread) refers to stm32f10x_gpio.o(i.GPIO_SetBits) for GPIO_SetBits
    main.o(i.initGpioA) refers to stm32f10x_rcc.o(i.RCC_APB2PeriphClockCmd) for RCC_APB2PeriphClockCmd
    main.o(i.initGpioA) refers to stm32f10x_gpio.o(i.GPIO_StructInit) for GPIO_StructInit
    main.o(i.initGpioA) refers to stm32f10x_gpio.o(i.GPIO_Init) for GPIO_Init
    main.o(i.main) refers to main.o(i.initGpioA) for initGpioA
    main.o(i.main) refers to cmsis_os2.o(i.osKernelInitialize) for osKernelInitialize
    main.o(i.main) refers to main.o(i.createThreads) for createThreads
    main.o(i.main) refers to cmsis_os2.o(i.osKernelStart) for osKernelStart
    clib_arm.o(i.__user_perthread_libspace) refers to clib_arm.o(i.os_kernel_is_active) for os_kernel_is_active
    clib_arm.o(i.__user_perthread_libspace) refers to tasks.o(i.xTaskGetCurrentTaskHandle) for xTaskGetCurrentTaskHandle
    clib_arm.o(i.__user_perthread_libspace) refers to clib_arm.o(.bss) for os_libspace
    clib_arm.o(i._mutex_acquire) refers to clib_arm.o(i.os_kernel_is_active) for os_kernel_is_active
    clib_arm.o(i._mutex_acquire) refers to queue.o(i.xQueueSemaphoreTake) for xQueueSemaphoreTake
    clib_arm.o(i._mutex_free) refers to queue.o(i.vQueueDelete) for vQueueDelete
    clib_arm.o(i._mutex_free) refers to clib_arm.o(.bss) for clib_mutex_id
    clib_arm.o(i._mutex_initialize) refers to queue.o(i.xQueueCreateMutexStatic) for xQueueCreateMutexStatic
    clib_arm.o(i._mutex_initialize) refers to clib_arm.o(i.os_kernel_is_active) for os_kernel_is_active
    clib_arm.o(i._mutex_initialize) refers to queue.o(i.xQueueCreateMutex) for xQueueCreateMutex
    clib_arm.o(i._mutex_initialize) refers to clib_arm.o(.bss) for clib_mutex_id
    clib_arm.o(i._mutex_release) refers to clib_arm.o(i.os_kernel_is_active) for os_kernel_is_active
    clib_arm.o(i._mutex_release) refers to queue.o(i.xQueueGenericSend) for xQueueGenericSend
    clib_arm.o(i.os_kernel_is_active) refers to tasks.o(i.xTaskGetSchedulerState) for xTaskGetSchedulerState
    clib_arm.o(i.os_kernel_is_active) refers to clib_arm.o(.data) for os_kernel_active
    cmsis_os1.o(i.osMessageCreate) refers to cmsis_os2.o(i.osMessageQueueNew) for osMessageQueueNew
    cmsis_os1.o(i.osMessageGet) refers to cmsis_os2.o(i.osMessageQueueGet) for osMessageQueueGet
    cmsis_os1.o(i.osMessagePut) refers to cmsis_os2.o(i.osMessageQueuePut) for osMessageQueuePut
    cmsis_os1.o(i.osMutexCreate) refers to cmsis_os2.o(i.osMutexNew) for osMutexNew
    cmsis_os1.o(i.osSemaphoreCreate) refers to cmsis_os2.o(i.osSemaphoreNew) for osSemaphoreNew
    cmsis_os1.o(i.osSemaphoreWait) refers to cmsis_os2.o(i.osSemaphoreAcquire) for osSemaphoreAcquire
    cmsis_os1.o(i.osSemaphoreWait) refers to cmsis_os2.o(i.osSemaphoreGetCount) for osSemaphoreGetCount
    cmsis_os1.o(i.osSignalClear) refers to cmsis_os2.o(i.osThreadGetId) for osThreadGetId
    cmsis_os1.o(i.osSignalClear) refers to cmsis_os2.o(i.osThreadFlagsClear) for osThreadFlagsClear
    cmsis_os1.o(i.osSignalSet) refers to cmsis_os2.o(i.osThreadFlagsSet) for osThreadFlagsSet
    cmsis_os1.o(i.osSignalWait) refers to cmsis_os2.o(i.osThreadFlagsWait) for osThreadFlagsWait
    cmsis_os1.o(i.osThreadCreate) refers to cmsis_os2.o(i.osThreadNew) for osThreadNew
    cmsis_os1.o(i.osTimerCreate) refers to cmsis_os2.o(i.osTimerNew) for osTimerNew
    cmsis_os2.o(i.SysTick_Handler) refers to tasks.o(i.xTaskGetSchedulerState) for xTaskGetSchedulerState
    cmsis_os2.o(i.SysTick_Handler) refers to port.o(i.xPortSysTickHandler) for xPortSysTickHandler
    cmsis_os2.o(i.TimerCallback) refers to timers.o(i.pvTimerGetTimerID) for pvTimerGetTimerID
    cmsis_os2.o(i.osDelay) refers to cmsis_os2.o(i.__get_IPSR) for __get_IPSR
    cmsis_os2.o(i.osDelay) refers to cmsis_os2.o(i.__get_PRIMASK) for __get_PRIMASK
    cmsis_os2.o(i.osDelay) refers to cmsis_os2.o(i.__get_BASEPRI) for __get_BASEPRI
    cmsis_os2.o(i.osDelay) refers to tasks.o(i.vTaskDelay) for vTaskDelay
    cmsis_os2.o(i.osDelay) refers to cmsis_os2.o(.data) for KernelState
    cmsis_os2.o(i.osDelayUntil) refers to cmsis_os2.o(i.__get_IPSR) for __get_IPSR
    cmsis_os2.o(i.osDelayUntil) refers to cmsis_os2.o(i.__get_PRIMASK) for __get_PRIMASK
    cmsis_os2.o(i.osDelayUntil) refers to cmsis_os2.o(i.__get_BASEPRI) for __get_BASEPRI
    cmsis_os2.o(i.osDelayUntil) refers to tasks.o(i.xTaskGetTickCount) for xTaskGetTickCount
    cmsis_os2.o(i.osDelayUntil) refers to tasks.o(i.vTaskDelayUntil) for vTaskDelayUntil
    cmsis_os2.o(i.osDelayUntil) refers to cmsis_os2.o(.data) for KernelState
[...]
    Removing queue.o(i.vQueueSetQueueNumber), (4 bytes).
    Removing queue.o(i.xQueueCreateCountingSemaphore), (26 bytes).
    Removing queue.o(i.xQueueCreateCountingSemaphoreStatic), (34 bytes).
    Removing queue.o(i.xQueueGetMutexHolder), (28 bytes).
    Removing queue.o(i.xQueueGetMutexHolderFromISR), (14 bytes).
    Removing queue.o(i.xQueueGiveFromISR), (120 bytes).
    Removing queue.o(i.xQueueGiveMutexRecursive), (48 bytes).
    Removing queue.o(i.xQueueIsQueueEmptyFromISR), (16 bytes).
    Removing queue.o(i.xQueueIsQueueFullFromISR), (22 bytes).
    Removing queue.o(i.xQueuePeek), (268 bytes).
    Removing queue.o(i.xQueuePeekFromISR), (74 bytes).
    Removing queue.o(i.xQueueReceiveFromISR), (130 bytes).
    Removing queue.o(i.xQueueTakeMutexRecursive), (54 bytes).
    Removing tasks.o(.rev16_text), (4 bytes).
    Removing tasks.o(.revsh_text), (4 bytes).
    Removing tasks.o(.rrx_text), (6 bytes).
    Removing tasks.o(i.eTaskGetState), (124 bytes).
    Removing tasks.o(i.pcTaskGetName), (24 bytes).
    Removing tasks.o(i.prvListTasksWithinSingleList), (106 bytes).
    Removing tasks.o(i.prvTaskCheckFreeStackSpace), (22 bytes).
    Removing tasks.o(i.prvTaskIsTaskSuspended), (64 bytes).
    Removing tasks.o(i.ulTaskNotifyTake), (116 bytes).
    Removing tasks.o(i.ulTaskNotifyValueClear), (52 bytes).
    Removing tasks.o(i.uxTaskGetNumberOfTasks), (12 bytes).
    Removing tasks.o(i.uxTaskGetStackHighWaterMark), (40 bytes).
    Removing tasks.o(i.uxTaskGetSystemState), (176 bytes).
    Removing tasks.o(i.uxTaskGetTaskNumber), (14 bytes).
    Removing tasks.o(i.uxTaskPriorityGet), (36 bytes).
    Removing tasks.o(i.uxTaskPriorityGetFromISR), (56 bytes).
    Removing tasks.o(i.uxTaskResetEventItemValue), (28 bytes).
    Removing tasks.o(i.vTaskDelay), (52 bytes).
    Removing tasks.o(i.vTaskDelayUntil), (116 bytes).
    Removing tasks.o(i.vTaskDelete), (160 bytes).
    Removing tasks.o(i.vTaskEndScheduler), (36 bytes).
    Removing tasks.o(i.vTaskGetInfo), (132 bytes).
    Removing tasks.o(i.vTaskNotifyGiveFromISR), (176 bytes).
    Removing tasks.o(i.vTaskPlaceOnUnorderedEventList), (44 bytes).
    Removing tasks.o(i.vTaskPrioritySet), (224 bytes).
    Removing tasks.o(i.vTaskRemoveFromUnorderedEventList), (96 bytes).
    Removing tasks.o(i.vTaskResume), (120 bytes).
    Removing tasks.o(i.vTaskSetTaskNumber), (8 bytes).
    Removing tasks.o(i.vTaskSetTimeOutState), (36 bytes).
    Removing tasks.o(i.vTaskSuspend), (160 bytes).
    Removing tasks.o(i.xTaskCatchUpTicks), (36 bytes).
    Removing tasks.o(i.xTaskGenericNotify), (196 bytes).
    Removing tasks.o(i.xTaskGenericNotifyFromISR), (252 bytes).
    Removing tasks.o(i.xTaskGetCurrentTaskHandle), (12 bytes).
    Removing tasks.o(i.xTaskGetTickCountFromISR), (12 bytes).
    Removing tasks.o(i.xTaskNotifyStateClear), (52 bytes).
    Removing tasks.o(i.xTaskNotifyWait), (160 bytes).
    Removing tasks.o(i.xTaskResumeFromISR), (148 bytes).
    Removing timers.o(.rev16_text), (4 bytes).
    Removing timers.o(.revsh_text), (4 bytes).
    Removing timers.o(.rrx_text), (6 bytes).
    Removing timers.o(i.pcTimerGetName), (8 bytes).
    Removing timers.o(i.prvInitialiseNewTimer), (58 bytes).
    Removing timers.o(i.pvTimerGetTimerID), (20 bytes).
    Removing timers.o(i.uxTimerGetReloadMode), (34 bytes).
    Removing timers.o(i.uxTimerGetTimerNumber), (6 bytes).
    Removing timers.o(i.vTimerSetReloadMode), (46 bytes).
    Removing timers.o(i.vTimerSetTimerID), (20 bytes).
    Removing timers.o(i.vTimerSetTimerNumber), (4 bytes).
    Removing timers.o(i.xTimerCreate), (54 bytes).
    Removing timers.o(i.xTimerCreateStatic), (48 bytes).
    Removing timers.o(i.xTimerGetExpiryTime), (8 bytes).
    Removing timers.o(i.xTimerGetPeriod), (8 bytes).
    Removing timers.o(i.xTimerGetTimerDaemonTaskHandle), (12 bytes).
    Removing timers.o(i.xTimerIsTimerActive), (34 bytes).
    Removing timers.o(i.xTimerPendFunctionCall), (52 bytes).
    Removing timers.o(i.xTimerPendFunctionCallFromISR), (52 bytes).

287 unused section(s) (total 14935 bytes) removed from the image.

==============================================================================

Image Symbol Table

    Local Symbols

    Symbol Name                              Value     Ov Type        Size  Object(Section)

    ../clib/angel/boardlib.s                 0x00000000   Number         0  boardshut.o ABSOLUTE
    ../clib/angel/boardlib.s                 0x00000000   Number         0  boardinit3.o ABSOLUTE
    ../clib/angel/boardlib.s                 0x00000000   Number         0  boardinit1.o ABSOLUTE
    ../clib/angel/handlers.s                 0x00000000   Number         0  __scatter_zi.o ABSOLUTE
    ../clib/angel/handlers.s                 0x00000000   Number         0  __scatter_copy.o ABSOLUTE
    ../clib/angel/kernel.s                   0x00000000   Number         0  __rtentry4.o ABSOLUTE
    ../clib/angel/kernel.s                   0x00000000   Number         0  rtexit2.o ABSOLUTE
    ../clib/angel/kernel.s                   0x00000000   Number         0  __rtentry2.o ABSOLUTE
    ../clib/angel/kernel.s                   0x00000000   Number         0  rtexit.o ABSOLUTE
    ../clib/angel/kernel.s                   0x00000000   Number         0  __rtentry.o ABSOLUTE
    ../clib/angel/rt.s                       0x00000000   Number         0  rt_raise.o ABSOLUTE
    ../clib/angel/scatter.s                  0x00000000   Number         0  __scatter.o ABSOLUTE
    ../clib/angel/startup.s                  0x00000000   Number         0  __main.o ABSOLUTE
    ../clib/angel/sys.s                      0x00000000   Number         0  libspace.o ABSOLUTE
    ../clib/angel/sys.s                      0x00000000   Number         0  sys_stackheap_outer.o ABSOLUTE
    ../clib/angel/sys.s                      0x00000000   Number         0  use_no_semi.o ABSOLUTE
    ../clib/angel/sys.s                      0x00000000   Number         0  indicate_semi.o ABSOLUTE
    ../clib/angel/sysapp.c                   0x00000000   Number         0  sys_exit.o ABSOLUTE
    ../clib/angel/sysapp.c                   0x00000000   Number         0  sys_wrch.o ABSOLUTE
    ../clib/angel/sysapp.c                   0x00000000   Number         0  sys_command.o ABSOLUTE
    ../clib/armsys.c                         0x00000000   Number         0  _get_argv_nomalloc.o ABSOLUTE
    ../clib/armsys.c                         0x00000000   Number         0  no_argv.o ABSOLUTE
    ../clib/armsys.c                         0x00000000   Number         0  argv_veneer.o ABSOLUTE
    ../clib/armsys.c                         0x00000000   Number         0  argv_veneer.o ABSOLUTE
    ../clib/heapalloc.c                      0x00000000   Number         0  hrguard.o ABSOLUTE
    ../clib/heapaux.c                        0x00000000   Number         0  heapauxi.o ABSOLUTE
    ../clib/libinit.s                        0x00000000   Number         0  libinit2.o ABSOLUTE
    ../clib/libinit.s                        0x00000000   Number         0  libshutdown.o ABSOLUTE
    ../clib/libinit.s                        0x00000000   Number         0  libinit.o ABSOLUTE
    ../clib/libinit.s                        0x00000000   Number         0  libshutdown2.o ABSOLUTE
    ../clib/memcpset.s                       0x00000000   Number         0  rt_memclr.o ABSOLUTE
    ../clib/memcpset.s                       0x00000000   Number         0  rt_memcpy_v6.o ABSOLUTE
    ../clib/memcpset.s                       0x00000000   Number         0  aeabi_memset.o ABSOLUTE
    ../clib/memcpset.s                       0x00000000   Number         0  rt_memcpy_w.o ABSOLUTE
    ../clib/memcpset.s                       0x00000000   Number         0  rt_memclr_w.o ABSOLUTE
    ../clib/signal.c                         0x00000000   Number         0  defsig_exit.o ABSOLUTE
    ../clib/signal.c                         0x00000000   Number         0  defsig_abrt_inner.o ABSOLUTE
    ../clib/signal.c                         0x00000000   Number         0  defsig_fpe_inner.o ABSOLUTE
    ../clib/signal.c                         0x00000000   Number         0  __raise.o ABSOLUTE
    ../clib/signal.c                         0x00000000   Number         0  defsig_rtred_inner.o ABSOLUTE
    ../clib/signal.c                         0x00000000   Number         0  defsig_general.o ABSOLUTE
    ../clib/signal.c                         0x00000000   Number         0  defsig_rtmem_outer.o ABSOLUTE
    ../clib/signal.c                         0x00000000   Number         0  defsig_rtmem_formal.o ABSOLUTE
    ../clib/signal.c                         0x00000000   Number         0  defsig_other.o ABSOLUTE
    ../clib/signal.c                         0x00000000   Number         0  defsig_segv_inner.o ABSOLUTE
    ../clib/signal.c                         0x00000000   Number         0  defsig_cppl_inner.o ABSOLUTE
    ../clib/signal.c                         0x00000000   Number         0  defsig_pvfn_inner.o ABSOLUTE
    ../clib/signal.c                         0x00000000   Number         0  defsig_stak_inner.o ABSOLUTE
    ../clib/signal.c                         0x00000000   Number         0  defsig_rtmem_inner.o ABSOLUTE
    ../clib/signal.s                         0x00000000   Number         0  defsig.o ABSOLUTE
    ../clib/stdlib.c                         0x00000000   Number         0  exit.o ABSOLUTE
    ../fplib/fpinit.s                        0x00000000   Number         0  fpinit.o ABSOLUTE
    E:\Development\Apps\IDE\Keil\Arm\Packs\ARM\CMSIS-FreeRTOS\10.3.1\CMSIS\RTOS2\FreeRTOS\Source\ARM\clib_arm.c 0x00000000   Number         0  clib_arm.o ABSOLUTE
    E:\Development\Apps\IDE\Keil\Arm\Packs\ARM\CMSIS-FreeRTOS\10.3.1\CMSIS\RTOS2\FreeRTOS\Source\cmsis_os1.c 0x00000000   Number         0  cmsis_os1.o ABSOLUTE
    E:\Development\Apps\IDE\Keil\Arm\Packs\ARM\CMSIS-FreeRTOS\10.3.1\CMSIS\RTOS2\FreeRTOS\Source\cmsis_os2.c 0x00000000   Number         0  cmsis_os2.o ABSOLUTE
    E:\Development\Apps\IDE\Keil\Arm\Packs\ARM\CMSIS-FreeRTOS\10.3.1\CMSIS\RTOS2\FreeRTOS\Source\freertos_evr.c 0x00000000   Number         0  freertos_evr.o ABSOLUTE
    E:\Development\Apps\IDE\Keil\Arm\Packs\ARM\CMSIS-FreeRTOS\10.3.1\CMSIS\RTOS2\FreeRTOS\Source\os_systick.c 0x00000000   Number         0  os_systick.o ABSOLUTE
    E:\Development\Apps\IDE\Keil\Arm\Packs\ARM\CMSIS-FreeRTOS\10.3.1\Source\event_groups.c 0x00000000   Number         0  event_groups.o ABSOLUTE
    E:\Development\Apps\IDE\Keil\Arm\Packs\ARM\CMSIS-FreeRTOS\10.3.1\Source\list.c 0x00000000   Number         0  list.o ABSOLUTE
    E:\Development\Apps\IDE\Keil\Arm\Packs\ARM\CMSIS-FreeRTOS\10.3.1\Source\portable\MemMang\heap_4.c 0x00000000   Number         0  heap_4.o ABSOLUTE
    E:\Development\Apps\IDE\Keil\Arm\Packs\ARM\CMSIS-FreeRTOS\10.3.1\Source\portable\RVDS\ARM_CM3\port.c 0x00000000   Number         0  port.o ABSOLUTE
    E:\Development\Apps\IDE\Keil\Arm\Packs\ARM\CMSIS-FreeRTOS\10.3.1\Source\queue.c 0x00000000   Number         0  queue.o ABSOLUTE
    E:\Development\Apps\IDE\Keil\Arm\Packs\ARM\CMSIS-FreeRTOS\10.3.1\Source\tasks.c 0x00000000   Number         0  tasks.o ABSOLUTE
    E:\Development\Apps\IDE\Keil\Arm\Packs\ARM\CMSIS-FreeRTOS\10.3.1\Source\timers.c 0x00000000   Number         0  timers.o ABSOLUTE
    E:\Development\Apps\IDE\Keil\Arm\Packs\Keil\STM32F1xx_DFP\2.3.0\Device\StdPeriph_Driver\src\misc.c 0x00000000   Number         0  misc.o ABSOLUTE
    E:\Development\Apps\IDE\Keil\Arm\Packs\Keil\STM32F1xx_DFP\2.3.0\Device\StdPeriph_Driver\src\stm32f10x_gpio.c 0x00000000   Number         0  stm32f10x_gpio.o ABSOLUTE
    E:\Development\Apps\IDE\Keil\Arm\Packs\Keil\STM32F1xx_DFP\2.3.0\Device\StdPeriph_Driver\src\stm32f10x_rcc.c 0x00000000   Number         0  stm32f10x_rcc.o ABSOLUTE
    E:\\Development\\Apps\\IDE\\Keil\\Arm\\Packs\\ARM\\CMSIS-FreeRTOS\\10.3.1\\CMSIS\\RTOS2\\FreeRTOS\\Source\\ARM\\clib_arm.c 0x00000000   Number         0  clib_arm.o ABSOLUTE
    E:\\Development\\Apps\\IDE\\Keil\\Arm\\Packs\\ARM\\CMSIS-FreeRTOS\\10.3.1\\CMSIS\\RTOS2\\FreeRTOS\\Source\\cmsis_os1.c 0x00000000   Number         0  cmsis_os1.o ABSOLUTE
    E:\\Development\\Apps\\IDE\\Keil\\Arm\\Packs\\ARM\\CMSIS-FreeRTOS\\10.3.1\\CMSIS\\RTOS2\\FreeRTOS\\Source\\cmsis_os2.c 0x00000000   Number         0  cmsis_os2.o ABSOLUTE
    E:\\Development\\Apps\\IDE\\Keil\\Arm\\Packs\\ARM\\CMSIS-FreeRTOS\\10.3.1\\CMSIS\\RTOS2\\FreeRTOS\\Source\\freertos_evr.c 0x00000000   Number         0  freertos_evr.o ABSOLUTE
    E:\\Development\\Apps\\IDE\\Keil\\Arm\\Packs\\ARM\\CMSIS-FreeRTOS\\10.3.1\\CMSIS\\RTOS2\\FreeRTOS\\Source\\os_systick.c 0x00000000   Number         0  os_systick.o ABSOLUTE
    E:\\Development\\Apps\\IDE\\Keil\\Arm\\Packs\\ARM\\CMSIS-FreeRTOS\\10.3.1\\Source\\event_groups.c 0x00000000   Number         0  event_groups.o ABSOLUTE
    E:\\Development\\Apps\\IDE\\Keil\\Arm\\Packs\\ARM\\CMSIS-FreeRTOS\\10.3.1\\Source\\list.c 0x00000000   Number         0  list.o ABSOLUTE
    E:\\Development\\Apps\\IDE\\Keil\\Arm\\Packs\\ARM\\CMSIS-FreeRTOS\\10.3.1\\Source\\portable\\MemMang\\heap_4.c 0x00000000   Number         0  heap_4.o ABSOLUTE
    E:\\Development\\Apps\\IDE\\Keil\\Arm\\Packs\\ARM\\CMSIS-FreeRTOS\\10.3.1\\Source\\portable\\RVDS\\ARM_CM3\\port.c 0x00000000   Number         0  port.o ABSOLUTE
    E:\\Development\\Apps\\IDE\\Keil\\Arm\\Packs\\ARM\\CMSIS-FreeRTOS\\10.3.1\\Source\\queue.c 0x00000000   Number         0  queue.o ABSOLUTE
    E:\\Development\\Apps\\IDE\\Keil\\Arm\\Packs\\ARM\\CMSIS-FreeRTOS\\10.3.1\\Source\\tasks.c 0x00000000   Number         0  tasks.o ABSOLUTE
    E:\\Development\\Apps\\IDE\\Keil\\Arm\\Packs\\ARM\\CMSIS-FreeRTOS\\10.3.1\\Source\\timers.c 0x00000000   Number         0  timers.o ABSOLUTE
    E:\\Development\\Apps\\IDE\\Keil\\Arm\\Packs\\Keil\\STM32F1xx_DFP\\2.3.0\\Device\\StdPeriph_Driver\\src\\misc.c 0x00000000   Number         0  misc.o ABSOLUTE
    E:\\Development\\Apps\\IDE\\Keil\\Arm\\Packs\\Keil\\STM32F1xx_DFP\\2.3.0\\Device\\StdPeriph_Driver\\src\\stm32f10x_gpio.c 0x00000000   Number         0  stm32f10x_gpio.o ABSOLUTE
    E:\\Development\\Apps\\IDE\\Keil\\Arm\\Packs\\Keil\\STM32F1xx_DFP\\2.3.0\\Device\\StdPeriph_Driver\\src\\stm32f10x_rcc.c 0x00000000   Number         0  stm32f10x_rcc.o ABSOLUTE
    RTE\Device\STM32F103C8\startup_stm32f10x_md.s 0x00000000   Number         0  startup_stm32f10x_md.o ABSOLUTE
    RTE\Device\STM32F103C8\system_stm32f10x.c 0x00000000   Number         0  system_stm32f10x.o ABSOLUTE
    RTE\\Device\\STM32F103C8\\system_stm32f10x.c 0x00000000   Number         0  system_stm32f10x.o ABSOLUTE
    Source\\main.c                           0x00000000   Number         0  main.o ABSOLUTE
    Source\main.c                            0x00000000   Number         0  main.o ABSOLUTE
    dc.s                                     0x00000000   Number         0  dc.o ABSOLUTE
    RESET                                    0x08000000   Section      236  startup_stm32f10x_md.o(RESET)
    !!!main                                  0x080000ec   Section        8  __main.o(!!!main)
    !!!scatter                               0x080000f4   Section       52  __scatter.o(!!!scatter)
    !!handler_copy                           0x08000128   Section       26  __scatter_copy.o(!!handler_copy)
    !!handler_zi                             0x08000144   Section       28  __scatter_zi.o(!!handler_zi)
    .ARM.Collect$$libinit$$00000000          0x08000160   Section        2  libinit.o(.ARM.Collect$$libinit$$00000000)
    .ARM.Collect$$libinit$$00000002          0x08000162   Section        0  libinit2.o(.ARM.Collect$$libinit$$00000002)
    .ARM.Collect$$libinit$$00000004          0x08000162   Section        0  libinit2.o(.ARM.Collect$$libinit$$00000004)
    .ARM.Collect$$libinit$$0000000A          0x08000162   Section        0  libinit2.o(.ARM.Collect$$libinit$$0000000A)
    .ARM.Collect$$libinit$$0000000C          0x08000162   Section        0  libinit2.o(.ARM.Collect$$libinit$$0000000C)
    .ARM.Collect$$libinit$$0000000E          0x08000162   Section        0  libinit2.o(.ARM.Collect$$libinit$$0000000E)
    .ARM.Collect$$libinit$$00000011          0x08000162   Section        0  libinit2.o(.ARM.Collect$$libinit$$00000011)
    .ARM.Collect$$libinit$$00000013          0x08000162   Section        0  libinit2.o(.ARM.Collect$$libinit$$00000013)
    .ARM.Collect$$libinit$$00000015          0x08000162   Section        0  libinit2.o(.ARM.Collect$$libinit$$00000015)
    .ARM.Collect$$libinit$$00000017          0x08000162   Section        0  libinit2.o(.ARM.Collect$$libinit$$00000017)
    .ARM.Collect$$libinit$$00000019          0x08000162   Section        0  libinit2.o(.ARM.Collect$$libinit$$00000019)
    .ARM.Collect$$libinit$$0000001B          0x08000162   Section        0  libinit2.o(.ARM.Collect$$libinit$$0000001B)
    .ARM.Collect$$libinit$$0000001D          0x08000162   Section        0  libinit2.o(.ARM.Collect$$libinit$$0000001D)
    .ARM.Collect$$libinit$$0000001F          0x08000162   Section        0  libinit2.o(.ARM.Collect$$libinit$$0000001F)
    .ARM.Collect$$libinit$$00000021          0x08000162   Section        0  libinit2.o(.ARM.Collect$$libinit$$00000021)
    .ARM.Collect$$libinit$$00000023          0x08000162   Section        0  libinit2.o(.ARM.Collect$$libinit$$00000023)
    .ARM.Collect$$libinit$$00000025          0x08000162   Section        0  libinit2.o(.ARM.Collect$$libinit$$00000025)
    .ARM.Collect$$libinit$$0000002C          0x08000162   Section        0  libinit2.o(.ARM.Collect$$libinit$$0000002C)
    .ARM.Collect$$libinit$$0000002E          0x08000162   Section        0  libinit2.o(.ARM.Collect$$libinit$$0000002E)
    .ARM.Collect$$libinit$$00000030          0x08000162   Section        0  libinit2.o(.ARM.Collect$$libinit$$00000030)
    .ARM.Collect$$libinit$$00000032          0x08000162   Section        0  libinit2.o(.ARM.Collect$$libinit$$00000032)
    .ARM.Collect$$libinit$$00000033          0x08000162   Section        2  libinit2.o(.ARM.Collect$$libinit$$00000033)
    .ARM.Collect$$libshutdown$$00000000      0x08000164   Section        2  libshutdown.o(.ARM.Collect$$libshutdown$$00000000)
    .ARM.Collect$$libshutdown$$00000002      0x08000166   Section        0  libshutdown2.o(.ARM.Collect$$libshutdown$$00000002)
    .ARM.Collect$$libshutdown$$00000004      0x08000166   Section        0  libshutdown2.o(.ARM.Collect$$libshutdown$$00000004)
    .ARM.Collect$$libshutdown$$00000006      0x08000166   Section        0  libshutdown2.o(.ARM.Collect$$libshutdown$$00000006)
    .ARM.Collect$$libshutdown$$00000009      0x08000166   Section        0  libshutdown2.o(.ARM.Collect$$libshutdown$$00000009)
    .ARM.Collect$$libshutdown$$0000000C      0x08000166   Section        0  libshutdown2.o(.ARM.Collect$$libshutdown$$0000000C)
    .ARM.Collect$$libshutdown$$0000000E      0x08000166   Section        0  libshutdown2.o(.ARM.Collect$$libshutdown$$0000000E)
    .ARM.Collect$$libshutdown$$00000011      0x08000166   Section        0  libshutdown2.o(.ARM.Collect$$libshutdown$$00000011)
    .ARM.Collect$$libshutdown$$00000012      0x08000166   Section        2  libshutdown2.o(.ARM.Collect$$libshutdown$$00000012)
    .ARM.Collect$$rtentry$$00000000          0x08000168   Section        0  __rtentry.o(.ARM.Collect$$rtentry$$00000000)
    .ARM.Collect$$rtentry$$00000002          0x08000168   Section        0  __rtentry2.o(.ARM.Collect$$rtentry$$00000002)
    .ARM.Collect$$rtentry$$00000004          0x08000168   Section        6  __rtentry4.o(.ARM.Collect$$rtentry$$00000004)
    .ARM.Collect$$rtentry$$00000008          0x0800016e   Section        8  __rtentry2.o(.ARM.Collect$$rtentry$$00000008)
    .ARM.Collect$$rtentry$$0000000A          0x08000176   Section        4  __rtentry2.o(.ARM.Collect$$rtentry$$0000000A)
    .ARM.Collect$$rtentry$$0000000C          0x0800017a   Section        0  __rtentry2.o(.ARM.Collect$$rtentry$$0000000C)
    .ARM.Collect$$rtentry$$0000000D          0x0800017a   Section        8  __rtentry2.o(.ARM.Collect$$rtentry$$0000000D)
    .ARM.Collect$$rtexit$$00000000           0x08000182   Section        2  rtexit.o(.ARM.Collect$$rtexit$$00000000)
    .ARM.Collect$$rtexit$$00000002           0x08000184   Section        0  rtexit2.o(.ARM.Collect$$rtexit$$00000002)
    .ARM.Collect$$rtexit$$00000003           0x08000184   Section        4  rtexit2.o(.ARM.Collect$$rtexit$$00000003)
    .ARM.Collect$$rtexit$$00000004           0x08000188   Section        6  rtexit2.o(.ARM.Collect$$rtexit$$00000004)
    .emb_text                                0x08000190   Section      150  port.o(.emb_text)
    .text                                    0x08000228   Section       64  startup_stm32f10x_md.o(.text)
    .text                                    0x08000268   Section      138  rt_memcpy_v6.o(.text)
    .text                                    0x080002f2   Section       16  aeabi_memset.o(.text)
    .text                                    0x08000302   Section        0  heapauxi.o(.text)
    .text                                    0x08000308   Section      100  rt_memcpy_w.o(.text)
    .text                                    0x0800036c   Section       68  rt_memclr.o(.text)
    .text                                    0x080003b0   Section       78  rt_memclr_w.o(.text)
    .text                                    0x080003fe   Section       74  sys_stackheap_outer.o(.text)
    .text                                    0x08000448   Section        0  exit.o(.text)
    .text                                    0x0800045c   Section        8  libspace.o(.text)
    .text                                    0x08000464   Section        0  sys_exit.o(.text)
    .text                                    0x08000470   Section        2  use_no_semi.o(.text)
    .text                                    0x08000472   Section        0  indicate_semi.o(.text)
    i.GPIO_Init                              0x08000472   Section        0  stm32f10x_gpio.o(i.GPIO_Init)
    i.GPIO_SetBits                           0x08000588   Section        0  stm32f10x_gpio.o(i.GPIO_SetBits)
    i.GPIO_StructInit                        0x0800058c   Section        0  stm32f10x_gpio.o(i.GPIO_StructInit)
    i.RCC_APB2PeriphClockCmd                 0x0800059c   Section        0  stm32f10x_rcc.o(i.RCC_APB2PeriphClockCmd)
    i.SetSysClock                            0x080005bc   Section        0  system_stm32f10x.o(i.SetSysClock)
    SetSysClock                              0x080005bd   Thumb Code     8  system_stm32f10x.o(i.SetSysClock)
    i.SetSysClockTo72                        0x080005c4   Section        0  system_stm32f10x.o(i.SetSysClockTo72)
    SetSysClockTo72                          0x080005c5   Thumb Code   214  system_stm32f10x.o(i.SetSysClockTo72)
    i.SysTick_Handler                        0x080006a4   Section        0  cmsis_os2.o(i.SysTick_Handler)
    i.SystemInit                             0x080006bc   Section        0  system_stm32f10x.o(i.SystemInit)
    i.__get_BASEPRI                          0x0800071c   Section        0  cmsis_os2.o(i.__get_BASEPRI)
    __get_BASEPRI                            0x0800071d   Thumb Code     6  cmsis_os2.o(i.__get_BASEPRI)
    i.__get_IPSR                             0x08000722   Section        0  cmsis_os2.o(i.__get_IPSR)
    __get_IPSR                               0x08000723   Thumb Code     6  cmsis_os2.o(i.__get_IPSR)
    i.__get_PRIMASK                          0x08000728   Section        0  cmsis_os2.o(i.__get_PRIMASK)
    __get_PRIMASK                            0x08000729   Thumb Code     6  cmsis_os2.o(i.__get_PRIMASK)
    i._mutex_acquire                         0x0800072e   Section        0  clib_arm.o(i._mutex_acquire)
    __tagsym$$used                           0x0800072f   Number         0  clib_arm.o(i._mutex_acquire)
    i._mutex_free                            0x08000744   Section        0  clib_arm.o(i._mutex_free)
    __tagsym$$used                           0x08000745   Number         0  clib_arm.o(i._mutex_free)
    i._mutex_initialize                      0x08000778   Section        0  clib_arm.o(i._mutex_initialize)
    __tagsym$$used                           0x08000779   Number         0  clib_arm.o(i._mutex_initialize)
    i._mutex_release                         0x080007d8   Section        0  clib_arm.o(i._mutex_release)
    __tagsym$$used                           0x080007d9   Number         0  clib_arm.o(i._mutex_release)
    i._platform_post_stackheap_init          0x080007f0   Section        0  clib_arm.o(i._platform_post_stackheap_init)
    i.createThreads                          0x080007f4   Section        0  main.o(i.createThreads)
    i.gpioA_thread                           0x08000908   Section        0  main.o(i.gpioA_thread)
    i.initGpioA                              0x0800091c   Section        0  main.o(i.initGpioA)
    i.main                                   0x0800094c   Section        0  main.o(i.main)
    i.osKernelInitialize                     0x08000960   Section        0  cmsis_os2.o(i.osKernelInitialize)
    i.osKernelStart                          0x080009a0   Section        0  cmsis_os2.o(i.osKernelStart)
    i.osThreadNew                            0x08000a14   Section        0  cmsis_os2.o(i.osThreadNew)
    i.os_kernel_is_active                    0x08000ae8   Section        0  clib_arm.o(i.os_kernel_is_active)
    os_kernel_is_active                      0x08000ae9   Thumb Code    32  clib_arm.o(i.os_kernel_is_active)
    i.prvAddCurrentTaskToDelayedList         0x08000b0c   Section        0  tasks.o(i.prvAddCurrentTaskToDelayedList)
    prvAddCurrentTaskToDelayedList           0x08000b0d   Thumb Code   100  tasks.o(i.prvAddCurrentTaskToDelayedList)
    i.prvAddNewTaskToReadyList               0x08000b88   Section        0  tasks.o(i.prvAddNewTaskToReadyList)
    prvAddNewTaskToReadyList                 0x08000b89   Thumb Code   154  tasks.o(i.prvAddNewTaskToReadyList)
    i.prvCheckForValidListAndQueue           0x08000c40   Section        0  timers.o(i.prvCheckForValidListAndQueue)
    prvCheckForValidListAndQueue             0x08000c41   Thumb Code    62  timers.o(i.prvCheckForValidListAndQueue)
    i.prvCheckTasksWaitingTermination        0x08000c9c   Section        0  tasks.o(i.prvCheckTasksWaitingTermination)
    prvCheckTasksWaitingTermination          0x08000c9d   Thumb Code    60  tasks.o(i.prvCheckTasksWaitingTermination)
    i.prvCopyDataFromQueue                   0x08000ce4   Section        0  queue.o(i.prvCopyDataFromQueue)
    prvCopyDataFromQueue                     0x08000ce5   Thumb Code    42  queue.o(i.prvCopyDataFromQueue)
    i.prvCopyDataToQueue                     0x08000d0e   Section        0  queue.o(i.prvCopyDataToQueue)
    prvCopyDataToQueue                       0x08000d0f   Thumb Code   126  queue.o(i.prvCopyDataToQueue)
    i.prvDeleteTCB                           0x08000d8c   Section        0  tasks.o(i.prvDeleteTCB)
    prvDeleteTCB                             0x08000d8d   Thumb Code    40  tasks.o(i.prvDeleteTCB)
    i.prvGetDisinheritPriorityAfterTimeout   0x08000db4   Section        0  queue.o(i.prvGetDisinheritPriorityAfterTimeout)
    prvGetDisinheritPriorityAfterTimeout     0x08000db5   Thumb Code    20  queue.o(i.prvGetDisinheritPriorityAfterTimeout)
    i.prvGetNextExpireTime                   0x08000dc8   Section        0  timers.o(i.prvGetNextExpireTime)
    prvGetNextExpireTime                     0x08000dc9   Thumb Code    36  timers.o(i.prvGetNextExpireTime)
    i.prvHeapInit                            0x08000df0   Section        0  heap_4.o(i.prvHeapInit)
    prvHeapInit                              0x08000df1   Thumb Code    98  heap_4.o(i.prvHeapInit)
    i.prvIdleTask                            0x08000e6c   Section        0  tasks.o(i.prvIdleTask)
    prvIdleTask                              0x08000e6d   Thumb Code    32  tasks.o(i.prvIdleTask)
    i.prvInitialiseMutex                     0x08000e94   Section        0  queue.o(i.prvInitialiseMutex)
    prvInitialiseMutex                       0x08000e95   Thumb Code    30  queue.o(i.prvInitialiseMutex)
    i.prvInitialiseNewQueue                  0x08000eb2   Section        0  queue.o(i.prvInitialiseNewQueue)
    prvInitialiseNewQueue                    0x08000eb3   Thumb Code    42  queue.o(i.prvInitialiseNewQueue)
    i.prvInitialiseNewTask                   0x08000edc   Section        0  tasks.o(i.prvInitialiseNewTask)
    prvInitialiseNewTask                     0x08000edd   Thumb Code   154  tasks.o(i.prvInitialiseNewTask)
    i.prvInitialiseTaskLists                 0x08000f78   Section        0  tasks.o(i.prvInitialiseTaskLists)
    prvInitialiseTaskLists                   0x08000f79   Thumb Code    70  tasks.o(i.prvInitialiseTaskLists)
    i.prvInsertBlockIntoFreeList             0x08000fe0   Section        0  heap_4.o(i.prvInsertBlockIntoFreeList)
    prvInsertBlockIntoFreeList               0x08000fe1   Thumb Code    96  heap_4.o(i.prvInsertBlockIntoFreeList)
    i.prvInsertTimerInActiveList             0x08001048   Section        0  timers.o(i.prvInsertTimerInActiveList)
    prvInsertTimerInActiveList               0x08001049   Thumb Code    80  timers.o(i.prvInsertTimerInActiveList)
    i.prvIsQueueEmpty                        0x080010a0   Section        0  queue.o(i.prvIsQueueEmpty)
    prvIsQueueEmpty                          0x080010a1   Thumb Code    26  queue.o(i.prvIsQueueEmpty)
    i.prvIsQueueFull                         0x080010ba   Section        0  queue.o(i.prvIsQueueFull)
    prvIsQueueFull                           0x080010bb   Thumb Code    30  queue.o(i.prvIsQueueFull)
    i.prvProcessExpiredTimer                 0x080010d8   Section        0  timers.o(i.prvProcessExpiredTimer)
    prvProcessExpiredTimer                   0x080010d9   Thumb Code    86  timers.o(i.prvProcessExpiredTimer)
    i.prvProcessReceivedCommands             0x08001134   Section        0  timers.o(i.prvProcessReceivedCommands)
    prvProcessReceivedCommands               0x08001135   Thumb Code   264  timers.o(i.prvProcessReceivedCommands)
    i.prvProcessTimerOrBlockTask             0x08001240   Section        0  timers.o(i.prvProcessTimerOrBlockTask)
    prvProcessTimerOrBlockTask               0x08001241   Thumb Code   102  timers.o(i.prvProcessTimerOrBlockTask)
    i.prvResetNextTaskUnblockTime            0x080012b4   Section        0  tasks.o(i.prvResetNextTaskUnblockTime)
    prvResetNextTaskUnblockTime              0x080012b5   Thumb Code    42  tasks.o(i.prvResetNextTaskUnblockTime)
    i.prvSampleTimeNow                       0x080012e8   Section        0  timers.o(i.prvSampleTimeNow)
    prvSampleTimeNow                         0x080012e9   Thumb Code    40  timers.o(i.prvSampleTimeNow)
    i.prvSwitchTimerLists                    0x08001314   Section        0  timers.o(i.prvSwitchTimerLists)
    prvSwitchTimerLists                      0x08001315   Thumb Code   126  timers.o(i.prvSwitchTimerLists)
    i.prvTaskExitError                       0x0800139c   Section        0  port.o(i.prvTaskExitError)
    prvTaskExitError                         0x0800139d   Thumb Code    22  port.o(i.prvTaskExitError)
    i.prvTimerTask                           0x080013b2   Section        0  timers.o(i.prvTimerTask)
    prvTimerTask                             0x080013b3   Thumb Code    26  timers.o(i.prvTimerTask)
    i.prvUnlockQueue                         0x080013cc   Section        0  queue.o(i.prvUnlockQueue)
    prvUnlockQueue                           0x080013cd   Thumb Code   126  queue.o(i.prvUnlockQueue)
    i.pvPortMalloc                           0x0800144c   Section        0  heap_4.o(i.pvPortMalloc)
    i.pvTaskIncrementMutexHeldCount          0x0800152c   Section        0  tasks.o(i.pvTaskIncrementMutexHeldCount)
    i.pxPortInitialiseStack                  0x0800154c   Section        0  port.o(i.pxPortInitialiseStack)
    i.uxListRemove                           0x08001570   Section        0  list.o(i.uxListRemove)
    i.vApplicationGetIdleTaskMemory          0x08001598   Section        0  cmsis_os2.o(i.vApplicationGetIdleTaskMemory)
    i.vApplicationGetTimerTaskMemory         0x080015b0   Section        0  cmsis_os2.o(i.vApplicationGetTimerTaskMemory)
    i.vApplicationStackOverflowHook          0x080015c8   Section        0  cmsis_os2.o(i.vApplicationStackOverflowHook)
    i.vListInitialise                        0x080015ca   Section        0  list.o(i.vListInitialise)
    i.vListInitialiseItem                    0x080015e4   Section        0  list.o(i.vListInitialiseItem)
    i.vListInsert                            0x080015ea   Section        0  list.o(i.vListInsert)
    i.vListInsertEnd                         0x0800161e   Section        0  list.o(i.vListInsertEnd)
    i.vPortEnterCritical                     0x08001638   Section        0  port.o(i.vPortEnterCritical)
    i.vPortExitCritical                      0x0800165c   Section        0  port.o(i.vPortExitCritical)
    i.vPortFree                              0x0800167c   Section        0  heap_4.o(i.vPortFree)
    i.vPortSetupTimerInterrupt               0x080016d4   Section        0  port.o(i.vPortSetupTimerInterrupt)
    i.vQueueDelete                           0x080016fc   Section        0  queue.o(i.vQueueDelete)
    i.vQueueWaitForMessageRestricted         0x08001710   Section        0  queue.o(i.vQueueWaitForMessageRestricted)
    i.vTaskInternalSetTimeOutState           0x0800175c   Section        0  tasks.o(i.vTaskInternalSetTimeOutState)
    i.vTaskMissedYield                       0x08001774   Section        0  tasks.o(i.vTaskMissedYield)
    i.vTaskPlaceOnEventList                  0x08001780   Section        0  tasks.o(i.vTaskPlaceOnEventList)
    i.vTaskPlaceOnEventListRestricted        0x080017a0   Section        0  tasks.o(i.vTaskPlaceOnEventListRestricted)
    i.vTaskPriorityDisinheritAfterTimeout    0x080017c8   Section        0  tasks.o(i.vTaskPriorityDisinheritAfterTimeout)
    i.vTaskStartScheduler                    0x08001854   Section        0  tasks.o(i.vTaskStartScheduler)
    i.vTaskSuspendAll                        0x080018e8   Section        0  tasks.o(i.vTaskSuspendAll)
    i.vTaskSwitchContext                     0x080018f8   Section        0  tasks.o(i.vTaskSwitchContext)
    i.xPortStartScheduler                    0x080019a8   Section        0  port.o(i.xPortStartScheduler)
    i.xPortSysTickHandler                    0x080019dc   Section        0  port.o(i.xPortSysTickHandler)
    i.xQueueCreateMutex                      0x08001a10   Section        0  queue.o(i.xQueueCreateMutex)
    i.xQueueCreateMutexStatic                0x08001a32   Section        0  queue.o(i.xQueueCreateMutexStatic)
    i.xQueueGenericCreate                    0x08001a5c   Section        0  queue.o(i.xQueueGenericCreate)
    i.xQueueGenericCreateStatic              0x08001a96   Section        0  queue.o(i.xQueueGenericCreateStatic)
    i.xQueueGenericReset                     0x08001ac4   Section        0  queue.o(i.xQueueGenericReset)
    i.xQueueGenericSend                      0x08001b44   Section        0  queue.o(i.xQueueGenericSend)
    i.xQueueGenericSendFromISR               0x08001c5c   Section        0  queue.o(i.xQueueGenericSendFromISR)
    i.xQueueReceive                          0x08001ce8   Section        0  queue.o(i.xQueueReceive)
    i.xQueueSemaphoreTake                    0x08001dec   Section        0  queue.o(i.xQueueSemaphoreTake)
    i.xTaskCheckForTimeOut                   0x08001f1c   Section        0  tasks.o(i.xTaskCheckForTimeOut)
    i.xTaskCreate                            0x08001f78   Section        0  tasks.o(i.xTaskCreate)
    i.xTaskCreateStatic                      0x08001fdc   Section        0  tasks.o(i.xTaskCreateStatic)
    i.xTaskGetSchedulerState                 0x0800202c   Section        0  tasks.o(i.xTaskGetSchedulerState)
    i.xTaskGetTickCount                      0x0800204c   Section        0  tasks.o(i.xTaskGetTickCount)
    i.xTaskIncrementTick                     0x08002058   Section        0  tasks.o(i.xTaskIncrementTick)
    i.xTaskPriorityDisinherit                0x08002170   Section        0  tasks.o(i.xTaskPriorityDisinherit)
    i.xTaskPriorityInherit                   0x080021d0   Section        0  tasks.o(i.xTaskPriorityInherit)
    i.xTaskRemoveFromEventList               0x08002274   Section        0  tasks.o(i.xTaskRemoveFromEventList)
    i.xTaskResumeAll                         0x080022f4   Section        0  tasks.o(i.xTaskResumeAll)
    i.xTimerCreateTimerTask                  0x080023dc   Section        0  timers.o(i.xTimerCreateTimerTask)
    i.xTimerGenericCommand                   0x0800243c   Section        0  timers.o(i.xTimerGenericCommand)
    .data                                    0x20000000   Section       56  main.o(.data)
    .data                                    0x20000038   Section        1  clib_arm.o(.data)
    os_kernel_active                         0x20000038   Data           1  clib_arm.o(.data)
    .data                                    0x2000003c   Section        4  cmsis_os2.o(.data)
    KernelState                              0x2000003c   Data           4  cmsis_os2.o(.data)
    .data                                    0x20000040   Section       20  system_stm32f10x.o(.data)
    .data                                    0x20000054   Section       32  heap_4.o(.data)
    xStart                                   0x20000054   Data           8  heap_4.o(.data)
    pxEnd                                    0x2000005c   Data           4  heap_4.o(.data)
    xFreeBytesRemaining                      0x20000060   Data           4  heap_4.o(.data)
    xMinimumEverFreeBytesRemaining           0x20000064   Data           4  heap_4.o(.data)
    xNumberOfSuccessfulAllocations           0x20000068   Data           4  heap_4.o(.data)
    xNumberOfSuccessfulFrees                 0x2000006c   Data           4  heap_4.o(.data)
    xBlockAllocatedBit                       0x20000070   Data           4  heap_4.o(.data)
    .data                                    0x20000074   Section        4  port.o(.data)
    uxCriticalNesting                        0x20000074   Data           4  port.o(.data)
    .data                                    0x20000078   Section       60  tasks.o(.data)
    pxDelayedTaskList                        0x2000007c   Data           4  tasks.o(.data)
    pxOverflowDelayedTaskList                0x20000080   Data           4  tasks.o(.data)
    uxDeletedTasksWaitingCleanUp             0x20000084   Data           4  tasks.o(.data)
    uxCurrentNumberOfTasks                   0x20000088   Data           4  tasks.o(.data)
    xTickCount                               0x2000008c   Data           4  tasks.o(.data)
    uxTopReadyPriority                       0x20000090   Data           4  tasks.o(.data)
    xSchedulerRunning                        0x20000094   Data           4  tasks.o(.data)
    xPendedTicks                             0x20000098   Data           4  tasks.o(.data)
    xYieldPending                            0x2000009c   Data           4  tasks.o(.data)
    xNumOfOverflows                          0x200000a0   Data           4  tasks.o(.data)
    uxTaskNumber                             0x200000a4   Data           4  tasks.o(.data)
    xNextTaskUnblockTime                     0x200000a8   Data           4  tasks.o(.data)
    xIdleTaskHandle                          0x200000ac   Data           4  tasks.o(.data)
    uxSchedulerSuspended                     0x200000b0   Data           4  tasks.o(.data)
    .data                                    0x200000b4   Section       20  timers.o(.data)
    pxCurrentTimerList                       0x200000b4   Data           4  timers.o(.data)
    pxOverflowTimerList                      0x200000b8   Data           4  timers.o(.data)
    xTimerQueue                              0x200000bc   Data           4  timers.o(.data)
    xTimerTaskHandle                         0x200000c0   Data           4  timers.o(.data)
    xLastTime                                0x200000c4   Data           4  timers.o(.data)
    .bss                                     0x200000c8   Section      916  clib_arm.o(.bss)
    os_libspace                              0x200000c8   Data         480  clib_arm.o(.bss)
    os_libspace_id                           0x200002a8   Data          16  clib_arm.o(.bss)
    clib_mutex_cb                            0x200002b8   Data         400  clib_arm.o(.bss)
    clib_mutex_id                            0x20000448   Data          20  clib_arm.o(.bss)
    .bss                                     0x2000045c   Section     1016  cmsis_os2.o(.bss)
    Idle_TCB                                 0x2000045c   Data          92  cmsis_os2.o(.bss)
    Idle_Stack                               0x200004b8   Data         512  cmsis_os2.o(.bss)
    Timer_TCB                                0x200006b8   Data          92  cmsis_os2.o(.bss)
    Timer_Stack                              0x20000714   Data         320  cmsis_os2.o(.bss)
    .bss                                     0x20000854   Section     8192  heap_4.o(.bss)
    ucHeap                                   0x20000854   Data        8192  heap_4.o(.bss)
    .bss                                     0x20002854   Section     1220  tasks.o(.bss)
    pxReadyTasksLists                        0x20002854   Data        1120  tasks.o(.bss)
    xDelayedTaskList1                        0x20002cb4   Data          20  tasks.o(.bss)
    xDelayedTaskList2                        0x20002cc8   Data          20  tasks.o(.bss)
    xPendingReadyList                        0x20002cdc   Data          20  tasks.o(.bss)
    xTasksWaitingTermination                 0x20002cf0   Data          20  tasks.o(.bss)
    xSuspendedTaskList                       0x20002d04   Data          20  tasks.o(.bss)
    .bss                                     0x20002d18   Section      200  timers.o(.bss)
    xActiveTimerList1                        0x20002d18   Data          20  timers.o(.bss)
    xActiveTimerList2                        0x20002d2c   Data          20  timers.o(.bss)
    xStaticTimerQueue                        0x20002d40   Data          80  timers.o(.bss)
    ucStaticTimerQueueStorage                0x20002d90   Data          80  timers.o(.bss)
    .bss                                     0x20002de0   Section       96  libspace.o(.bss)
    HEAP                                     0x20002e40   Section      512  startup_stm32f10x_md.o(HEAP)
    Heap_Mem                                 0x20002e40   Data         512  startup_stm32f10x_md.o(HEAP)
    STACK                                    0x20003040   Section     1024  startup_stm32f10x_md.o(STACK)
    Stack_Mem                                0x20003040   Data        1024  startup_stm32f10x_md.o(STACK)
    __initial_sp                             0x20003440   Data           0  startup_stm32f10x_md.o(STACK)

    Global Symbols

    Symbol Name                              Value     Ov Type        Size  Object(Section)

    BuildAttributes$$THM_ISAv4$P$D$K$B$S$PE$A:L22UL41UL21$X:L11$S22US41US21$IEEE1$IW$USESV6$~STKCKD$USESV7$~SHL$OSPACE$ROPI$EBA8$UX$STANDARDLIB$REQ8$PRES8$EABIv2 0x00000000   Number         0  anon$$obj.o ABSOLUTE
    __ARM_use_no_argv                        0x00000000   Number         0  main.o ABSOLUTE
    __ARM_exceptions_init                     - Undefined Weak Reference
    __alloca_initialize                       - Undefined Weak Reference
    __arm_fini_                               - Undefined Weak Reference
    __arm_preinit_                            - Undefined Weak Reference
    __cpp_initialize__aeabi_                  - Undefined Weak Reference
    __cxa_finalize                            - Undefined Weak Reference
    __rt_locale                               - Undefined Weak Reference
    __sigvec_lookup                           - Undefined Weak Reference
    _atexit_init                              - Undefined Weak Reference
    _call_atexit_fns                          - Undefined Weak Reference
    _clock_init                               - Undefined Weak Reference
    _fp_trap_init                             - Undefined Weak Reference
    _fp_trap_shutdown                         - Undefined Weak Reference
    _get_lc_collate                           - Undefined Weak Reference
    _get_lc_ctype                             - Undefined Weak Reference
    _get_lc_monetary                          - Undefined Weak Reference
    _get_lc_numeric                           - Undefined Weak Reference
    _get_lc_time                              - Undefined Weak Reference
    _getenv_init                              - Undefined Weak Reference
    _handle_redirection                       - Undefined Weak Reference
    _init_alloc                               - Undefined Weak Reference
    _init_user_alloc                          - Undefined Weak Reference
    _initio                                   - Undefined Weak Reference
    _rand_init                                - Undefined Weak Reference
    _signal_finish                            - Undefined Weak Reference
    _signal_init                              - Undefined Weak Reference
    _terminate_alloc                          - Undefined Weak Reference
    _terminate_user_alloc                     - Undefined Weak Reference
    _terminateio                              - Undefined Weak Reference
    __Vectors_Size                           0x000000ec   Number         0  startup_stm32f10x_md.o ABSOLUTE
    __Vectors                                0x08000000   Data           4  startup_stm32f10x_md.o(RESET)
    __Vectors_End                            0x080000ec   Data           0  startup_stm32f10x_md.o(RESET)
    __main                                   0x080000ed   Thumb Code     8  __main.o(!!!main)
    __scatterload                            0x080000f5   Thumb Code     0  __scatter.o(!!!scatter)
    __scatterload_rt2                        0x080000f5   Thumb Code    44  __scatter.o(!!!scatter)
    __scatterload_rt2_thumb_only             0x080000f5   Thumb Code     0  __scatter.o(!!!scatter)
    __scatterload_null                       0x08000103   Thumb Code     0  __scatter.o(!!!scatter)
    __scatterload_copy                       0x08000129   Thumb Code    26  __scatter_copy.o(!!handler_copy)
    __scatterload_zeroinit                   0x08000145   Thumb Code    28  __scatter_zi.o(!!handler_zi)
    __rt_lib_init                            0x08000161   Thumb Code     0  libinit.o(.ARM.Collect$$libinit$$00000000)
    __rt_lib_init_alloca_1                   0x08000163   Thumb Code     0  libinit2.o(.ARM.Collect$$libinit$$0000002E)
    __rt_lib_init_argv_1                     0x08000163   Thumb Code     0  libinit2.o(.ARM.Collect$$libinit$$0000002C)
    __rt_lib_init_atexit_1                   0x08000163   Thumb Code     0  libinit2.o(.ARM.Collect$$libinit$$0000001B)
    __rt_lib_init_clock_1                    0x08000163   Thumb Code     0  libinit2.o(.ARM.Collect$$libinit$$00000021)
    __rt_lib_init_cpp_1                      0x08000163   Thumb Code     0  libinit2.o(.ARM.Collect$$libinit$$00000032)
    __rt_lib_init_exceptions_1               0x08000163   Thumb Code     0  libinit2.o(.ARM.Collect$$libinit$$00000030)
    __rt_lib_init_fp_1                       0x08000163   Thumb Code     0  libinit2.o(.ARM.Collect$$libinit$$00000002)
    __rt_lib_init_fp_trap_1                  0x08000163   Thumb Code     0  libinit2.o(.ARM.Collect$$libinit$$0000001F)
    __rt_lib_init_getenv_1                   0x08000163   Thumb Code     0  libinit2.o(.ARM.Collect$$libinit$$00000023)
    __rt_lib_init_heap_1                     0x08000163   Thumb Code     0  libinit2.o(.ARM.Collect$$libinit$$0000000A)
    __rt_lib_init_lc_collate_1               0x08000163   Thumb Code     0  libinit2.o(.ARM.Collect$$libinit$$00000011)
    __rt_lib_init_lc_ctype_1                 0x08000163   Thumb Code     0  libinit2.o(.ARM.Collect$$libinit$$00000013)
    __rt_lib_init_lc_monetary_1              0x08000163   Thumb Code     0  libinit2.o(.ARM.Collect$$libinit$$00000015)
    __rt_lib_init_lc_numeric_1               0x08000163   Thumb Code     0  libinit2.o(.ARM.Collect$$libinit$$00000017)
    __rt_lib_init_lc_time_1                  0x08000163   Thumb Code     0  libinit2.o(.ARM.Collect$$libinit$$00000019)
    __rt_lib_init_preinit_1                  0x08000163   Thumb Code     0  libinit2.o(.ARM.Collect$$libinit$$00000004)
    __rt_lib_init_rand_1                     0x08000163   Thumb Code     0  libinit2.o(.ARM.Collect$$libinit$$0000000E)
    __rt_lib_init_return                     0x08000163   Thumb Code     0  libinit2.o(.ARM.Collect$$libinit$$00000033)
    __rt_lib_init_signal_1                   0x08000163   Thumb Code     0  libinit2.o(.ARM.Collect$$libinit$$0000001D)
    __rt_lib_init_stdio_1                    0x08000163   Thumb Code     0  libinit2.o(.ARM.Collect$$libinit$$00000025)
    __rt_lib_init_user_alloc_1               0x08000163   Thumb Code     0  libinit2.o(.ARM.Collect$$libinit$$0000000C)
    __rt_lib_shutdown                        0x08000165   Thumb Code     0  libshutdown.o(.ARM.Collect$$libshutdown$$00000000)
    __rt_lib_shutdown_cpp_1                  0x08000167   Thumb Code     0  libshutdown2.o(.ARM.Collect$$libshutdown$$00000004)
    __rt_lib_shutdown_fini_1                 0x08000167   Thumb Code     0  libshutdown2.o(.ARM.Collect$$libshutdown$$00000002)
    __rt_lib_shutdown_fp_trap_1              0x08000167   Thumb Code     0  libshutdown2.o(.ARM.Collect$$libshutdown$$00000009)
    __rt_lib_shutdown_heap_1                 0x08000167   Thumb Code     0  libshutdown2.o(.ARM.Collect$$libshutdown$$00000011)
    __rt_lib_shutdown_return                 0x08000167   Thumb Code     0  libshutdown2.o(.ARM.Collect$$libshutdown$$00000012)
    __rt_lib_shutdown_signal_1               0x08000167   Thumb Code     0  libshutdown2.o(.ARM.Collect$$libshutdown$$0000000C)
    __rt_lib_shutdown_stdio_1                0x08000167   Thumb Code     0  libshutdown2.o(.ARM.Collect$$libshutdown$$00000006)
    __rt_lib_shutdown_user_alloc_1           0x08000167   Thumb Code     0  libshutdown2.o(.ARM.Collect$$libshutdown$$0000000E)
    __rt_entry                               0x08000169   Thumb Code     0  __rtentry.o(.ARM.Collect$$rtentry$$00000000)
    __rt_entry_presh_1                       0x08000169   Thumb Code     0  __rtentry2.o(.ARM.Collect$$rtentry$$00000002)
    __rt_entry_sh                            0x08000169   Thumb Code     0  __rtentry4.o(.ARM.Collect$$rtentry$$00000004)
    __rt_entry_postsh_1                      0x0800016f   Thumb Code     0  __rtentry2.o(.ARM.Collect$$rtentry$$00000008)
    __rt_entry_li                            0x08000177   Thumb Code     0  __rtentry2.o(.ARM.Collect$$rtentry$$0000000A)
    __rt_entry_main                          0x0800017b   Thumb Code     0  __rtentry2.o(.ARM.Collect$$rtentry$$0000000D)
    __rt_entry_postli_1                      0x0800017b   Thumb Code     0  __rtentry2.o(.ARM.Collect$$rtentry$$0000000C)
    __rt_exit                                0x08000183   Thumb Code     0  rtexit.o(.ARM.Collect$$rtexit$$00000000)
    __rt_exit_ls                             0x08000185   Thumb Code     0  rtexit2.o(.ARM.Collect$$rtexit$$00000003)
    __rt_exit_prels_1                        0x08000185   Thumb Code     0  rtexit2.o(.ARM.Collect$$rtexit$$00000002)
    __rt_exit_exit                           0x08000189   Thumb Code     0  rtexit2.o(.ARM.Collect$$rtexit$$00000004)
    SVC_Handler                              0x08000191   Thumb Code    32  port.o(.emb_text)
    __asm___6_port_c_39a90d8d__prvStartFirstTask 0x080001b5   Thumb Code    28  port.o(.emb_text)
    PendSV_Handler                           0x080001d5   Thumb Code    72  port.o(.emb_text)
    vPortGetIPSR                             0x08000221   Thumb Code     6  port.o(.emb_text)
    Reset_Handler                            0x08000229   Thumb Code     8  startup_stm32f10x_md.o(.text)
    NMI_Handler                              0x08000231   Thumb Code     2  startup_stm32f10x_md.o(.text)
    HardFault_Handler                        0x08000233   Thumb Code     2  startup_stm32f10x_md.o(.text)
    MemManage_Handler                        0x08000235   Thumb Code     2  startup_stm32f10x_md.o(.text)
    BusFault_Handler                         0x08000237   Thumb Code     2  startup_stm32f10x_md.o(.text)
    UsageFault_Handler                       0x08000239   Thumb Code     2  startup_stm32f10x_md.o(.text)
    DebugMon_Handler                         0x0800023d   Thumb Code     2  startup_stm32f10x_md.o(.text)
    ADC1_2_IRQHandler                        0x08000243   Thumb Code     0  startup_stm32f10x_md.o(.text)
    CAN1_RX1_IRQHandler                      0x08000243   Thumb Code     0  startup_stm32f10x_md.o(.text)
    CAN1_SCE_IRQHandler                      0x08000243   Thumb Code     0  startup_stm32f10x_md.o(.text)
    DMA1_Channel1_IRQHandler                 0x08000243   Thumb Code     0  startup_stm32f10x_md.o(.text)
    DMA1_Channel2_IRQHandler                 0x08000243   Thumb Code     0  startup_stm32f10x_md.o(.text)
    DMA1_Channel3_IRQHandler                 0x08000243   Thumb Code     0  startup_stm32f10x_md.o(.text)
    DMA1_Channel4_IRQHandler                 0x08000243   Thumb Code     0  startup_stm32f10x_md.o(.text)
    DMA1_Channel5_IRQHandler                 0x08000243   Thumb Code     0  startup_stm32f10x_md.o(.text)
    DMA1_Channel6_IRQHandler                 0x08000243   Thumb Code     0  startup_stm32f10x_md.o(.text)
    DMA1_Channel7_IRQHandler                 0x08000243   Thumb Code     0  startup_stm32f10x_md.o(.text)
    EXTI0_IRQHandler                         0x08000243   Thumb Code     0  startup_stm32f10x_md.o(.text)
    EXTI15_10_IRQHandler                     0x08000243   Thumb Code     0  startup_stm32f10x_md.o(.text)
    EXTI1_IRQHandler                         0x08000243   Thumb Code     0  startup_stm32f10x_md.o(.text)
    EXTI2_IRQHandler                         0x08000243   Thumb Code     0  startup_stm32f10x_md.o(.text)
    EXTI3_IRQHandler                         0x08000243   Thumb Code     0  startup_stm32f10x_md.o(.text)
    EXTI4_IRQHandler                         0x08000243   Thumb Code     0  startup_stm32f10x_md.o(.text)
    EXTI9_5_IRQHandler                       0x08000243   Thumb Code     0  startup_stm32f10x_md.o(.text)
    FLASH_IRQHandler                         0x08000243   Thumb Code     0  startup_stm32f10x_md.o(.text)
    I2C1_ER_IRQHandler                       0x08000243   Thumb Code     0  startup_stm32f10x_md.o(.text)
    I2C1_EV_IRQHandler                       0x08000243   Thumb Code     0  startup_stm32f10x_md.o(.text)
    I2C2_ER_IRQHandler                       0x08000243   Thumb Code     0  startup_stm32f10x_md.o(.text)
    I2C2_EV_IRQHandler                       0x08000243   Thumb Code     0  startup_stm32f10x_md.o(.text)
    PVD_IRQHandler                           0x08000243   Thumb Code     0  startup_stm32f10x_md.o(.text)
    RCC_IRQHandler                           0x08000243   Thumb Code     0  startup_stm32f10x_md.o(.text)
    RTCAlarm_IRQHandler                      0x08000243   Thumb Code     0  startup_stm32f10x_md.o(.text)
    RTC_IRQHandler                           0x08000243   Thumb Code     0  startup_stm32f10x_md.o(.text)
    SPI1_IRQHandler                          0x08000243   Thumb Code     0  startup_stm32f10x_md.o(.text)
    SPI2_IRQHandler                          0x08000243   Thumb Code     0  startup_stm32f10x_md.o(.text)
    TAMPER_IRQHandler                        0x08000243   Thumb Code     0  startup_stm32f10x_md.o(.text)
    TIM1_BRK_IRQHandler                      0x08000243   Thumb Code     0  startup_stm32f10x_md.o(.text)
    TIM1_CC_IRQHandler                       0x08000243   Thumb Code     0  startup_stm32f10x_md.o(.text)
    TIM1_TRG_COM_IRQHandler                  0x08000243   Thumb Code     0  startup_stm32f10x_md.o(.text)
    TIM1_UP_IRQHandler                       0x08000243   Thumb Code     0  startup_stm32f10x_md.o(.text)
    TIM2_IRQHandler                          0x08000243   Thumb Code     0  startup_stm32f10x_md.o(.text)
    TIM3_IRQHandler                          0x08000243   Thumb Code     0  startup_stm32f10x_md.o(.text)
    TIM4_IRQHandler                          0x08000243   Thumb Code     0  startup_stm32f10x_md.o(.text)
    USART1_IRQHandler                        0x08000243   Thumb Code     0  startup_stm32f10x_md.o(.text)
    USART2_IRQHandler                        0x08000243   Thumb Code     0  startup_stm32f10x_md.o(.text)
    USART3_IRQHandler                        0x08000243   Thumb Code     0  startup_stm32f10x_md.o(.text)
    USBWakeUp_IRQHandler                     0x08000243   Thumb Code     0  startup_stm32f10x_md.o(.text)
    USB_HP_CAN1_TX_IRQHandler                0x08000243   Thumb Code     0  startup_stm32f10x_md.o(.text)
    USB_LP_CAN1_RX0_IRQHandler               0x08000243   Thumb Code     0  startup_stm32f10x_md.o(.text)
    WWDG_IRQHandler                          0x08000243   Thumb Code     0  startup_stm32f10x_md.o(.text)
    __user_initial_stackheap                 0x08000245   Thumb Code     0  startup_stm32f10x_md.o(.text)
    __aeabi_memcpy                           0x08000269   Thumb Code     0  rt_memcpy_v6.o(.text)
    __rt_memcpy                              0x08000269   Thumb Code   138  rt_memcpy_v6.o(.text)
    _memcpy_lastbytes                        0x080002cf   Thumb Code     0  rt_memcpy_v6.o(.text)
    __aeabi_memset                           0x080002f3   Thumb Code    16  aeabi_memset.o(.text)
    __use_two_region_memory                  0x08000303   Thumb Code     2  heapauxi.o(.text)
    __rt_heap_escrow$2region                 0x08000305   Thumb Code     2  heapauxi.o(.text)
    __rt_heap_expand$2region                 0x08000307   Thumb Code     2  heapauxi.o(.text)
    __aeabi_memcpy4                          0x08000309   Thumb Code     0  rt_memcpy_w.o(.text)
    __aeabi_memcpy8                          0x08000309   Thumb Code     0  rt_memcpy_w.o(.text)
    __rt_memcpy_w                            0x08000309   Thumb Code   100  rt_memcpy_w.o(.text)
    _memcpy_lastbytes_aligned                0x08000351   Thumb Code     0  rt_memcpy_w.o(.text)
    __aeabi_memclr                           0x0800036d   Thumb Code     0  rt_memclr.o(.text)
    __rt_memclr                              0x0800036d   Thumb Code    68  rt_memclr.o(.text)
    _memset                                  0x08000371   Thumb Code     0  rt_memclr.o(.text)
    __aeabi_memclr4                          0x080003b1   Thumb Code     0  rt_memclr_w.o(.text)
    __aeabi_memclr8                          0x080003b1   Thumb Code     0  rt_memclr_w.o(.text)
    __rt_memclr_w                            0x080003b1   Thumb Code    78  rt_memclr_w.o(.text)
    _memset_w                                0x080003b5   Thumb Code     0  rt_memclr_w.o(.text)
    __user_setup_stackheap                   0x080003ff   Thumb Code    74  sys_stackheap_outer.o(.text)
    exit                                     0x08000449   Thumb Code    18  exit.o(.text)
    __user_libspace                          0x0800045d   Thumb Code     8  libspace.o(.text)
    __user_perproc_libspace                  0x0800045d   Thumb Code     0  libspace.o(.text)
    _sys_exit                                0x08000465   Thumb Code     8  sys_exit.o(.text)
    __I$use$semihosting                      0x08000471   Thumb Code     0  use_no_semi.o(.text)
    __use_no_semihosting_swi                 0x08000471   Thumb Code     2  use_no_semi.o(.text)
    GPIO_Init                                0x08000473   Thumb Code   278  stm32f10x_gpio.o(i.GPIO_Init)
    __semihosting_library_function           0x08000473   Thumb Code     0  indicate_semi.o(.text)
    GPIO_SetBits                             0x08000589   Thumb Code     4  stm32f10x_gpio.o(i.GPIO_SetBits)
    GPIO_StructInit                          0x0800058d   Thumb Code    16  stm32f10x_gpio.o(i.GPIO_StructInit)
    RCC_APB2PeriphClockCmd                   0x0800059d   Thumb Code    26  stm32f10x_rcc.o(i.RCC_APB2PeriphClockCmd)
    SysTick_Handler                          0x080006a5   Thumb Code    22  cmsis_os2.o(i.SysTick_Handler)
    SystemInit                               0x080006bd   Thumb Code    78  system_stm32f10x.o(i.SystemInit)
    _mutex_acquire                           0x0800072f   Thumb Code    22  clib_arm.o(i._mutex_acquire)
    _mutex_free                              0x08000745   Thumb Code    46  clib_arm.o(i._mutex_free)
    _mutex_initialize                        0x08000779   Thumb Code    86  clib_arm.o(i._mutex_initialize)
    _mutex_release                           0x080007d9   Thumb Code    24  clib_arm.o(i._mutex_release)
    _platform_post_stackheap_init            0x080007f1   Thumb Code     2  clib_arm.o(i._platform_post_stackheap_init)
    createThreads                            0x080007f5   Thumb Code   216  main.o(i.createThreads)
    gpioA_thread                             0x08000909   Thumb Code    14  main.o(i.gpioA_thread)
    initGpioA                                0x0800091d   Thumb Code    44  main.o(i.initGpioA)
    main                                     0x0800094d   Thumb Code    20  main.o(i.main)
    osKernelInitialize                       0x08000961   Thumb Code    58  cmsis_os2.o(i.osKernelInitialize)
    osKernelStart                            0x080009a1   Thumb Code   102  cmsis_os2.o(i.osKernelStart)
    osThreadNew                              0x08000a15   Thumb Code   208  cmsis_os2.o(i.osThreadNew)
    pvPortMalloc                             0x0800144d   Thumb Code   198  heap_4.o(i.pvPortMalloc)
    pvTaskIncrementMutexHeldCount            0x0800152d   Thumb Code    26  tasks.o(i.pvTaskIncrementMutexHeldCount)
    pxPortInitialiseStack                    0x0800154d   Thumb Code    30  port.o(i.pxPortInitialiseStack)
    uxListRemove                             0x08001571   Thumb Code    40  list.o(i.uxListRemove)
    vApplicationGetIdleTaskMemory            0x08001599   Thumb Code    14  cmsis_os2.o(i.vApplicationGetIdleTaskMemory)
    vApplicationGetTimerTaskMemory           0x080015b1   Thumb Code    14  cmsis_os2.o(i.vApplicationGetTimerTaskMemory)
    vApplicationStackOverflowHook            0x080015c9   Thumb Code     2  cmsis_os2.o(i.vApplicationStackOverflowHook)
    vListInitialise                          0x080015cb   Thumb Code    26  list.o(i.vListInitialise)
    vListInitialiseItem                      0x080015e5   Thumb Code     6  list.o(i.vListInitialiseItem)
    vListInsert                              0x080015eb   Thumb Code    52  list.o(i.vListInsert)
    vListInsertEnd                           0x0800161f   Thumb Code    24  list.o(i.vListInsertEnd)
    vPortEnterCritical                       0x08001639   Thumb Code    30  port.o(i.vPortEnterCritical)
    vPortExitCritical                        0x0800165d   Thumb Code    28  port.o(i.vPortExitCritical)
    vPortFree                                0x0800167d   Thumb Code    74  heap_4.o(i.vPortFree)
    vPortSetupTimerInterrupt                 0x080016d5   Thumb Code    36  port.o(i.vPortSetupTimerInterrupt)
    vQueueDelete                             0x080016fd   Thumb Code    20  queue.o(i.vQueueDelete)
    vQueueWaitForMessageRestricted           0x08001711   Thumb Code    74  queue.o(i.vQueueWaitForMessageRestricted)
    vTaskInternalSetTimeOutState             0x0800175d   Thumb Code    14  tasks.o(i.vTaskInternalSetTimeOutState)
    vTaskMissedYield                         0x08001775   Thumb Code     8  tasks.o(i.vTaskMissedYield)
    vTaskPlaceOnEventList                    0x08001781   Thumb Code    28  tasks.o(i.vTaskPlaceOnEventList)
    vTaskPlaceOnEventListRestricted          0x080017a1   Thumb Code    36  tasks.o(i.vTaskPlaceOnEventListRestricted)
    vTaskPriorityDisinheritAfterTimeout      0x080017c9   Thumb Code   130  tasks.o(i.vTaskPriorityDisinheritAfterTimeout)
    vTaskStartScheduler                      0x08001855   Thumb Code   120  tasks.o(i.vTaskStartScheduler)
    vTaskSuspendAll                          0x080018e9   Thumb Code    12  tasks.o(i.vTaskSuspendAll)
    vTaskSwitchContext                       0x080018f9   Thumb Code   154  tasks.o(i.vTaskSwitchContext)
    xPortStartScheduler                      0x080019a9   Thumb Code    42  port.o(i.xPortStartScheduler)
    xPortSysTickHandler                      0x080019dd   Thumb Code    46  port.o(i.xPortSysTickHandler)
    xQueueCreateMutex                        0x08001a11   Thumb Code    34  queue.o(i.xQueueCreateMutex)
    xQueueCreateMutexStatic                  0x08001a33   Thumb Code    42  queue.o(i.xQueueCreateMutexStatic)
    xQueueGenericCreate                      0x08001a5d   Thumb Code    58  queue.o(i.xQueueGenericCreate)
    xQueueGenericCreateStatic                0x08001a97   Thumb Code    46  queue.o(i.xQueueGenericCreateStatic)
    xQueueGenericReset                       0x08001ac5   Thumb Code   122  queue.o(i.xQueueGenericReset)
    xQueueGenericSend                        0x08001b45   Thumb Code   276  queue.o(i.xQueueGenericSend)
    xQueueGenericSendFromISR                 0x08001c5d   Thumb Code   138  queue.o(i.xQueueGenericSendFromISR)
    xQueueReceive                            0x08001ce9   Thumb Code   256  queue.o(i.xQueueReceive)
    xQueueSemaphoreTake                      0x08001ded   Thumb Code   300  queue.o(i.xQueueSemaphoreTake)
    xTaskCheckForTimeOut                     0x08001f1d   Thumb Code    84  tasks.o(i.xTaskCheckForTimeOut)
    xTaskCreate                              0x08001f79   Thumb Code   100  tasks.o(i.xTaskCreate)
    xTaskCreateStatic                        0x08001fdd   Thumb Code    78  tasks.o(i.xTaskCreateStatic)
    xTaskGetSchedulerState                   0x0800202d   Thumb Code    24  tasks.o(i.xTaskGetSchedulerState)
    xTaskGetTickCount                        0x0800204d   Thumb Code     6  tasks.o(i.xTaskGetTickCount)
    xTaskIncrementTick                       0x08002059   Thumb Code   236  tasks.o(i.xTaskIncrementTick)
    xTaskPriorityDisinherit                  0x08002171   Thumb Code    86  tasks.o(i.xTaskPriorityDisinherit)
    xTaskPriorityInherit                     0x080021d1   Thumb Code   150  tasks.o(i.xTaskPriorityInherit)
    xTaskRemoveFromEventList                 0x08002275   Thumb Code   102  tasks.o(i.xTaskRemoveFromEventList)
    xTaskResumeAll                           0x080022f5   Thumb Code   194  tasks.o(i.xTaskResumeAll)
    xTimerCreateTimerTask                    0x080023dd   Thumb Code    76  timers.o(i.xTimerCreateTimerTask)
    xTimerGenericCommand                     0x0800243d   Thumb Code   104  timers.o(i.xTimerGenericCommand)
    Region$$Table$$Base                      0x080024a8   Number         0  anon$$obj.o(Region$$Table)
    Region$$Table$$Limit                     0x080024c8   Number         0  anon$$obj.o(Region$$Table)
    thread1_0                                0x20000000   Data           4  main.o(.data)
    thread1_1                                0x20000004   Data           4  main.o(.data)
    thread1_2                                0x20000008   Data           4  main.o(.data)
    thread1_3                                0x2000000c   Data           4  main.o(.data)
    thread2_0                                0x20000010   Data           4  main.o(.data)
    thread2_1                                0x20000014   Data           4  main.o(.data)
    thread2_2                                0x20000018   Data           4  main.o(.data)
    thread2_3                                0x2000001c   Data           4  main.o(.data)
    thread2_4                                0x20000020   Data           4  main.o(.data)
    thread3_0                                0x20000024   Data           4  main.o(.data)
    thread3_1                                0x20000028   Data           4  main.o(.data)
    thread3_2                                0x2000002c   Data           4  main.o(.data)
    thread4_0                                0x20000030   Data           4  main.o(.data)
    thread4_1                                0x20000034   Data           4  main.o(.data)
    SystemCoreClock                          0x20000040   Data           4  system_stm32f10x.o(.data)
    AHBPrescTable                            0x20000044   Data          16  system_stm32f10x.o(.data)
    pxCurrentTCB                             0x20000078   Data           4  tasks.o(.data)
    __libspace_start                         0x20002de0   Data          96  libspace.o(.bss)
    __temporary_stack_top$libspace           0x20002e40   Data           0  libspace.o(.bss)



==============================================================================

Memory Map of the image

  Image Entry point : 0x08000229

  Load Region LR_1 (Base: 0x08000000, Size: 0x00002590, Max: 0xffffffff, ABSOLUTE)

    Execution Region ER_RO (Exec base: 0x08000000, Load base: 0x08000000, Size: 0x000024c8, Max: 0xffffffff, ABSOLUTE)

    Exec Addr    Load Addr    Size         Type   Attr      Idx    E Section Name        Object

    0x08000000   0x08000000   0x000000ec   Data   RO         1304    RESET               startup_stm32f10x_md.o
    0x080000ec   0x080000ec   0x00000008   Code   RO         2522  * !!!main             c_w.l(__main.o)
    0x080000f4   0x080000f4   0x00000034   Code   RO         2685    !!!scatter          c_w.l(__scatter.o)
    0x08000128   0x08000128   0x0000001a   Code   RO         2687    !!handler_copy      c_w.l(__scatter_copy.o)
    0x08000142   0x08000142   0x00000002   PAD
    0x08000144   0x08000144   0x0000001c   Code   RO         2689    !!handler_zi        c_w.l(__scatter_zi.o)
    0x08000160   0x08000160   0x00000002   Code   RO         2553    .ARM.Collect$$libinit$$00000000  c_w.l(libinit.o)
    0x08000162   0x08000162   0x00000000   Code   RO         2560    .ARM.Collect$$libinit$$00000002  c_w.l(libinit2.o)
    0x08000162   0x08000162   0x00000000   Code   RO         2562    .ARM.Collect$$libinit$$00000004  c_w.l(libinit2.o)
    0x08000162   0x08000162   0x00000000   Code   RO         2565    .ARM.Collect$$libinit$$0000000A  c_w.l(libinit2.o)
    0x08000162   0x08000162   0x00000000   Code   RO         2567    .ARM.Collect$$libinit$$0000000C  c_w.l(libinit2.o)
    0x08000162   0x08000162   0x00000000   Code   RO         2569    .ARM.Collect$$libinit$$0000000E  c_w.l(libinit2.o)
    0x08000162   0x08000162   0x00000000   Code   RO         2572    .ARM.Collect$$libinit$$00000011  c_w.l(libinit2.o)
    0x08000162   0x08000162   0x00000000   Code   RO         2574    .ARM.Collect$$libinit$$00000013  c_w.l(libinit2.o)
    0x08000162   0x08000162   0x00000000   Code   RO         2576    .ARM.Collect$$libinit$$00000015  c_w.l(libinit2.o)
    0x08000162   0x08000162   0x00000000   Code   RO         2578    .ARM.Collect$$libinit$$00000017  c_w.l(libinit2.o)
    0x08000162   0x08000162   0x00000000   Code   RO         2580    .ARM.Collect$$libinit$$00000019  c_w.l(libinit2.o)
    0x08000162   0x08000162   0x00000000   Code   RO         2582    .ARM.Collect$$libinit$$0000001B  c_w.l(libinit2.o)
    0x08000162   0x08000162   0x00000000   Code   RO         2584    .ARM.Collect$$libinit$$0000001D  c_w.l(libinit2.o)
    0x08000162   0x08000162   0x00000000   Code   RO         2586    .ARM.Collect$$libinit$$0000001F  c_w.l(libinit2.o)
    0x08000162   0x08000162   0x00000000   Code   RO         2588    .ARM.Collect$$libinit$$00000021  c_w.l(libinit2.o)
    0x08000162   0x08000162   0x00000000   Code   RO         2590    .ARM.Collect$$libinit$$00000023  c_w.l(libinit2.o)
    0x08000162   0x08000162   0x00000000   Code   RO         2592    .ARM.Collect$$libinit$$00000025  c_w.l(libinit2.o)
    0x08000162   0x08000162   0x00000000   Code   RO         2596    .ARM.Collect$$libinit$$0000002C  c_w.l(libinit2.o)
    0x08000162   0x08000162   0x00000000   Code   RO         2598    .ARM.Collect$$libinit$$0000002E  c_w.l(libinit2.o)
    0x08000162   0x08000162   0x00000000   Code   RO         2600    .ARM.Collect$$libinit$$00000030  c_w.l(libinit2.o)
    0x08000162   0x08000162   0x00000000   Code   RO         2602    .ARM.Collect$$libinit$$00000032  c_w.l(libinit2.o)
    0x08000162   0x08000162   0x00000002   Code   RO         2603    .ARM.Collect$$libinit$$00000033  c_w.l(libinit2.o)
    0x08000164   0x08000164   0x00000002   Code   RO         2623    .ARM.Collect$$libshutdown$$00000000  c_w.l(libshutdown.o)
    0x08000166   0x08000166   0x00000000   Code   RO         2636    .ARM.Collect$$libshutdown$$00000002  c_w.l(libshutdown2.o)
    0x08000166   0x08000166   0x00000000   Code   RO         2638    .ARM.Collect$$libshutdown$$00000004  c_w.l(libshutdown2.o)
    0x08000166   0x08000166   0x00000000   Code   RO         2640    .ARM.Collect$$libshutdown$$00000006  c_w.l(libshutdown2.o)
    0x08000166   0x08000166   0x00000000   Code   RO         2643    .ARM.Collect$$libshutdown$$00000009  c_w.l(libshutdown2.o)
    0x08000166   0x08000166   0x00000000   Code   RO         2646    .ARM.Collect$$libshutdown$$0000000C  c_w.l(libshutdown2.o)
    0x08000166   0x08000166   0x00000000   Code   RO         2648    .ARM.Collect$$libshutdown$$0000000E  c_w.l(libshutdown2.o)
    0x08000166   0x08000166   0x00000000   Code   RO         2651    .ARM.Collect$$libshutdown$$00000011  c_w.l(libshutdown2.o)
    0x08000166   0x08000166   0x00000002   Code   RO         2652    .ARM.Collect$$libshutdown$$00000012  c_w.l(libshutdown2.o)
    0x08000168   0x08000168   0x00000000   Code   RO         2524    .ARM.Collect$$rtentry$$00000000  c_w.l(__rtentry.o)
    0x08000168   0x08000168   0x00000000   Code   RO         2530    .ARM.Collect$$rtentry$$00000002  c_w.l(__rtentry2.o)
    0x08000168   0x08000168   0x00000006   Code   RO         2542    .ARM.Collect$$rtentry$$00000004  c_w.l(__rtentry4.o)
    0x0800016e   0x0800016e   0x00000008   Code   RO         2531    .ARM.Collect$$rtentry$$00000008  c_w.l(__rtentry2.o)
    0x08000176   0x08000176   0x00000004   Code   RO         2533    .ARM.Collect$$rtentry$$0000000A  c_w.l(__rtentry2.o)
    0x0800017a   0x0800017a   0x00000000   Code   RO         2535    .ARM.Collect$$rtentry$$0000000C  c_w.l(__rtentry2.o)
    0x0800017a   0x0800017a   0x00000008   Code   RO         2536    .ARM.Collect$$rtentry$$0000000D  c_w.l(__rtentry2.o)
    0x08000182   0x08000182   0x00000002   Code   RO         2557    .ARM.Collect$$rtexit$$00000000  c_w.l(rtexit.o)
    0x08000184   0x08000184   0x00000000   Code   RO         2605    .ARM.Collect$$rtexit$$00000002  c_w.l(rtexit2.o)
    0x08000184   0x08000184   0x00000004   Code   RO         2606    .ARM.Collect$$rtexit$$00000003  c_w.l(rtexit2.o)
    0x08000188   0x08000188   0x00000006   Code   RO         2607    .ARM.Collect$$rtexit$$00000004  c_w.l(rtexit2.o)
    0x0800018e   0x0800018e   0x00000002   PAD
    0x08000190   0x08000190   0x00000096   Code   RO         1625    .emb_text           port.o
    0x08000226   0x08000226   0x00000002   PAD
    0x08000228   0x08000228   0x00000040   Code   RO         1305  * .text               startup_stm32f10x_md.o
    0x08000268   0x08000268   0x0000008a   Code   RO         2516    .text               c_w.l(rt_memcpy_v6.o)
    0x080002f2   0x080002f2   0x00000010   Code   RO         2518    .text               c_w.l(aeabi_memset.o)
    0x08000302   0x08000302   0x00000006   Code   RO         2520    .text               c_w.l(heapauxi.o)
    0x08000308   0x08000308   0x00000064   Code   RO         2525    .text               c_w.l(rt_memcpy_w.o)
    0x0800036c   0x0800036c   0x00000044   Code   RO         2527    .text               c_w.l(rt_memclr.o)
    0x080003b0   0x080003b0   0x0000004e   Code   RO         2544    .text               c_w.l(rt_memclr_w.o)
    0x080003fe   0x080003fe   0x0000004a   Code   RO         2546    .text               c_w.l(sys_stackheap_outer.o)
    0x08000448   0x08000448   0x00000012   Code   RO         2548    .text               c_w.l(exit.o)
    0x0800045a   0x0800045a   0x00000002   PAD
    0x0800045c   0x0800045c   0x00000008   Code   RO         2554    .text               c_w.l(libspace.o)
    0x08000464   0x08000464   0x0000000c   Code   RO         2615    .text               c_w.l(sys_exit.o)
    0x08000470   0x08000470   0x00000002   Code   RO         2626    .text               c_w.l(use_no_semi.o)
    0x08000472   0x08000472   0x00000000   Code   RO         2628    .text               c_w.l(indicate_semi.o)
    0x08000472   0x08000472   0x00000116   Code   RO          973    i.GPIO_Init         stm32f10x_gpio.o
    0x08000588   0x08000588   0x00000004   Code   RO          981    i.GPIO_SetBits      stm32f10x_gpio.o
    0x0800058c   0x0800058c   0x00000010   Code   RO          982    i.GPIO_StructInit   stm32f10x_gpio.o
    0x0800059c   0x0800059c   0x00000020   Code   RO         1097    i.RCC_APB2PeriphClockCmd  stm32f10x_rcc.o
    0x080005bc   0x080005bc   0x00000008   Code   RO         1312    i.SetSysClock       system_stm32f10x.o
    0x080005c4   0x080005c4   0x000000e0   Code   RO         1313    i.SetSysClockTo72   system_stm32f10x.o
    0x080006a4   0x080006a4   0x00000016   Code   RO          308    i.SysTick_Handler   cmsis_os2.o
    0x080006ba   0x080006ba   0x00000002   PAD
    0x080006bc   0x080006bc   0x00000060   Code   RO         1315    i.SystemInit        system_stm32f10x.o
    0x0800071c   0x0800071c   0x00000006   Code   RO          310    i.__get_BASEPRI     cmsis_os2.o
    0x08000722   0x08000722   0x00000006   Code   RO          311    i.__get_IPSR        cmsis_os2.o
    0x08000728   0x08000728   0x00000006   Code   RO          312    i.__get_PRIMASK     cmsis_os2.o
    0x0800072e   0x0800072e   0x00000016   Code   RO          100    i._mutex_acquire    clib_arm.o
    0x08000744   0x08000744   0x00000034   Code   RO          101    i._mutex_free       clib_arm.o
    0x08000778   0x08000778   0x00000060   Code   RO          102    i._mutex_initialize  clib_arm.o
    0x080007d8   0x080007d8   0x00000018   Code   RO          103    i._mutex_release    clib_arm.o
    0x080007f0   0x080007f0   0x00000002   Code   RO          104    i._platform_post_stackheap_init  clib_arm.o
    0x080007f2   0x080007f2   0x00000002   PAD
    0x080007f4   0x080007f4   0x00000114   Code   RO            4    i.createThreads     main.o
    0x08000908   0x08000908   0x00000014   Code   RO            5    i.gpioA_thread      main.o
    0x0800091c   0x0800091c   0x00000030   Code   RO            6    i.initGpioA         main.o
    0x0800094c   0x0800094c   0x00000014   Code   RO            7    i.main              main.o
    0x08000960   0x08000960   0x00000040   Code   RO          327    i.osKernelInitialize  cmsis_os2.o
    0x080009a0   0x080009a0   0x00000074   Code   RO          330    i.osKernelStart     cmsis_os2.o
    0x08000a14   0x08000a14   0x000000d4   Code   RO          372    i.osThreadNew       cmsis_os2.o
    0x08000ae8   0x08000ae8   0x00000024   Code   RO          105    i.os_kernel_is_active  clib_arm.o
    0x08000b0c   0x08000b0c   0x0000007c   Code   RO         1945    i.prvAddCurrentTaskToDelayedList  tasks.o
    0x08000b88   0x08000b88   0x000000b8   Code   RO         1946    i.prvAddNewTaskToReadyList  tasks.o
    0x08000c40   0x08000c40   0x0000005c   Code   RO         2342    i.prvCheckForValidListAndQueue  timers.o
    0x08000c9c   0x08000c9c   0x00000048   Code   RO         1947    i.prvCheckTasksWaitingTermination  tasks.o
    0x08000ce4   0x08000ce4   0x0000002a   Code   RO         1708    i.prvCopyDataFromQueue  queue.o
    0x08000d0e   0x08000d0e   0x0000007e   Code   RO         1709    i.prvCopyDataToQueue  queue.o
    0x08000d8c   0x08000d8c   0x00000028   Code   RO         1948    i.prvDeleteTCB      tasks.o
    0x08000db4   0x08000db4   0x00000014   Code   RO         1710    i.prvGetDisinheritPriorityAfterTimeout  queue.o
    0x08000dc8   0x08000dc8   0x00000028   Code   RO         2343    i.prvGetNextExpireTime  timers.o
    0x08000df0   0x08000df0   0x0000007c   Code   RO         1558    i.prvHeapInit       heap_4.o
    0x08000e6c   0x08000e6c   0x00000028   Code   RO         1949    i.prvIdleTask       tasks.o
    0x08000e94   0x08000e94   0x0000001e   Code   RO         1711    i.prvInitialiseMutex  queue.o
    0x08000eb2   0x08000eb2   0x0000002a   Code   RO         1712    i.prvInitialiseNewQueue  queue.o
    0x08000edc   0x08000edc   0x0000009a   Code   RO         1950    i.prvInitialiseNewTask  tasks.o
    0x08000f76   0x08000f76   0x00000002   PAD
    0x08000f78   0x08000f78   0x00000068   Code   RO         1951    i.prvInitialiseTaskLists  tasks.o
    0x08000fe0   0x08000fe0   0x00000068   Code   RO         1559    i.prvInsertBlockIntoFreeList  heap_4.o
    0x08001048   0x08001048   0x00000058   Code   RO         2345    i.prvInsertTimerInActiveList  timers.o
    0x080010a0   0x080010a0   0x0000001a   Code   RO         1713    i.prvIsQueueEmpty   queue.o
    0x080010ba   0x080010ba   0x0000001e   Code   RO         1714    i.prvIsQueueFull    queue.o
    0x080010d8   0x080010d8   0x0000005c   Code   RO         2346    i.prvProcessExpiredTimer  timers.o
    0x08001134   0x08001134   0x0000010c   Code   RO         2347    i.prvProcessReceivedCommands  timers.o
    0x08001240   0x08001240   0x00000074   Code   RO         2348    i.prvProcessTimerOrBlockTask  timers.o
    0x080012b4   0x080012b4   0x00000034   Code   RO         1953    i.prvResetNextTaskUnblockTime  tasks.o
    0x080012e8   0x080012e8   0x0000002c   Code   RO         2349    i.prvSampleTimeNow  timers.o
    0x08001314   0x08001314   0x00000088   Code   RO         2350    i.prvSwitchTimerLists  timers.o
    0x0800139c   0x0800139c   0x00000016   Code   RO         1626    i.prvTaskExitError  port.o
    0x080013b2   0x080013b2   0x0000001a   Code   RO         2351    i.prvTimerTask      timers.o
    0x080013cc   0x080013cc   0x0000007e   Code   RO         1715    i.prvUnlockQueue    queue.o
    0x0800144a   0x0800144a   0x00000002   PAD
    0x0800144c   0x0800144c   0x000000e0   Code   RO         1560    i.pvPortMalloc      heap_4.o
    0x0800152c   0x0800152c   0x00000020   Code   RO         1956    i.pvTaskIncrementMutexHeldCount  tasks.o
    0x0800154c   0x0800154c   0x00000024   Code   RO         1627    i.pxPortInitialiseStack  port.o
    0x08001570   0x08001570   0x00000028   Code   RO         1507    i.uxListRemove      list.o
    0x08001598   0x08001598   0x00000018   Code   RO          384    i.vApplicationGetIdleTaskMemory  cmsis_os2.o
    0x080015b0   0x080015b0   0x00000018   Code   RO          385    i.vApplicationGetTimerTaskMemory  cmsis_os2.o
    0x080015c8   0x080015c8   0x00000002   Code   RO          386    i.vApplicationStackOverflowHook  cmsis_os2.o
    0x080015ca   0x080015ca   0x0000001a   Code   RO         1508    i.vListInitialise   list.o
    0x080015e4   0x080015e4   0x00000006   Code   RO         1509    i.vListInitialiseItem  list.o
    0x080015ea   0x080015ea   0x00000034   Code   RO         1510    i.vListInsert       list.o
    0x0800161e   0x0800161e   0x00000018   Code   RO         1511    i.vListInsertEnd    list.o
    0x08001636   0x08001636   0x00000002   PAD
    0x08001638   0x08001638   0x00000024   Code   RO         1629    i.vPortEnterCritical  port.o
    0x0800165c   0x0800165c   0x00000020   Code   RO         1630    i.vPortExitCritical  port.o
    0x0800167c   0x0800167c   0x00000058   Code   RO         1561    i.vPortFree         heap_4.o
    0x080016d4   0x080016d4   0x00000028   Code   RO         1631    i.vPortSetupTimerInterrupt  port.o
    0x080016fc   0x080016fc   0x00000014   Code   RO         1721    i.vQueueDelete      queue.o
    0x08001710   0x08001710   0x0000004a   Code   RO         1723    i.vQueueWaitForMessageRestricted  queue.o
    0x0800175a   0x0800175a   0x00000002   PAD
    0x0800175c   0x0800175c   0x00000018   Code   RO         1971    i.vTaskInternalSetTimeOutState  tasks.o
    0x08001774   0x08001774   0x0000000c   Code   RO         1972    i.vTaskMissedYield  tasks.o
    0x08001780   0x08001780   0x00000020   Code   RO         1974    i.vTaskPlaceOnEventList  tasks.o
    0x080017a0   0x080017a0   0x00000028   Code   RO         1975    i.vTaskPlaceOnEventListRestricted  tasks.o
    0x080017c8   0x080017c8   0x0000008c   Code   RO         1977    i.vTaskPriorityDisinheritAfterTimeout  tasks.o
    0x08001854   0x08001854   0x00000094   Code   RO         1983    i.vTaskStartScheduler  tasks.o
    0x080018e8   0x080018e8   0x00000010   Code   RO         1985    i.vTaskSuspendAll   tasks.o
    0x080018f8   0x080018f8   0x000000b0   Code   RO         1986    i.vTaskSwitchContext  tasks.o
    0x080019a8   0x080019a8   0x00000034   Code   RO         1632    i.xPortStartScheduler  port.o
    0x080019dc   0x080019dc   0x00000034   Code   RO         1633    i.xPortSysTickHandler  port.o
    0x08001a10   0x08001a10   0x00000022   Code   RO         1726    i.xQueueCreateMutex  queue.o
    0x08001a32   0x08001a32   0x0000002a   Code   RO         1727    i.xQueueCreateMutexStatic  queue.o
    0x08001a5c   0x08001a5c   0x0000003a   Code   RO         1728    i.xQueueGenericCreate  queue.o
    0x08001a96   0x08001a96   0x0000002e   Code   RO         1729    i.xQueueGenericCreateStatic  queue.o
    0x08001ac4   0x08001ac4   0x00000080   Code   RO         1730    i.xQueueGenericReset  queue.o
    0x08001b44   0x08001b44   0x00000118   Code   RO         1731    i.xQueueGenericSend  queue.o
    0x08001c5c   0x08001c5c   0x0000008a   Code   RO         1732    i.xQueueGenericSendFromISR  queue.o
    0x08001ce6   0x08001ce6   0x00000002   PAD
    0x08001ce8   0x08001ce8   0x00000104   Code   RO         1741    i.xQueueReceive     queue.o
    0x08001dec   0x08001dec   0x00000130   Code   RO         1743    i.xQueueSemaphoreTake  queue.o
    0x08001f1c   0x08001f1c   0x0000005c   Code   RO         1988    i.xTaskCheckForTimeOut  tasks.o
    0x08001f78   0x08001f78   0x00000064   Code   RO         1989    i.xTaskCreate       tasks.o
    0x08001fdc   0x08001fdc   0x0000004e   Code   RO         1990    i.xTaskCreateStatic  tasks.o
    0x0800202a   0x0800202a   0x00000002   PAD
    0x0800202c   0x0800202c   0x00000020   Code   RO         1994    i.xTaskGetSchedulerState  tasks.o
    0x0800204c   0x0800204c   0x0000000c   Code   RO         1995    i.xTaskGetTickCount  tasks.o
    0x08002058   0x08002058   0x00000118   Code   RO         1997    i.xTaskIncrementTick  tasks.o
    0x08002170   0x08002170   0x00000060   Code   RO         2000    i.xTaskPriorityDisinherit  tasks.o
    0x080021d0   0x080021d0   0x000000a4   Code   RO         2001    i.xTaskPriorityInherit  tasks.o
    0x08002274   0x08002274   0x00000080   Code   RO         2002    i.xTaskRemoveFromEventList  tasks.o
    0x080022f4   0x080022f4   0x000000e8   Code   RO         2003    i.xTaskResumeAll    tasks.o
    0x080023dc   0x080023dc   0x00000060   Code   RO         2360    i.xTimerCreateTimerTask  timers.o
    0x0800243c   0x0800243c   0x0000006c   Code   RO         2361    i.xTimerGenericCommand  timers.o
    0x080024a8   0x080024a8   0x00000020   Data   RO         2683    Region$$Table       anon$$obj.o


    Execution Region ER_RW (Exec base: 0x20000000, Load base: 0x080024c8, Size: 0x000000c8, Max: 0xffffffff, ABSOLUTE)

    Exec Addr    Load Addr    Size         Type   Attr      Idx    E Section Name        Object

    0x20000000   0x080024c8   0x00000038   Data   RW            8    .data               main.o
    0x20000038   0x08002500   0x00000001   Data   RW          107    .data               clib_arm.o
    0x20000039   0x08002501   0x00000003   PAD
    0x2000003c   0x08002504   0x00000004   Data   RW          388    .data               cmsis_os2.o
    0x20000040   0x08002508   0x00000014   Data   RW         1316    .data               system_stm32f10x.o
    0x20000054   0x0800251c   0x00000020   Data   RW         1567    .data               heap_4.o
    0x20000074   0x0800253c   0x00000004   Data   RW         1634    .data               port.o
    0x20000078   0x08002540   0x0000003c   Data   RW         2006    .data               tasks.o
    0x200000b4   0x0800257c   0x00000014   Data   RW         2369    .data               timers.o


    Execution Region ER_ZI (Exec base: 0x200000c8, Load base: 0x08002590, Size: 0x00003378, Max: 0xffffffff, ABSOLUTE)

    Exec Addr    Load Addr    Size         Type   Attr      Idx    E Section Name        Object

    0x200000c8        -       0x00000394   Zero   RW          106    .bss                clib_arm.o
    0x2000045c        -       0x000003f8   Zero   RW          387    .bss                cmsis_os2.o
    0x20000854        -       0x00002000   Zero   RW         1566    .bss                heap_4.o
    0x20002854        -       0x000004c4   Zero   RW         2005    .bss                tasks.o
    0x20002d18        -       0x000000c8   Zero   RW         2368    .bss                timers.o
    0x20002de0        -       0x00000060   Zero   RW         2555    .bss                c_w.l(libspace.o)
    0x20002e40        -       0x00000200   Zero   RW         1303    HEAP                startup_stm32f10x_md.o
    0x20003040        -       0x00000400   Zero   RW         1302    STACK               startup_stm32f10x_md.o


==============================================================================

Image component sizes


      Code (inc. data)   RO Data    RW Data    ZI Data      Debug   Object Name

       232         20          0          1        916      29400   clib_arm.o
         0          0          0          0          0        440   cmsis_os1.o
       482         44          0          4       1016      55485   cmsis_os2.o
         0          0          0          0          0      11624   event_groups.o
       540         74          0         32       8192       4247   heap_4.o
       148          0          0          0          0      12534   list.o
       364         70          0         56          0     221904   main.o
       420         48          0          4          0       9300   port.o
      1826         18          0          0          0      19682   queue.o
        64         26        236          0       1536        808   startup_stm32f10x_md.o
       298          0          0          0          0       3373   stm32f10x_gpio.o
        32          6          0          0          0        641   stm32f10x_rcc.o
       328         28          0         20          0       2241   system_stm32f10x.o
      2604        364          0         60       1220      39942   tasks.o
      1106        114          0         20        200      12127   timers.o

    ----------------------------------------------------------------------
      8462        812        268        200      13080     423748   Object Totals
         0          0         32          0          0          0   (incl. Generated)
        18          0          0          3          0          0   (incl. Padding)

    ----------------------------------------------------------------------

      Code (inc. data)   RO Data    RW Data    ZI Data      Debug   Library Member Name

         8          0          0          0          0         68   __main.o
         0          0          0          0          0          0   __rtentry.o
        20          0          0          0          0          0   __rtentry2.o
         6          0          0          0          0          0   __rtentry4.o
        52          8          0          0          0          0   __scatter.o
        26          0          0          0          0          0   __scatter_copy.o
        28          0          0          0          0          0   __scatter_zi.o
        16          0          0          0          0         68   aeabi_memset.o
        18          0          0          0          0         80   exit.o
         6          0          0          0          0        152   heapauxi.o
         0          0          0          0          0          0   indicate_semi.o
         2          0          0          0          0          0   libinit.o
         2          0          0          0          0          0   libinit2.o
         2          0          0          0          0          0   libshutdown.o
         2          0          0          0          0          0   libshutdown2.o
         8          4          0          0         96         68   libspace.o
        68          0          0          0          0         68   rt_memclr.o
        78          0          0          0          0         80   rt_memclr_w.o
       138          0          0          0          0         68   rt_memcpy_v6.o
       100          0          0          0          0         80   rt_memcpy_w.o
         2          0          0          0          0          0   rtexit.o
        10          0          0          0          0          0   rtexit2.o
        12          4          0          0          0         68   sys_exit.o
        74          0          0          0          0         80   sys_stackheap_outer.o
         2          0          0          0          0         68   use_no_semi.o

    ----------------------------------------------------------------------
       686         16          0          0         96        948   Library Totals
         6          0          0          0          0          0   (incl. Padding)

    ----------------------------------------------------------------------

      Code (inc. data)   RO Data    RW Data    ZI Data      Debug   Library Name

       680         16          0          0         96        948   c_w.l

    ----------------------------------------------------------------------
       686         16          0          0         96        948   Library Totals

    ----------------------------------------------------------------------

==============================================================================


      Code (inc. data)   RO Data    RW Data    ZI Data      Debug   

      9148        828        268        200      13176     419180   Grand Totals
      9148        828        268        200      13176     419180   ELF Image Totals
      9148        828        268        200          0          0   ROM Totals

==============================================================================

    Total RO  Size (Code + RO Data)                 9416 (   9.20kB)
    Total RW  Size (RW Data + ZI Data)             13376 (  13.06kB)
    Total ROM Size (Code + RO Data + RW Data)       9616 (   9.39kB)

==============================================================================

