Component: ARM Compiler 5.06 update 7 (build 960) Tool: armlink [4d3601]

==============================================================================

Section Cross References

    usb_sil.o(i.USB_SIL_Init) refers to usb_init.o(.data) for wInterrupt_Mask
    usb_sil.o(i.USB_SIL_Read) refers to usb_regs.o(i.GetEPRxCount) for GetEPRxCount
    usb_sil.o(i.USB_SIL_Read) refers to usb_regs.o(i.GetEPRxAddr) for GetEPRxAddr
    usb_sil.o(i.USB_SIL_Read) refers to usb_mem.o(i.PMAToUserBufferCopy) for PMAToUserBufferCopy
    usb_sil.o(i.USB_SIL_Write) refers to usb_regs.o(i.GetEPTxAddr) for GetEPTxAddr
    usb_sil.o(i.USB_SIL_Write) refers to usb_mem.o(i.UserToPMABufferCopy) for UserToPMABufferCopy
    usb_sil.o(i.USB_SIL_Write) refers to usb_regs.o(i.SetEPTxCount) for SetEPTxCount
    usb_regs.o(i.SetDouBleBuffEPStall) refers to usb_regs.o(i.GetENDPOINT) for GetENDPOINT
    usb_int.o(i.CTR_HP) refers to usb_init.o(.data) for EPindex
    usb_int.o(i.CTR_HP) refers to usb_istr.o(.data) for wIstr
    usb_int.o(i.CTR_HP) refers to usb_istr.o(.data) for pEpInt_OUT
    usb_int.o(i.CTR_HP) refers to usb_istr.o(.data) for pEpInt_IN
    usb_int.o(i.CTR_LP) refers to usb_core.o(i.In0_Process) for In0_Process
    usb_int.o(i.CTR_LP) refers to usb_core.o(i.Setup0_Process) for Setup0_Process
    usb_int.o(i.CTR_LP) refers to usb_core.o(i.Out0_Process) for Out0_Process
    usb_int.o(i.CTR_LP) refers to usb_int.o(.data) for .data
    usb_int.o(i.CTR_LP) refers to usb_istr.o(.data) for wIstr
    usb_int.o(i.CTR_LP) refers to usb_init.o(.data) for EPindex
    usb_int.o(i.CTR_LP) refers to usb_istr.o(.data) for pEpInt_OUT
    usb_int.o(i.CTR_LP) refers to usb_istr.o(.data) for pEpInt_IN
    usb_core.o(i.DataStageIn) refers to usb_regs.o(i.GetEPTxAddr) for GetEPTxAddr
    usb_core.o(i.DataStageIn) refers to usb_mem.o(i.UserToPMABufferCopy) for UserToPMABufferCopy
    usb_core.o(i.DataStageIn) refers to usb_regs.o(i.SetEPTxCount) for SetEPTxCount
    usb_core.o(i.DataStageIn) refers to usb_init.o(.data) for pInformation
    usb_core.o(i.DataStageIn) refers to usb_int.o(.data) for SaveTState
    usb_core.o(i.DataStageIn) refers to usb_core.o(.data) for .data
    usb_core.o(i.DataStageOut) refers to usb_regs.o(i.GetEPRxAddr) for GetEPRxAddr
    usb_core.o(i.DataStageOut) refers to usb_mem.o(i.PMAToUserBufferCopy) for PMAToUserBufferCopy
    usb_core.o(i.DataStageOut) refers to usb_regs.o(i.SetEPTxCount) for SetEPTxCount
    usb_core.o(i.DataStageOut) refers to usb_init.o(.data) for pInformation
    usb_core.o(i.DataStageOut) refers to usb_int.o(.data) for SaveRState
    usb_core.o(i.Data_Setup0) refers to usb_core.o(i.DataStageIn) for DataStageIn
    usb_core.o(i.Data_Setup0) refers to usb_init.o(.data) for pInformation
    usb_core.o(i.Data_Setup0) refers to usb_core.o(i.Standard_GetStatus) for Standard_GetStatus
    usb_core.o(i.Data_Setup0) refers to usb_prop.o(.data) for Device_Table
    usb_core.o(i.Data_Setup0) refers to usb_core.o(i.Standard_GetConfiguration) for Standard_GetConfiguration
    usb_core.o(i.Data_Setup0) refers to usb_core.o(i.Standard_GetInterface) for Standard_GetInterface
    usb_core.o(i.Data_Setup0) refers to usb_core.o(.data) for .data
    usb_core.o(i.Data_Setup0) refers to usb_int.o(.data) for SaveRState
    usb_core.o(i.In0_Process) refers to usb_core.o(i.DataStageIn) for DataStageIn
    usb_core.o(i.In0_Process) refers to usb_core.o(i.SetDeviceAddress) for SetDeviceAddress
    usb_core.o(i.In0_Process) refers to usb_core.o(i.Post0_Process) for Post0_Process
    usb_core.o(i.In0_Process) refers to usb_init.o(.data) for pInformation
    usb_core.o(i.NoData_Setup0) refers to usb_core.o(i.Standard_SetConfiguration) for Standard_SetConfiguration
    usb_core.o(i.NoData_Setup0) refers to usb_core.o(i.Standard_SetDeviceFeature) for Standard_SetDeviceFeature
    usb_core.o(i.NoData_Setup0) refers to usb_core.o(i.Standard_SetInterface) for Standard_SetInterface
    usb_core.o(i.NoData_Setup0) refers to usb_core.o(i.Standard_ClearFeature) for Standard_ClearFeature
    usb_core.o(i.NoData_Setup0) refers to usb_core.o(i.Standard_SetEndPointFeature) for Standard_SetEndPointFeature
    usb_core.o(i.NoData_Setup0) refers to usb_init.o(.data) for pInformation
    usb_core.o(i.NoData_Setup0) refers to usb_core.o(.data) for .data
    usb_core.o(i.NoData_Setup0) refers to usb_int.o(.data) for SaveTState
    usb_core.o(i.Out0_Process) refers to usb_core.o(i.DataStageOut) for DataStageOut
    usb_core.o(i.Out0_Process) refers to usb_core.o(i.Post0_Process) for Post0_Process
    usb_core.o(i.Out0_Process) refers to usb_init.o(.data) for pInformation
    usb_core.o(i.Post0_Process) refers to usb_regs.o(i.SetEPRxCount) for SetEPRxCount
    usb_core.o(i.Post0_Process) refers to usb_prop.o(.data) for Device_Property
    usb_core.o(i.Post0_Process) refers to usb_init.o(.data) for pInformation
    usb_core.o(i.Post0_Process) refers to usb_int.o(.data) for SaveRState
[...]
    Removing stm32f10x_gpio.o(i.GPIO_ReadInputData), (6 bytes).
    Removing stm32f10x_gpio.o(i.GPIO_ReadInputDataBit), (14 bytes).
    Removing stm32f10x_gpio.o(i.GPIO_ReadOutputData), (6 bytes).
    Removing stm32f10x_gpio.o(i.GPIO_ReadOutputDataBit), (14 bytes).
    Removing stm32f10x_gpio.o(i.GPIO_StructInit), (16 bytes).
    Removing stm32f10x_gpio.o(i.GPIO_Write), (4 bytes).
    Removing stm32f10x_gpio.o(i.GPIO_WriteBit), (10 bytes).
    Removing stm32f10x_i2c.o(.rev16_text), (4 bytes).
    Removing stm32f10x_i2c.o(.revsh_text), (4 bytes).
    Removing stm32f10x_i2c.o(.rrx_text), (6 bytes).
    Removing stm32f10x_i2c.o(i.I2C_ARPCmd), (20 bytes).
    Removing stm32f10x_i2c.o(i.I2C_AcknowledgeConfig), (20 bytes).
    Removing stm32f10x_i2c.o(i.I2C_CalculatePEC), (20 bytes).
    Removing stm32f10x_i2c.o(i.I2C_CheckEvent), (24 bytes).
    Removing stm32f10x_i2c.o(i.I2C_ClearFlag), (6 bytes).
    Removing stm32f10x_i2c.o(i.I2C_ClearITPendingBit), (6 bytes).
    Removing stm32f10x_i2c.o(i.I2C_Cmd), (20 bytes).
    Removing stm32f10x_i2c.o(i.I2C_DMACmd), (20 bytes).
    Removing stm32f10x_i2c.o(i.I2C_DMALastTransferCmd), (20 bytes).
    Removing stm32f10x_i2c.o(i.I2C_DeInit), (44 bytes).
    Removing stm32f10x_i2c.o(i.I2C_DualAddressCmd), (20 bytes).
    Removing stm32f10x_i2c.o(i.I2C_FastModeDutyCycleConfig), (22 bytes).
    Removing stm32f10x_i2c.o(i.I2C_GeneralCallCmd), (20 bytes).
    Removing stm32f10x_i2c.o(i.I2C_GenerateSTART), (20 bytes).
    Removing stm32f10x_i2c.o(i.I2C_GenerateSTOP), (20 bytes).
    Removing stm32f10x_i2c.o(i.I2C_GetFlagStatus), (42 bytes).
    Removing stm32f10x_i2c.o(i.I2C_GetITStatus), (36 bytes).
    Removing stm32f10x_i2c.o(i.I2C_GetLastEvent), (14 bytes).
    Removing stm32f10x_i2c.o(i.I2C_GetPEC), (6 bytes).
    Removing stm32f10x_i2c.o(i.I2C_ITConfig), (16 bytes).
    Removing stm32f10x_i2c.o(i.I2C_Init), (188 bytes).
    Removing stm32f10x_i2c.o(i.I2C_NACKPositionConfig), (22 bytes).
    Removing stm32f10x_i2c.o(i.I2C_OwnAddress2Config), (16 bytes).
    Removing stm32f10x_i2c.o(i.I2C_PECPositionConfig), (22 bytes).
    Removing stm32f10x_i2c.o(i.I2C_ReadRegister), (10 bytes).
    Removing stm32f10x_i2c.o(i.I2C_ReceiveData), (6 bytes).
    Removing stm32f10x_i2c.o(i.I2C_SMBusAlertConfig), (22 bytes).
    Removing stm32f10x_i2c.o(i.I2C_Send7bitAddress), (16 bytes).
    Removing stm32f10x_i2c.o(i.I2C_SendData), (4 bytes).
    Removing stm32f10x_i2c.o(i.I2C_SoftwareResetCmd), (20 bytes).
    Removing stm32f10x_i2c.o(i.I2C_StretchClockCmd), (20 bytes).
    Removing stm32f10x_i2c.o(i.I2C_StructInit), (28 bytes).
    Removing stm32f10x_i2c.o(i.I2C_TransmitPEC), (20 bytes).
    Removing stm32f10x_rcc.o(.rev16_text), (4 bytes).
    Removing stm32f10x_rcc.o(.revsh_text), (4 bytes).
    Removing stm32f10x_rcc.o(.rrx_text), (6 bytes).
    Removing stm32f10x_rcc.o(i.RCC_ADCCLKConfig), (20 bytes).
    Removing stm32f10x_rcc.o(i.RCC_AHBPeriphClockCmd), (24 bytes).
    Removing stm32f10x_rcc.o(i.RCC_APB1PeriphResetCmd), (24 bytes).
    Removing stm32f10x_rcc.o(i.RCC_APB2PeriphResetCmd), (24 bytes).
    Removing stm32f10x_rcc.o(i.RCC_AdjustHSICalibrationValue), (20 bytes).
    Removing stm32f10x_rcc.o(i.RCC_BackupResetCmd), (12 bytes).
    Removing stm32f10x_rcc.o(i.RCC_ClearFlag), (16 bytes).
    Removing stm32f10x_rcc.o(i.RCC_ClearITPendingBit), (12 bytes).
    Removing stm32f10x_rcc.o(i.RCC_ClockSecuritySystemCmd), (12 bytes).
    Removing stm32f10x_rcc.o(i.RCC_DeInit), (64 bytes).
    Removing stm32f10x_rcc.o(i.RCC_GetFlagStatus), (48 bytes).
    Removing stm32f10x_rcc.o(i.RCC_GetITStatus), (20 bytes).
    Removing stm32f10x_rcc.o(i.RCC_GetSYSCLKSource), (16 bytes).
    Removing stm32f10x_rcc.o(i.RCC_HCLKConfig), (20 bytes).
    Removing stm32f10x_rcc.o(i.RCC_HSEConfig), (52 bytes).
    Removing stm32f10x_rcc.o(i.RCC_HSICmd), (12 bytes).
    Removing stm32f10x_rcc.o(i.RCC_ITConfig), (24 bytes).
    Removing stm32f10x_rcc.o(i.RCC_LSEConfig), (32 bytes).
    Removing stm32f10x_rcc.o(i.RCC_LSICmd), (12 bytes).
    Removing stm32f10x_rcc.o(i.RCC_MCOConfig), (12 bytes).
    Removing stm32f10x_rcc.o(i.RCC_PCLK1Config), (20 bytes).
    Removing stm32f10x_rcc.o(i.RCC_PCLK2Config), (20 bytes).
    Removing stm32f10x_rcc.o(i.RCC_PLLCmd), (12 bytes).
    Removing stm32f10x_rcc.o(i.RCC_PLLConfig), (20 bytes).
    Removing stm32f10x_rcc.o(i.RCC_RTCCLKCmd), (12 bytes).
    Removing stm32f10x_rcc.o(i.RCC_RTCCLKConfig), (16 bytes).
    Removing stm32f10x_rcc.o(i.RCC_SYSCLKConfig), (20 bytes).
    Removing stm32f10x_rcc.o(i.RCC_WaitForHSEStartUp), (44 bytes).
    Removing stm32f10x_spi.o(.rev16_text), (4 bytes).
    Removing stm32f10x_spi.o(.revsh_text), (4 bytes).
    Removing stm32f10x_spi.o(.rrx_text), (6 bytes).
    Removing stm32f10x_spi.o(i.I2S_Cmd), (20 bytes).
    Removing stm32f10x_spi.o(i.I2S_Init), (152 bytes).
    Removing stm32f10x_spi.o(i.I2S_StructInit), (18 bytes).
    Removing stm32f10x_spi.o(i.SPI_BiDirectionalLineConfig), (22 bytes).
    Removing stm32f10x_spi.o(i.SPI_CalculateCRC), (20 bytes).
    Removing stm32f10x_spi.o(i.SPI_Cmd), (20 bytes).
    Removing stm32f10x_spi.o(i.SPI_DataSizeConfig), (16 bytes).
    Removing stm32f10x_spi.o(i.SPI_GetCRC), (12 bytes).
    Removing stm32f10x_spi.o(i.SPI_GetCRCPolynomial), (4 bytes).
    Removing stm32f10x_spi.o(i.SPI_I2S_ClearFlag), (6 bytes).
    Removing stm32f10x_spi.o(i.SPI_I2S_ClearITPendingBit), (14 bytes).
    Removing stm32f10x_spi.o(i.SPI_I2S_DMACmd), (16 bytes).
    Removing stm32f10x_spi.o(i.SPI_I2S_DeInit), (84 bytes).
    Removing stm32f10x_spi.o(i.SPI_I2S_GetFlagStatus), (14 bytes).
    Removing stm32f10x_spi.o(i.SPI_I2S_GetITStatus), (42 bytes).
    Removing stm32f10x_spi.o(i.SPI_I2S_ITConfig), (24 bytes).
    Removing stm32f10x_spi.o(i.SPI_I2S_ReceiveData), (4 bytes).
    Removing stm32f10x_spi.o(i.SPI_I2S_SendData), (4 bytes).
    Removing stm32f10x_spi.o(i.SPI_Init), (56 bytes).
    Removing stm32f10x_spi.o(i.SPI_NSSInternalSoftwareConfig), (24 bytes).
    Removing stm32f10x_spi.o(i.SPI_SSOutputCmd), (20 bytes).
    Removing stm32f10x_spi.o(i.SPI_StructInit), (24 bytes).
    Removing stm32f10x_spi.o(i.SPI_TransmitCRC), (10 bytes).
    Removing stm32f10x_usart.o(.rev16_text), (4 bytes).
    Removing stm32f10x_usart.o(.revsh_text), (4 bytes).
    Removing stm32f10x_usart.o(.rrx_text), (6 bytes).
    Removing stm32f10x_usart.o(i.USART_ClearFlag), (6 bytes).
    Removing stm32f10x_usart.o(i.USART_ClearITPendingBit), (12 bytes).
    Removing stm32f10x_usart.o(i.USART_ClockInit), (30 bytes).
    Removing stm32f10x_usart.o(i.USART_ClockStructInit), (12 bytes).
    Removing stm32f10x_usart.o(i.USART_DMACmd), (16 bytes).
    Removing stm32f10x_usart.o(i.USART_DeInit), (116 bytes).
    Removing stm32f10x_usart.o(i.USART_HalfDuplexCmd), (20 bytes).
    Removing stm32f10x_usart.o(i.USART_IrDACmd), (20 bytes).
    Removing stm32f10x_usart.o(i.USART_IrDAConfig), (16 bytes).
    Removing stm32f10x_usart.o(i.USART_LINBreakDetectLengthConfig), (16 bytes).
    Removing stm32f10x_usart.o(i.USART_LINCmd), (20 bytes).
    Removing stm32f10x_usart.o(i.USART_OneBitMethodCmd), (20 bytes).
    Removing stm32f10x_usart.o(i.USART_OverSampling8Cmd), (20 bytes).
    Removing stm32f10x_usart.o(i.USART_ReceiverWakeUpCmd), (20 bytes).
    Removing stm32f10x_usart.o(i.USART_SendBreak), (10 bytes).
    Removing stm32f10x_usart.o(i.USART_SendData), (8 bytes).
    Removing stm32f10x_usart.o(i.USART_SetAddress), (16 bytes).
    Removing stm32f10x_usart.o(i.USART_SetGuardTime), (16 bytes).
    Removing stm32f10x_usart.o(i.USART_SetPrescaler), (16 bytes).
    Removing stm32f10x_usart.o(i.USART_SmartCardCmd), (20 bytes).
    Removing stm32f10x_usart.o(i.USART_SmartCardNACKCmd), (20 bytes).
    Removing stm32f10x_usart.o(i.USART_StructInit), (22 bytes).
    Removing stm32f10x_usart.o(i.USART_WakeUpConfig), (16 bytes).
    Removing startup_stm32f10x_md.o(HEAP), (512 bytes).
    Removing system_stm32f10x_1.o(.rev16_text), (4 bytes).
    Removing system_stm32f10x_1.o(.revsh_text), (4 bytes).
    Removing system_stm32f10x_1.o(.rrx_text), (6 bytes).
    Removing system_stm32f10x_1.o(i.SystemCoreClockUpdate), (100 bytes).
    Removing system_stm32f10x_1.o(.data), (20 bytes).
    Removing dadd.o(.text), (334 bytes).
    Removing dmul.o(.text), (228 bytes).
    Removing dflti.o(.text), (34 bytes).
    Removing d2f.o(.text), (56 bytes).
    Removing depilogue.o(.text), (186 bytes).

296 unused section(s) (total 8484 bytes) removed from the image.

==============================================================================

Image Symbol Table

    Local Symbols

    Symbol Name                              Value     Ov Type        Size  Object(Section)

    ../../../Libraries/STM32_USB-FS-Device_Driver/src/usb_core.c 0x00000000   Number         0  usb_core.o ABSOLUTE
    ../../../Libraries/STM32_USB-FS-Device_Driver/src/usb_init.c 0x00000000   Number         0  usb_init.o ABSOLUTE
    ../../../Libraries/STM32_USB-FS-Device_Driver/src/usb_int.c 0x00000000   Number         0  usb_int.o ABSOLUTE
    ../../../Libraries/STM32_USB-FS-Device_Driver/src/usb_mem.c 0x00000000   Number         0  usb_mem.o ABSOLUTE
    ../../../Libraries/STM32_USB-FS-Device_Driver/src/usb_regs.c 0x00000000   Number         0  usb_regs.o ABSOLUTE
    ../../../Libraries/STM32_USB-FS-Device_Driver/src/usb_sil.c 0x00000000   Number         0  usb_sil.o ABSOLUTE
    ../../../Utilities/STM32_EVAL/STM3210B_EVAL/stm3210b_eval.c 0x00000000   Number         0  stm3210b_eval.o ABSOLUTE
    ../clib/../cmprslib/zerorunl2.c          0x00000000   Number         0  __dczerorl2.o ABSOLUTE
    ../clib/microlib/init/entry.s            0x00000000   Number         0  entry11a.o ABSOLUTE
    ../clib/microlib/init/entry.s            0x00000000   Number         0  entry12a.o ABSOLUTE
    ../clib/microlib/init/entry.s            0x00000000   Number         0  entry2.o ABSOLUTE
    ../clib/microlib/init/entry.s            0x00000000   Number         0  entry11b.o ABSOLUTE
    ../clib/microlib/init/entry.s            0x00000000   Number         0  entry5.o ABSOLUTE
    ../clib/microlib/init/entry.s            0x00000000   Number         0  entry7a.o ABSOLUTE
    ../clib/microlib/init/entry.s            0x00000000   Number         0  entry.o ABSOLUTE
    ../clib/microlib/init/entry.s            0x00000000   Number         0  entry7b.o ABSOLUTE
    ../clib/microlib/init/entry.s            0x00000000   Number         0  entry8a.o ABSOLUTE
    ../clib/microlib/init/entry.s            0x00000000   Number         0  entry8b.o ABSOLUTE
    ../clib/microlib/init/entry.s            0x00000000   Number         0  entry12b.o ABSOLUTE
    ../clib/microlib/init/entry.s            0x00000000   Number         0  entry9a.o ABSOLUTE
    ../clib/microlib/init/entry.s            0x00000000   Number         0  entry9b.o ABSOLUTE
    ../clib/microlib/init/entry.s            0x00000000   Number         0  entry10a.o ABSOLUTE
    ../clib/microlib/init/entry.s            0x00000000   Number         0  entry10b.o ABSOLUTE
    ../clib/microlib/longlong.c              0x00000000   Number         0  llsshr.o ABSOLUTE
    ../clib/microlib/longlong.c              0x00000000   Number         0  llushr.o ABSOLUTE
    ../clib/microlib/longlong.c              0x00000000   Number         0  llshl.o ABSOLUTE
    ../clib/microlib/string/memset.c         0x00000000   Number         0  memseta.o ABSOLUTE
    ../clib/microlib/string/strncmp.c        0x00000000   Number         0  strncmp.o ABSOLUTE
    ../clib/microlib/stubs.s                 0x00000000   Number         0  iusefp.o ABSOLUTE
    ../fplib/microlib/d2f.c                  0x00000000   Number         0  d2f.o ABSOLUTE
    ../fplib/microlib/fpadd.c                0x00000000   Number         0  dadd.o ABSOLUTE
    ../fplib/microlib/fpepilogue.c           0x00000000   Number         0  fepilogue.o ABSOLUTE
    ../fplib/microlib/fpepilogue.c           0x00000000   Number         0  depilogue.o ABSOLUTE
    ../fplib/microlib/fpflt.c                0x00000000   Number         0  dflti.o ABSOLUTE
    ../fplib/microlib/fpflt.c                0x00000000   Number         0  fflti.o ABSOLUTE
    ../fplib/microlib/fpmul.c                0x00000000   Number         0  dmul.o ABSOLUTE
    ../fplib/microlib/fpscalb.c              0x00000000   Number         0  fscalb.o ABSOLUTE
    ../src/main.c                            0x00000000   Number         0  main.o ABSOLUTE
    ..\..\..\Libraries\STM32_USB-FS-Device_Driver\src\usb_core.c 0x00000000   Number         0  usb_core.o ABSOLUTE
    ..\..\..\Libraries\STM32_USB-FS-Device_Driver\src\usb_init.c 0x00000000   Number         0  usb_init.o ABSOLUTE
    ..\..\..\Libraries\STM32_USB-FS-Device_Driver\src\usb_int.c 0x00000000   Number         0  usb_int.o ABSOLUTE
    ..\..\..\Libraries\STM32_USB-FS-Device_Driver\src\usb_mem.c 0x00000000   Number         0  usb_mem.o ABSOLUTE
    ..\..\..\Libraries\STM32_USB-FS-Device_Driver\src\usb_regs.c 0x00000000   Number         0  usb_regs.o ABSOLUTE
    ..\..\..\Libraries\STM32_USB-FS-Device_Driver\src\usb_sil.c 0x00000000   Number         0  usb_sil.o ABSOLUTE
    ..\..\..\Utilities\STM32_EVAL\STM3210B_EVAL\stm3210b_eval.c 0x00000000   Number         0  stm3210b_eval.o ABSOLUTE
    ..\\src\\DS18B20\\DS18B20.c              0x00000000   Number         0  ds18b20.o ABSOLUTE
    ..\\src\\DS18B20\\ow_driver_stm32f10x_gpio.c 0x00000000   Number         0  ow_driver_stm32f10x_gpio.o ABSOLUTE
    ..\\src\\USB\\hw_config.c                0x00000000   Number         0  hw_config.o ABSOLUTE
    ..\\src\\USB\\stm32_it.c                 0x00000000   Number         0  stm32_it.o ABSOLUTE
    ..\\src\\USB\\usb_desc.c                 0x00000000   Number         0  usb_desc.o ABSOLUTE
    ..\\src\\USB\\usb_endp.c                 0x00000000   Number         0  usb_endp.o ABSOLUTE
    ..\\src\\USB\\usb_istr.c                 0x00000000   Number         0  usb_istr.o ABSOLUTE
    ..\\src\\USB\\usb_prop.c                 0x00000000   Number         0  usb_prop.o ABSOLUTE
    ..\\src\\USB\\usb_pwr.c                  0x00000000   Number         0  usb_pwr.o ABSOLUTE
    ..\\src\\USB\\virtualComPort.c           0x00000000   Number         0  virtualcomport.o ABSOLUTE
    ..\\src\\delays\\delay.c                 0x00000000   Number         0  delay.o ABSOLUTE
    ..\src\DS18B20\DS18B20.c                 0x00000000   Number         0  ds18b20.o ABSOLUTE
    ..\src\DS18B20\dallas.c                  0x00000000   Number         0  dallas.o ABSOLUTE
    ..\src\DS18B20\onewire.c                 0x00000000   Number         0  onewire.o ABSOLUTE
    ..\src\DS18B20\ow_driver_stm32f10x_gpio.c 0x00000000   Number         0  ow_driver_stm32f10x_gpio.o ABSOLUTE
    ..\src\USB\hw_config.c                   0x00000000   Number         0  hw_config.o ABSOLUTE
    ..\src\USB\stm32_it.c                    0x00000000   Number         0  stm32_it.o ABSOLUTE
    ..\src\USB\usb_desc.c                    0x00000000   Number         0  usb_desc.o ABSOLUTE
    ..\src\USB\usb_endp.c                    0x00000000   Number         0  usb_endp.o ABSOLUTE
    ..\src\USB\usb_istr.c                    0x00000000   Number         0  usb_istr.o ABSOLUTE
    ..\src\USB\usb_prop.c                    0x00000000   Number         0  usb_prop.o ABSOLUTE
    ..\src\USB\usb_pwr.c                     0x00000000   Number         0  usb_pwr.o ABSOLUTE
    ..\src\USB\virtualComPort.c              0x00000000   Number         0  virtualcomport.o ABSOLUTE
    ..\src\delays\delay.c                    0x00000000   Number         0  delay.o ABSOLUTE
    ..\src\main.c                            0x00000000   Number         0  main.o ABSOLUTE
    E:\Development\Apps\IDE\Keil\Arm\Packs\Keil\STM32F1xx_DFP\2.3.0\Device\StdPeriph_Driver\src\misc.c 0x00000000   Number         0  misc.o ABSOLUTE
    E:\Development\Apps\IDE\Keil\Arm\Packs\Keil\STM32F1xx_DFP\2.3.0\Device\StdPeriph_Driver\src\stm32f10x_exti.c 0x00000000   Number         0  stm32f10x_exti.o ABSOLUTE
    E:\Development\Apps\IDE\Keil\Arm\Packs\Keil\STM32F1xx_DFP\2.3.0\Device\StdPeriph_Driver\src\stm32f10x_gpio.c 0x00000000   Number         0  stm32f10x_gpio.o ABSOLUTE
    E:\Development\Apps\IDE\Keil\Arm\Packs\Keil\STM32F1xx_DFP\2.3.0\Device\StdPeriph_Driver\src\stm32f10x_i2c.c 0x00000000   Number         0  stm32f10x_i2c.o ABSOLUTE
    E:\Development\Apps\IDE\Keil\Arm\Packs\Keil\STM32F1xx_DFP\2.3.0\Device\StdPeriph_Driver\src\stm32f10x_rcc.c 0x00000000   Number         0  stm32f10x_rcc.o ABSOLUTE
    E:\Development\Apps\IDE\Keil\Arm\Packs\Keil\STM32F1xx_DFP\2.3.0\Device\StdPeriph_Driver\src\stm32f10x_spi.c 0x00000000   Number         0  stm32f10x_spi.o ABSOLUTE
    E:\Development\Apps\IDE\Keil\Arm\Packs\Keil\STM32F1xx_DFP\2.3.0\Device\StdPeriph_Driver\src\stm32f10x_usart.c 0x00000000   Number         0  stm32f10x_usart.o ABSOLUTE
    E:\\Development\\Apps\\IDE\\Keil\\Arm\\Packs\\Keil\\STM32F1xx_DFP\\2.3.0\\Device\\StdPeriph_Driver\\src\\misc.c 0x00000000   Number         0  misc.o ABSOLUTE
    E:\\Development\\Apps\\IDE\\Keil\\Arm\\Packs\\Keil\\STM32F1xx_DFP\\2.3.0\\Device\\StdPeriph_Driver\\src\\stm32f10x_exti.c 0x00000000   Number         0  stm32f10x_exti.o ABSOLUTE
    E:\\Development\\Apps\\IDE\\Keil\\Arm\\Packs\\Keil\\STM32F1xx_DFP\\2.3.0\\Device\\StdPeriph_Driver\\src\\stm32f10x_gpio.c 0x00000000   Number         0  stm32f10x_gpio.o ABSOLUTE
    E:\\Development\\Apps\\IDE\\Keil\\Arm\\Packs\\Keil\\STM32F1xx_DFP\\2.3.0\\Device\\StdPeriph_Driver\\src\\stm32f10x_i2c.c 0x00000000   Number         0  stm32f10x_i2c.o ABSOLUTE
    E:\\Development\\Apps\\IDE\\Keil\\Arm\\Packs\\Keil\\STM32F1xx_DFP\\2.3.0\\Device\\StdPeriph_Driver\\src\\stm32f10x_rcc.c 0x00000000   Number         0  stm32f10x_rcc.o ABSOLUTE
    E:\\Development\\Apps\\IDE\\Keil\\Arm\\Packs\\Keil\\STM32F1xx_DFP\\2.3.0\\Device\\StdPeriph_Driver\\src\\stm32f10x_spi.c 0x00000000   Number         0  stm32f10x_spi.o ABSOLUTE
    E:\\Development\\Apps\\IDE\\Keil\\Arm\\Packs\\Keil\\STM32F1xx_DFP\\2.3.0\\Device\\StdPeriph_Driver\\src\\stm32f10x_usart.c 0x00000000   Number         0  stm32f10x_usart.o ABSOLUTE
    RTE\Device\STM32F103C8\startup_stm32f10x_md.s 0x00000000   Number         0  startup_stm32f10x_md.o ABSOLUTE
    RTE\Device\STM32F103C8\system_stm32f10x.c 0x00000000   Number         0  system_stm32f10x_1.o ABSOLUTE
    RTE\\Device\\STM32F103C8\\system_stm32f10x.c 0x00000000   Number         0  system_stm32f10x_1.o ABSOLUTE
    dc.s                                     0x00000000   Number         0  dc.o ABSOLUTE
    handlers.s                               0x00000000   Number         0  handlers.o ABSOLUTE
    init.s                                   0x00000000   Number         0  init.o ABSOLUTE
    RESET                                    0x08000000   Section      236  startup_stm32f10x_md.o(RESET)
    .ARM.Collect$$$$00000000                 0x080000ec   Section        0  entry.o(.ARM.Collect$$$$00000000)
    .ARM.Collect$$$$00000001                 0x080000ec   Section        4  entry2.o(.ARM.Collect$$$$00000001)
    .ARM.Collect$$$$00000004                 0x080000f0   Section        4  entry5.o(.ARM.Collect$$$$00000004)
    .ARM.Collect$$$$00000008                 0x080000f4   Section        0  entry7b.o(.ARM.Collect$$$$00000008)
    .ARM.Collect$$$$0000000A                 0x080000f4   Section        0  entry8b.o(.ARM.Collect$$$$0000000A)
    .ARM.Collect$$$$0000000B                 0x080000f4   Section        8  entry9a.o(.ARM.Collect$$$$0000000B)
    .ARM.Collect$$$$0000000E                 0x080000fc   Section        4  entry12b.o(.ARM.Collect$$$$0000000E)
    .ARM.Collect$$$$0000000F                 0x08000100   Section        0  entry10a.o(.ARM.Collect$$$$0000000F)
    .ARM.Collect$$$$00000011                 0x08000100   Section        0  entry11a.o(.ARM.Collect$$$$00000011)
    .ARM.Collect$$$$00002712                 0x08000100   Section        4  entry2.o(.ARM.Collect$$$$00002712)
    __lit__00000000                          0x08000100   Data           4  entry2.o(.ARM.Collect$$$$00002712)
    .text                                    0x08000104   Section       36  startup_stm32f10x_md.o(.text)
    .text                                    0x08000128   Section        0  strncmp.o(.text)
    .text                                    0x08000146   Section        0  fscalb.o(.text)
    .text                                    0x0800015e   Section        0  fflti.o(.text)
    .text                                    0x08000170   Section        0  fepilogue.o(.text)
    .text                                    0x08000170   Section        0  iusefp.o(.text)
    .text                                    0x080001e0   Section       36  init.o(.text)
    .text                                    0x08000204   Section        0  __dczerorl2.o(.text)
    i.BusFault_Handler                       0x0800025a   Section        0  stm32_it.o(i.BusFault_Handler)
    i.ByteSwap                               0x0800025c   Section        0  usb_regs.o(i.ByteSwap)
    i.CTR_LP                                 0x08000268   Section        0  usb_int.o(i.CTR_LP)
    i.ClearDTOG_RX                           0x080003c4   Section        0  usb_regs.o(i.ClearDTOG_RX)
    i.ClearDTOG_TX                           0x080003ec   Section        0  usb_regs.o(i.ClearDTOG_TX)
    i.Clear_Status_Out                       0x08000414   Section        0  usb_regs.o(i.Clear_Status_Out)
    i.DataStageIn                            0x08000434   Section        0  usb_core.o(i.DataStageIn)
    DataStageIn                              0x08000435   Thumb Code   156  usb_core.o(i.DataStageIn)
    i.DataStageOut                           0x080004e8   Section        0  usb_core.o(i.DataStageOut)
    DataStageOut                             0x080004e9   Thumb Code   174  usb_core.o(i.DataStageOut)
    i.Data_Setup0                            0x080005b0   Section        0  usb_core.o(i.Data_Setup0)
    Data_Setup0                              0x080005b1   Thumb Code   376  usb_core.o(i.Data_Setup0)
    i.DebugMon_Handler                       0x0800074c   Section        0  stm32_it.o(i.DebugMon_Handler)
    i.EP1_IN_Callback                        0x0800074e   Section        0  usb_endp.o(i.EP1_IN_Callback)
    i.EP3_OUT_Callback                       0x08000750   Section        0  usb_endp.o(i.EP3_OUT_Callback)
    i.EXTI_ClearITPendingBit                 0x0800082c   Section        0  stm32f10x_exti.o(i.EXTI_ClearITPendingBit)
    i.GPIO_Init                              0x08000838   Section        0  stm32f10x_gpio.o(i.GPIO_Init)
    i.GPIO_PinRemapConfig                    0x080008dc   Section        0  stm32f10x_gpio.o(i.GPIO_PinRemapConfig)
    i.GPIO_ResetBits                         0x08000934   Section        0  stm32f10x_gpio.o(i.GPIO_ResetBits)
    i.GPIO_SetBits                           0x08000938   Section        0  stm32f10x_gpio.o(i.GPIO_SetBits)
    i.GetEPRxAddr                            0x0800093c   Section        0  usb_regs.o(i.GetEPRxAddr)
    i.GetEPRxCount                           0x0800095c   Section        0  usb_regs.o(i.GetEPRxCount)
    i.GetEPTxAddr                            0x0800097c   Section        0  usb_regs.o(i.GetEPTxAddr)
    i.Get_SerialNum                          0x08000998   Section        0  hw_config.o(i.Get_SerialNum)
    i.GpioC13Init                            0x080009cc   Section        0  main.o(i.GpioC13Init)
    i.HardFault_Handler                      0x08000a00   Section        0  stm32_it.o(i.HardFault_Handler)
    i.In0_Process                            0x08000a04   Section        0  usb_core.o(i.In0_Process)
    i.IntToUnicode                           0x08000a60   Section        0  hw_config.o(i.IntToUnicode)
    IntToUnicode                             0x08000a61   Thumb Code    56  hw_config.o(i.IntToUnicode)
    i.MemManage_Handler                      0x08000a98   Section        0  stm32_it.o(i.MemManage_Handler)
    i.NMI_Handler                            0x08000a9a   Section        0  stm32_it.o(i.NMI_Handler)
    i.NOP_Process                            0x08000a9c   Section        0  usb_core.o(i.NOP_Process)
    i.NVIC_Init                              0x08000aa0   Section        0  misc.o(i.NVIC_Init)
    i.NVIC_PriorityGroupConfig               0x08000b04   Section        0  misc.o(i.NVIC_PriorityGroupConfig)
    i.NoData_Setup0                          0x08000b18   Section        0  usb_core.o(i.NoData_Setup0)
    NoData_Setup0                            0x08000b19   Thumb Code   196  usb_core.o(i.NoData_Setup0)
    i.Out0_Process                           0x08000bf4   Section        0  usb_core.o(i.Out0_Process)
    i.PMAToUserBufferCopy                    0x08000c3c   Section        0  usb_mem.o(i.PMAToUserBufferCopy)
    i.PendSV_Handler                         0x08000c5c   Section        0  stm32_it.o(i.PendSV_Handler)
    i.Post0_Process                          0x08000c60   Section        0  usb_core.o(i.Post0_Process)
    i.PowerOn                                0x08000ca4   Section        0  usb_pwr.o(i.PowerOn)
    i.RCC_APB1PeriphClockCmd                 0x08000cd8   Section        0  stm32f10x_rcc.o(i.RCC_APB1PeriphClockCmd)
    i.RCC_APB2PeriphClockCmd                 0x08000cf0   Section        0  stm32f10x_rcc.o(i.RCC_APB2PeriphClockCmd)
    i.RCC_GetClocksFreq                      0x08000d08   Section        0  stm32f10x_rcc.o(i.RCC_GetClocksFreq)
    i.RCC_USBCLKConfig                       0x08000d98   Section        0  stm32f10x_rcc.o(i.RCC_USBCLKConfig)
    i.Resume                                 0x08000da4   Section        0  usb_pwr.o(i.Resume)
    i.Resume_Init                            0x08000e34   Section        0  usb_pwr.o(i.Resume_Init)
    i.SOF_Callback                           0x08000e4c   Section        0  usb_endp.o(i.SOF_Callback)
    i.STM_EVAL_COMInit                       0x08000e90   Section        0  stm3210b_eval.o(i.STM_EVAL_COMInit)
    i.SVC_Handler                            0x08000f3c   Section        0  stm32_it.o(i.SVC_Handler)
    i.SetBTABLE                              0x08000f40   Section        0  usb_regs.o(i.SetBTABLE)
    i.SetDeviceAddress                       0x08000f50   Section        0  usb_core.o(i.SetDeviceAddress)
    i.SetEPRxAddr                            0x08000f98   Section        0  usb_regs.o(i.SetEPRxAddr)
    i.SetEPRxCount                           0x08000fb8   Section        0  usb_regs.o(i.SetEPRxCount)
    i.SetEPRxStatus                          0x08000ff8   Section        0  usb_regs.o(i.SetEPRxStatus)
    i.SetEPRxValid                           0x08001028   Section        0  usb_regs.o(i.SetEPRxValid)
    i.SetEPTxAddr                            0x0800104c   Section        0  usb_regs.o(i.SetEPTxAddr)
    i.SetEPTxCount                           0x0800106c   Section        0  usb_regs.o(i.SetEPTxCount)
    i.SetEPTxStatus                          0x08001088   Section        0  usb_regs.o(i.SetEPTxStatus)
    i.SetEPTxValid                           0x080010b8   Section        0  usb_regs.o(i.SetEPTxValid)
    i.SetEPType                              0x080010dc   Section        0  usb_regs.o(i.SetEPType)
    i.SetISTR                                0x080010f8   Section        0  usb_regs.o(i.SetISTR)
    i.SetSysClockTo72                        0x08001104   Section        0  system_stm32f10x_1.o(i.SetSysClockTo72)
    SetSysClockTo72                          0x08001105   Thumb Code   160  system_stm32f10x_1.o(i.SetSysClockTo72)
    i.Set_System                             0x080011ac   Section        0  hw_config.o(i.Set_System)
    i.Set_USBClock                           0x08001208   Section        0  hw_config.o(i.Set_USBClock)
    i.Setup0_Process                         0x0800121c   Section        0  usb_core.o(i.Setup0_Process)
    i.Standard_ClearFeature                  0x08001284   Section        0  usb_core.o(i.Standard_ClearFeature)
    i.Standard_GetConfiguration              0x08001380   Section        0  usb_core.o(i.Standard_GetConfiguration)
    i.Standard_GetDescriptorData             0x080013a8   Section        0  usb_core.o(i.Standard_GetDescriptorData)
    i.Standard_GetInterface                  0x080013c4   Section        0  usb_core.o(i.Standard_GetInterface)
    i.Standard_GetStatus                     0x080013ec   Section        0  usb_core.o(i.Standard_GetStatus)
    i.Standard_SetConfiguration              0x08001480   Section        0  usb_core.o(i.Standard_SetConfiguration)
    i.Standard_SetDeviceFeature              0x080014b8   Section        0  usb_core.o(i.Standard_SetDeviceFeature)
    i.Standard_SetEndPointFeature            0x080014dc   Section        0  usb_core.o(i.Standard_SetEndPointFeature)
    i.Standard_SetInterface                  0x08001564   Section        0  usb_core.o(i.Standard_SetInterface)
    i.Suspend                                0x080015ac   Section        0  usb_pwr.o(i.Suspend)
    i.SysTick_Handler                        0x08001628   Section        0  stm32_it.o(i.SysTick_Handler)
    i.SystemInit                             0x0800162c   Section        0  system_stm32f10x_1.o(i.SystemInit)
    i.USART1_IRQHandler                      0x0800167c   Section        0  stm32_it.o(i.USART1_IRQHandler)
    i.USART_Cmd                              0x080016ac   Section        0  stm32f10x_usart.o(i.USART_Cmd)
    i.USART_Config                           0x080016c0   Section        0  virtualcomport.o(i.USART_Config)
    i.USART_Config_Default                   0x08001744   Section        0  virtualcomport.o(i.USART_Config_Default)
    i.USART_GetFlagStatus                    0x08001780   Section        0  stm32f10x_usart.o(i.USART_GetFlagStatus)
    i.USART_GetITStatus                      0x0800178e   Section        0  stm32f10x_usart.o(i.USART_GetITStatus)
    i.USART_ITConfig                         0x080017cc   Section        0  stm32f10x_usart.o(i.USART_ITConfig)
    i.USART_Init                             0x080017fc   Section        0  stm32f10x_usart.o(i.USART_Init)
    i.USART_ReceiveData                      0x080018a8   Section        0  stm32f10x_usart.o(i.USART_ReceiveData)
    i.USART_To_USB_Send_Data                 0x080018b0   Section        0  virtualcomport.o(i.USART_To_USB_Send_Data)
    i.USBWakeUp_IRQHandler                   0x080018fc   Section        0  stm32_it.o(i.USBWakeUp_IRQHandler)
    i.USB_Cable_Config                       0x08001904   Section        0  hw_config.o(i.USB_Cable_Config)
    i.USB_Init                               0x0800191c   Section        0  usb_init.o(i.USB_Init)
    i.USB_Interrupts_Config                  0x08001944   Section        0  hw_config.o(i.USB_Interrupts_Config)
    i.USB_Istr                               0x0800199c   Section        0  usb_istr.o(i.USB_Istr)
    i.USB_LP_CAN1_RX0_IRQHandler             0x08001aec   Section        0  stm32_it.o(i.USB_LP_CAN1_RX0_IRQHandler)
    i.USB_SIL_Init                           0x08001af0   Section        0  usb_sil.o(i.USB_SIL_Init)
    i.USB_SIL_Read                           0x08001b10   Section        0  usb_sil.o(i.USB_SIL_Read)
    i.USB_SIL_Write                          0x08001b34   Section        0  usb_sil.o(i.USB_SIL_Write)
    i.UsageFault_Handler                     0x08001b5a   Section        0  stm32_it.o(i.UsageFault_Handler)
    i.UserToPMABufferCopy                    0x08001b5c   Section        0  usb_mem.o(i.UserToPMABufferCopy)
    i.Virtual_Com_Port_Data_Setup            0x08001b88   Section        0  usb_prop.o(i.Virtual_Com_Port_Data_Setup)
    i.Virtual_Com_Port_GetConfigDescriptor   0x08001bdc   Section        0  usb_prop.o(i.Virtual_Com_Port_GetConfigDescriptor)
    i.Virtual_Com_Port_GetDeviceDescriptor   0x08001be8   Section        0  usb_prop.o(i.Virtual_Com_Port_GetDeviceDescriptor)
    i.Virtual_Com_Port_GetLineCoding         0x08001bf4   Section        0  usb_prop.o(i.Virtual_Com_Port_GetLineCoding)
    i.Virtual_Com_Port_GetStringDescriptor   0x08001c10   Section        0  usb_prop.o(i.Virtual_Com_Port_GetStringDescriptor)
    i.Virtual_Com_Port_Get_Interface_Setting 0x08001c30   Section        0  usb_prop.o(i.Virtual_Com_Port_Get_Interface_Setting)
    i.Virtual_Com_Port_NoData_Setup          0x08001c40   Section        0  usb_prop.o(i.Virtual_Com_Port_NoData_Setup)
    i.Virtual_Com_Port_Reset                 0x08001c64   Section        0  usb_prop.o(i.Virtual_Com_Port_Reset)
    i.Virtual_Com_Port_SetConfiguration      0x08001d44   Section        0  usb_prop.o(i.Virtual_Com_Port_SetConfiguration)
    i.Virtual_Com_Port_SetDeviceAddress      0x08001d5c   Section        0  usb_prop.o(i.Virtual_Com_Port_SetDeviceAddress)
    i.Virtual_Com_Port_SetLineCoding         0x08001d68   Section        0  usb_prop.o(i.Virtual_Com_Port_SetLineCoding)
    i.Virtual_Com_Port_Status_In             0x08001d84   Section        0  usb_prop.o(i.Virtual_Com_Port_Status_In)
    i.Virtual_Com_Port_Status_Out            0x08001d9c   Section        0  usb_prop.o(i.Virtual_Com_Port_Status_Out)
    i.Virtual_Com_Port_init                  0x08001da0   Section        0  usb_prop.o(i.Virtual_Com_Port_init)
    i.__scatterload_copy                     0x08001dc8   Section       14  handlers.o(i.__scatterload_copy)
    i.__scatterload_null                     0x08001dd6   Section        2  handlers.o(i.__scatterload_null)
    i.__scatterload_zeroinit                 0x08001dd8   Section       14  handlers.o(i.__scatterload_zeroinit)
    i.delay_us                               0x08001de8   Section        0  delay.o(i.delay_us)
    i.ds18b20_getTemperature                 0x08001e18   Section        0  ds18b20.o(i.ds18b20_getTemperature)
    i.ds18b20_init                           0x08001e48   Section        0  ds18b20.o(i.ds18b20_init)
    i.ds_convert_all                         0x08001e8c   Section        0  dallas.o(i.ds_convert_all)
    i.ds_get_raw                             0x08001ea8   Section        0  dallas.o(i.ds_get_raw)
    i.ds_get_temp_c                          0x08001eb6   Section        0  dallas.o(i.ds_get_temp_c)
    i.ds_read                                0x08001ecc   Section        0  dallas.o(i.ds_read)
    ds_read                                  0x08001ecd   Thumb Code    74  dallas.o(i.ds_read)
    i.ds_read_scratchpad                     0x08001f16   Section        0  dallas.o(i.ds_read_scratchpad)
    i.init_delay                             0x08001f1c   Section        0  delay.o(i.init_delay)
    i.init_driver                            0x08001f24   Section        0  ow_driver_stm32f10x_gpio.o(i.init_driver)
    i.main                                   0x08001ff8   Section        0  main.o(i.main)
    i.owu_init                               0x08002016   Section        0  onewire.o(i.owu_init)
    i.owu_read_byte                          0x0800201c   Section        0  onewire.o(i.owu_read_byte)
    i.owu_reset                              0x08002022   Section        0  onewire.o(i.owu_reset)
    i.owu_reset_search                       0x08002028   Section        0  onewire.o(i.owu_reset_search)
    i.owu_search                             0x0800203c   Section        0  onewire.o(i.owu_search)
    i.owu_select_device                      0x0800212c   Section        0  onewire.o(i.owu_select_device)
    i.owu_skip                               0x08002158   Section        0  onewire.o(i.owu_skip)
    i.owu_write_byte                         0x08002160   Section        0  onewire.o(i.owu_write_byte)
    i.read_bit                               0x08002166   Section        0  ow_driver_stm32f10x_gpio.o(i.read_bit)
    i.read_byte                              0x080021d6   Section        0  ow_driver_stm32f10x_gpio.o(i.read_byte)
    i.reset_wire                             0x08002206   Section        0  ow_driver_stm32f10x_gpio.o(i.reset_wire)
    i.write_bit                              0x080022a0   Section        0  ow_driver_stm32f10x_gpio.o(i.write_bit)
    i.write_byte                             0x080022f2   Section        0  ow_driver_stm32f10x_gpio.o(i.write_byte)
    .constdata                               0x08002314   Section      168  stm3210b_eval.o(.constdata)
    .constdata                               0x080023bc   Section       18  usb_desc.o(.constdata)
    .constdata                               0x080023ce   Section       67  usb_desc.o(.constdata)
    .constdata                               0x08002411   Section        4  usb_desc.o(.constdata)
    .constdata                               0x08002415   Section       38  usb_desc.o(.constdata)
    .constdata                               0x0800243b   Section       50  usb_desc.o(.constdata)
    .data                                    0x20000000   Section        4  usb_int.o(.data)
    .data                                    0x20000004   Section        8  usb_core.o(.data)
    .data                                    0x2000000c   Section        1  usb_init.o(.data)
    .data                                    0x20000010   Section       12  usb_init.o(.data)
    .data                                    0x2000001c   Section        2  usb_init.o(.data)
    .data                                    0x20000020   Section       72  stm3210b_eval.o(.data)
    .data                                    0x20000068   Section        4  hw_config.o(.data)
    .data                                    0x2000006c   Section       26  usb_desc.o(.data)
    .data                                    0x20000088   Section        4  usb_endp.o(.data)
    FrameCount                               0x20000088   Data           4  usb_endp.o(.data)
    .data                                    0x2000008c   Section       12  usb_istr.o(.data)
    .data                                    0x20000098   Section       28  usb_istr.o(.data)
    .data                                    0x200000b4   Section       28  usb_istr.o(.data)
    .data                                    0x200000d0   Section      108  usb_prop.o(.data)
    .data                                    0x2000013c   Section        2  usb_prop.o(.data)
    .data                                    0x20000140   Section       36  usb_prop.o(.data)
    .data                                    0x20000164   Section        4  usb_pwr.o(.data)
    .data                                    0x20000168   Section        1  usb_pwr.o(.data)
    .data                                    0x2000016c   Section        8  usb_pwr.o(.data)
    .data                                    0x20000174   Section       16  ds18b20.o(.data)
    .data                                    0x20000184   Section        4  ow_driver_stm32f10x_gpio.o(.data)
    heap_ptr                                 0x20000184   Data           4  ow_driver_stm32f10x_gpio.o(.data)
    .data                                    0x20000188   Section       20  stm32f10x_rcc.o(.data)
    ADCPrescTable                            0x20000188   Data           4  stm32f10x_rcc.o(.data)
    APBAHBPrescTable                         0x2000018c   Data          16  stm32f10x_rcc.o(.data)
    .bss                                     0x2000019c   Section       28  usb_init.o(.bss)
    .bss                                     0x200001b8   Section       64  usb_endp.o(.bss)
    .bss                                     0x200001f8   Section       32  usb_pwr.o(.bss)
    .bss                                     0x20000218   Section      528  virtualcomport.o(.bss)
    .bss                                     0x20000428   Section       28  ds18b20.o(.bss)
    .bss                                     0x20000444   Section       48  ow_driver_stm32f10x_gpio.o(.bss)
    STACK                                    0x20000478   Section     1024  startup_stm32f10x_md.o(STACK)

    Global Symbols

    Symbol Name                              Value     Ov Type        Size  Object(Section)

    BuildAttributes$$THM_ISAv4$P$D$K$B$S$PE$A:L22UL41UL21$X:L11$S22US41US21$IEEE1$IW$USESV6$~STKCKD$USESV7$~SHL$OTIME$ROPI$EBA8$MICROLIB$REQ8$PRES8$EABIv2 0x00000000   Number         0  anon$$obj.o ABSOLUTE
    __ARM_use_no_argv                        0x00000000   Number         0  main.o ABSOLUTE
    __arm_fini_                               - Undefined Weak Reference
    __cpp_initialize__aeabi_                  - Undefined Weak Reference
    __cxa_finalize                            - Undefined Weak Reference
    _clock_init                               - Undefined Weak Reference
    _microlib_exit                            - Undefined Weak Reference
    __Vectors_Size                           0x000000ec   Number         0  startup_stm32f10x_md.o ABSOLUTE
    __Vectors                                0x08000000   Data           4  startup_stm32f10x_md.o(RESET)
    __Vectors_End                            0x080000ec   Data           0  startup_stm32f10x_md.o(RESET)
    __main                                   0x080000ed   Thumb Code     0  entry.o(.ARM.Collect$$$$00000000)
    _main_stk                                0x080000ed   Thumb Code     0  entry2.o(.ARM.Collect$$$$00000001)
    _main_scatterload                        0x080000f1   Thumb Code     0  entry5.o(.ARM.Collect$$$$00000004)
    __main_after_scatterload                 0x080000f5   Thumb Code     0  entry5.o(.ARM.Collect$$$$00000004)
    _main_clock                              0x080000f5   Thumb Code     0  entry7b.o(.ARM.Collect$$$$00000008)
    _main_cpp_init                           0x080000f5   Thumb Code     0  entry8b.o(.ARM.Collect$$$$0000000A)
    _main_init                               0x080000f5   Thumb Code     0  entry9a.o(.ARM.Collect$$$$0000000B)
    __rt_lib_shutdown_fini                   0x080000fd   Thumb Code     0  entry12b.o(.ARM.Collect$$$$0000000E)
    __rt_final_cpp                           0x08000101   Thumb Code     0  entry10a.o(.ARM.Collect$$$$0000000F)
    __rt_final_exit                          0x08000101   Thumb Code     0  entry11a.o(.ARM.Collect$$$$00000011)
    Reset_Handler                            0x08000105   Thumb Code     8  startup_stm32f10x_md.o(.text)
    ADC1_2_IRQHandler                        0x0800011f   Thumb Code     0  startup_stm32f10x_md.o(.text)
    CAN1_RX1_IRQHandler                      0x0800011f   Thumb Code     0  startup_stm32f10x_md.o(.text)
    CAN1_SCE_IRQHandler                      0x0800011f   Thumb Code     0  startup_stm32f10x_md.o(.text)
    DMA1_Channel1_IRQHandler                 0x0800011f   Thumb Code     0  startup_stm32f10x_md.o(.text)
    DMA1_Channel2_IRQHandler                 0x0800011f   Thumb Code     0  startup_stm32f10x_md.o(.text)
    DMA1_Channel3_IRQHandler                 0x0800011f   Thumb Code     0  startup_stm32f10x_md.o(.text)
    DMA1_Channel4_IRQHandler                 0x0800011f   Thumb Code     0  startup_stm32f10x_md.o(.text)
    DMA1_Channel5_IRQHandler                 0x0800011f   Thumb Code     0  startup_stm32f10x_md.o(.text)
    DMA1_Channel6_IRQHandler                 0x0800011f   Thumb Code     0  startup_stm32f10x_md.o(.text)
    DMA1_Channel7_IRQHandler                 0x0800011f   Thumb Code     0  startup_stm32f10x_md.o(.text)
    EXTI0_IRQHandler                         0x0800011f   Thumb Code     0  startup_stm32f10x_md.o(.text)
    EXTI15_10_IRQHandler                     0x0800011f   Thumb Code     0  startup_stm32f10x_md.o(.text)
    EXTI1_IRQHandler                         0x0800011f   Thumb Code     0  startup_stm32f10x_md.o(.text)
    EXTI2_IRQHandler                         0x0800011f   Thumb Code     0  startup_stm32f10x_md.o(.text)
    EXTI3_IRQHandler                         0x0800011f   Thumb Code     0  startup_stm32f10x_md.o(.text)
    EXTI4_IRQHandler                         0x0800011f   Thumb Code     0  startup_stm32f10x_md.o(.text)
    EXTI9_5_IRQHandler                       0x0800011f   Thumb Code     0  startup_stm32f10x_md.o(.text)
    FLASH_IRQHandler                         0x0800011f   Thumb Code     0  startup_stm32f10x_md.o(.text)
    I2C1_ER_IRQHandler                       0x0800011f   Thumb Code     0  startup_stm32f10x_md.o(.text)
    I2C1_EV_IRQHandler                       0x0800011f   Thumb Code     0  startup_stm32f10x_md.o(.text)
    I2C2_ER_IRQHandler                       0x0800011f   Thumb Code     0  startup_stm32f10x_md.o(.text)
    I2C2_EV_IRQHandler                       0x0800011f   Thumb Code     0  startup_stm32f10x_md.o(.text)
    PVD_IRQHandler                           0x0800011f   Thumb Code     0  startup_stm32f10x_md.o(.text)
    RCC_IRQHandler                           0x0800011f   Thumb Code     0  startup_stm32f10x_md.o(.text)
    RTCAlarm_IRQHandler                      0x0800011f   Thumb Code     0  startup_stm32f10x_md.o(.text)
    RTC_IRQHandler                           0x0800011f   Thumb Code     0  startup_stm32f10x_md.o(.text)
    SPI1_IRQHandler                          0x0800011f   Thumb Code     0  startup_stm32f10x_md.o(.text)
    SPI2_IRQHandler                          0x0800011f   Thumb Code     0  startup_stm32f10x_md.o(.text)
    TAMPER_IRQHandler                        0x0800011f   Thumb Code     0  startup_stm32f10x_md.o(.text)
    TIM1_BRK_IRQHandler                      0x0800011f   Thumb Code     0  startup_stm32f10x_md.o(.text)
    TIM1_CC_IRQHandler                       0x0800011f   Thumb Code     0  startup_stm32f10x_md.o(.text)
    TIM1_TRG_COM_IRQHandler                  0x0800011f   Thumb Code     0  startup_stm32f10x_md.o(.text)
    TIM1_UP_IRQHandler                       0x0800011f   Thumb Code     0  startup_stm32f10x_md.o(.text)
    TIM2_IRQHandler                          0x0800011f   Thumb Code     0  startup_stm32f10x_md.o(.text)
    TIM3_IRQHandler                          0x0800011f   Thumb Code     0  startup_stm32f10x_md.o(.text)
    TIM4_IRQHandler                          0x0800011f   Thumb Code     0  startup_stm32f10x_md.o(.text)
    USART2_IRQHandler                        0x0800011f   Thumb Code     0  startup_stm32f10x_md.o(.text)
    USART3_IRQHandler                        0x0800011f   Thumb Code     0  startup_stm32f10x_md.o(.text)
    USB_HP_CAN1_TX_IRQHandler                0x0800011f   Thumb Code     0  startup_stm32f10x_md.o(.text)
    WWDG_IRQHandler                          0x0800011f   Thumb Code     0  startup_stm32f10x_md.o(.text)
    strncmp                                  0x08000129   Thumb Code    30  strncmp.o(.text)
    __ARM_scalbnf                            0x08000147   Thumb Code    24  fscalb.o(.text)
    scalbnf                                  0x08000147   Thumb Code     0  fscalb.o(.text)
    __aeabi_i2f                              0x0800015f   Thumb Code    18  fflti.o(.text)
    __I$use$fp                               0x08000171   Thumb Code     0  iusefp.o(.text)
    _float_round                             0x08000171   Thumb Code    18  fepilogue.o(.text)
    _float_epilogue                          0x08000183   Thumb Code    92  fepilogue.o(.text)
    __scatterload                            0x080001e1   Thumb Code    28  init.o(.text)
    __scatterload_rt2                        0x080001e1   Thumb Code     0  init.o(.text)
    __decompress                             0x08000205   Thumb Code     0  __dczerorl2.o(.text)
    __decompress1                            0x08000205   Thumb Code    86  __dczerorl2.o(.text)
    BusFault_Handler                         0x0800025b   Thumb Code     2  stm32_it.o(i.BusFault_Handler)
    ByteSwap                                 0x0800025d   Thumb Code    10  usb_regs.o(i.ByteSwap)
    CTR_LP                                   0x08000269   Thumb Code   318  usb_int.o(i.CTR_LP)
    ClearDTOG_RX                             0x080003c5   Thumb Code    36  usb_regs.o(i.ClearDTOG_RX)
    ClearDTOG_TX                             0x080003ed   Thumb Code    36  usb_regs.o(i.ClearDTOG_TX)
    Clear_Status_Out                         0x08000415   Thumb Code    28  usb_regs.o(i.Clear_Status_Out)
    DebugMon_Handler                         0x0800074d   Thumb Code     2  stm32_it.o(i.DebugMon_Handler)
    EP1_IN_Callback                          0x0800074f   Thumb Code     2  usb_endp.o(i.EP1_IN_Callback)
    EP3_OUT_Callback                         0x08000751   Thumb Code   114  usb_endp.o(i.EP3_OUT_Callback)
    EXTI_ClearITPendingBit                   0x0800082d   Thumb Code     6  stm32f10x_exti.o(i.EXTI_ClearITPendingBit)
    GPIO_Init                                0x08000839   Thumb Code   162  stm32f10x_gpio.o(i.GPIO_Init)
    GPIO_PinRemapConfig                      0x080008dd   Thumb Code    82  stm32f10x_gpio.o(i.GPIO_PinRemapConfig)
    GPIO_ResetBits                           0x08000935   Thumb Code     4  stm32f10x_gpio.o(i.GPIO_ResetBits)
    GPIO_SetBits                             0x08000939   Thumb Code     4  stm32f10x_gpio.o(i.GPIO_SetBits)
    GetEPRxAddr                              0x0800093d   Thumb Code    22  usb_regs.o(i.GetEPRxAddr)
    GetEPRxCount                             0x0800095d   Thumb Code    24  usb_regs.o(i.GetEPRxCount)
    GetEPTxAddr                              0x0800097d   Thumb Code    20  usb_regs.o(i.GetEPTxAddr)
    Get_SerialNum                            0x08000999   Thumb Code    44  hw_config.o(i.Get_SerialNum)
    GpioC13Init                              0x080009cd   Thumb Code    48  main.o(i.GpioC13Init)
    HardFault_Handler                        0x08000a01   Thumb Code     2  stm32_it.o(i.HardFault_Handler)
    In0_Process                              0x08000a05   Thumb Code    80  usb_core.o(i.In0_Process)
    MemManage_Handler                        0x08000a99   Thumb Code     2  stm32_it.o(i.MemManage_Handler)
    NMI_Handler                              0x08000a9b   Thumb Code     2  stm32_it.o(i.NMI_Handler)
    NOP_Process                              0x08000a9d   Thumb Code     2  usb_core.o(i.NOP_Process)
    NVIC_Init                                0x08000aa1   Thumb Code    94  misc.o(i.NVIC_Init)
    NVIC_PriorityGroupConfig                 0x08000b05   Thumb Code    10  misc.o(i.NVIC_PriorityGroupConfig)
    Out0_Process                             0x08000bf5   Thumb Code    62  usb_core.o(i.Out0_Process)
    PMAToUserBufferCopy                      0x08000c3d   Thumb Code    26  usb_mem.o(i.PMAToUserBufferCopy)
    PendSV_Handler                           0x08000c5d   Thumb Code     2  stm32_it.o(i.PendSV_Handler)
    Post0_Process                            0x08000c61   Thumb Code    52  usb_core.o(i.Post0_Process)
    PowerOn                                  0x08000ca5   Thumb Code    44  usb_pwr.o(i.PowerOn)
    RCC_APB1PeriphClockCmd                   0x08000cd9   Thumb Code    18  stm32f10x_rcc.o(i.RCC_APB1PeriphClockCmd)
    RCC_APB2PeriphClockCmd                   0x08000cf1   Thumb Code    18  stm32f10x_rcc.o(i.RCC_APB2PeriphClockCmd)
    RCC_GetClocksFreq                        0x08000d09   Thumb Code   128  stm32f10x_rcc.o(i.RCC_GetClocksFreq)
    RCC_USBCLKConfig                         0x08000d99   Thumb Code     8  stm32f10x_rcc.o(i.RCC_USBCLKConfig)
    Resume                                   0x08000da5   Thumb Code   136  usb_pwr.o(i.Resume)
    Resume_Init                              0x08000e35   Thumb Code    20  usb_pwr.o(i.Resume_Init)
    SOF_Callback                             0x08000e4d   Thumb Code    58  usb_endp.o(i.SOF_Callback)
    STM_EVAL_COMInit                         0x08000e91   Thumb Code   162  stm3210b_eval.o(i.STM_EVAL_COMInit)
    SVC_Handler                              0x08000f3d   Thumb Code     2  stm32_it.o(i.SVC_Handler)
    SetBTABLE                                0x08000f41   Thumb Code    10  usb_regs.o(i.SetBTABLE)
    SetDeviceAddress                         0x08000f51   Thumb Code    58  usb_core.o(i.SetDeviceAddress)
    SetEPRxAddr                              0x08000f99   Thumb Code    24  usb_regs.o(i.SetEPRxAddr)
    SetEPRxCount                             0x08000fb9   Thumb Code    54  usb_regs.o(i.SetEPRxCount)
    SetEPRxStatus                            0x08000ff9   Thumb Code    44  usb_regs.o(i.SetEPRxStatus)
    SetEPRxValid                             0x08001029   Thumb Code    32  usb_regs.o(i.SetEPRxValid)
    SetEPTxAddr                              0x0800104d   Thumb Code    22  usb_regs.o(i.SetEPTxAddr)
    SetEPTxCount                             0x0800106d   Thumb Code    20  usb_regs.o(i.SetEPTxCount)
    SetEPTxStatus                            0x08001089   Thumb Code    44  usb_regs.o(i.SetEPTxStatus)
    SetEPTxValid                             0x080010b9   Thumb Code    32  usb_regs.o(i.SetEPTxValid)
    SetEPType                                0x080010dd   Thumb Code    24  usb_regs.o(i.SetEPType)
    SetISTR                                  0x080010f9   Thumb Code     6  usb_regs.o(i.SetISTR)
    Set_System                               0x080011ad   Thumb Code    82  hw_config.o(i.Set_System)
    Set_USBClock                             0x08001209   Thumb Code    20  hw_config.o(i.Set_USBClock)
    Setup0_Process                           0x0800121d   Thumb Code    92  usb_core.o(i.Setup0_Process)
    Standard_ClearFeature                    0x08001285   Thumb Code   232  usb_core.o(i.Standard_ClearFeature)
    Standard_GetConfiguration                0x08001381   Thumb Code    30  usb_core.o(i.Standard_GetConfiguration)
    Standard_GetDescriptorData               0x080013a9   Thumb Code    24  usb_core.o(i.Standard_GetDescriptorData)
    Standard_GetInterface                    0x080013c5   Thumb Code    30  usb_core.o(i.Standard_GetInterface)
    Standard_GetStatus                       0x080013ed   Thumb Code   130  usb_core.o(i.Standard_GetStatus)
    Standard_SetConfiguration                0x08001481   Thumb Code    42  usb_core.o(i.Standard_SetConfiguration)
    Standard_SetDeviceFeature                0x080014b9   Thumb Code    26  usb_core.o(i.Standard_SetDeviceFeature)
    Standard_SetEndPointFeature              0x080014dd   Thumb Code   118  usb_core.o(i.Standard_SetEndPointFeature)
    Standard_SetInterface                    0x08001565   Thumb Code    60  usb_core.o(i.Standard_SetInterface)
    Suspend                                  0x080015ad   Thumb Code   110  usb_pwr.o(i.Suspend)
    SysTick_Handler                          0x08001629   Thumb Code     2  stm32_it.o(i.SysTick_Handler)
    SystemInit                               0x0800162d   Thumb Code    64  system_stm32f10x_1.o(i.SystemInit)
    USART1_IRQHandler                        0x0800167d   Thumb Code    44  stm32_it.o(i.USART1_IRQHandler)
    USART_Cmd                                0x080016ad   Thumb Code    20  stm32f10x_usart.o(i.USART_Cmd)
    USART_Config                             0x080016c1   Thumb Code   122  virtualcomport.o(i.USART_Config)
    USART_Config_Default                     0x08001745   Thumb Code    52  virtualcomport.o(i.USART_Config_Default)
    USART_GetFlagStatus                      0x08001781   Thumb Code    14  stm32f10x_usart.o(i.USART_GetFlagStatus)
    USART_GetITStatus                        0x0800178f   Thumb Code    62  stm32f10x_usart.o(i.USART_GetITStatus)
    USART_ITConfig                           0x080017cd   Thumb Code    48  stm32f10x_usart.o(i.USART_ITConfig)
    USART_Init                               0x080017fd   Thumb Code   166  stm32f10x_usart.o(i.USART_Init)
    USART_ReceiveData                        0x080018a9   Thumb Code     8  stm32f10x_usart.o(i.USART_ReceiveData)
    USART_To_USB_Send_Data                   0x080018b1   Thumb Code    58  virtualcomport.o(i.USART_To_USB_Send_Data)
    USBWakeUp_IRQHandler                     0x080018fd   Thumb Code     8  stm32_it.o(i.USBWakeUp_IRQHandler)
    USB_Cable_Config                         0x08001905   Thumb Code    20  hw_config.o(i.USB_Cable_Config)
    USB_Init                                 0x0800191d   Thumb Code    22  usb_init.o(i.USB_Init)
    USB_Interrupts_Config                    0x08001945   Thumb Code    88  hw_config.o(i.USB_Interrupts_Config)
    USB_Istr                                 0x0800199d   Thumb Code   310  usb_istr.o(i.USB_Istr)
    USB_LP_CAN1_RX0_IRQHandler               0x08001aed   Thumb Code     4  stm32_it.o(i.USB_LP_CAN1_RX0_IRQHandler)
    USB_SIL_Init                             0x08001af1   Thumb Code    24  usb_sil.o(i.USB_SIL_Init)
    USB_SIL_Read                             0x08001b11   Thumb Code    36  usb_sil.o(i.USB_SIL_Read)
    USB_SIL_Write                            0x08001b35   Thumb Code    38  usb_sil.o(i.USB_SIL_Write)
    UsageFault_Handler                       0x08001b5b   Thumb Code     2  stm32_it.o(i.UsageFault_Handler)
    UserToPMABufferCopy                      0x08001b5d   Thumb Code    38  usb_mem.o(i.UserToPMABufferCopy)
    Virtual_Com_Port_Data_Setup              0x08001b89   Thumb Code    68  usb_prop.o(i.Virtual_Com_Port_Data_Setup)
    Virtual_Com_Port_GetConfigDescriptor     0x08001bdd   Thumb Code     6  usb_prop.o(i.Virtual_Com_Port_GetConfigDescriptor)
    Virtual_Com_Port_GetDeviceDescriptor     0x08001be9   Thumb Code     6  usb_prop.o(i.Virtual_Com_Port_GetDeviceDescriptor)
    Virtual_Com_Port_GetLineCoding           0x08001bf5   Thumb Code    18  usb_prop.o(i.Virtual_Com_Port_GetLineCoding)
    Virtual_Com_Port_GetStringDescriptor     0x08001c11   Thumb Code    24  usb_prop.o(i.Virtual_Com_Port_GetStringDescriptor)
    Virtual_Com_Port_Get_Interface_Setting   0x08001c31   Thumb Code    14  usb_prop.o(i.Virtual_Com_Port_Get_Interface_Setting)
    Virtual_Com_Port_NoData_Setup            0x08001c41   Thumb Code    30  usb_prop.o(i.Virtual_Com_Port_NoData_Setup)
    Virtual_Com_Port_Reset                   0x08001c65   Thumb Code   208  usb_prop.o(i.Virtual_Com_Port_Reset)
    Virtual_Com_Port_SetConfiguration        0x08001d45   Thumb Code    16  usb_prop.o(i.Virtual_Com_Port_SetConfiguration)
    Virtual_Com_Port_SetDeviceAddress        0x08001d5d   Thumb Code     8  usb_prop.o(i.Virtual_Com_Port_SetDeviceAddress)
    Virtual_Com_Port_SetLineCoding           0x08001d69   Thumb Code    18  usb_prop.o(i.Virtual_Com_Port_SetLineCoding)
    Virtual_Com_Port_Status_In               0x08001d85   Thumb Code    20  usb_prop.o(i.Virtual_Com_Port_Status_In)
    Virtual_Com_Port_Status_Out              0x08001d9d   Thumb Code     2  usb_prop.o(i.Virtual_Com_Port_Status_Out)
    Virtual_Com_Port_init                    0x08001da1   Thumb Code    32  usb_prop.o(i.Virtual_Com_Port_init)
    __scatterload_copy                       0x08001dc9   Thumb Code    14  handlers.o(i.__scatterload_copy)
    __scatterload_null                       0x08001dd7   Thumb Code     2  handlers.o(i.__scatterload_null)
    __scatterload_zeroinit                   0x08001dd9   Thumb Code    14  handlers.o(i.__scatterload_zeroinit)
    delay_us                                 0x08001de9   Thumb Code    42  delay.o(i.delay_us)
    ds18b20_getTemperature                   0x08001e19   Thumb Code    40  ds18b20.o(i.ds18b20_getTemperature)
    ds18b20_init                             0x08001e49   Thumb Code    58  ds18b20.o(i.ds18b20_init)
    ds_convert_all                           0x08001e8d   Thumb Code    28  dallas.o(i.ds_convert_all)
    ds_get_raw                               0x08001ea9   Thumb Code    14  dallas.o(i.ds_get_raw)
    ds_get_temp_c                            0x08001eb7   Thumb Code    22  dallas.o(i.ds_get_temp_c)
    ds_read_scratchpad                       0x08001f17   Thumb Code     6  dallas.o(i.ds_read_scratchpad)
    init_delay                               0x08001f1d   Thumb Code     8  delay.o(i.init_delay)
    init_driver                              0x08001f25   Thumb Code   184  ow_driver_stm32f10x_gpio.o(i.init_driver)
    main                                     0x08001ff9   Thumb Code    30  main.o(i.main)
    owu_init                                 0x08002017   Thumb Code     6  onewire.o(i.owu_init)
    owu_read_byte                            0x0800201d   Thumb Code     6  onewire.o(i.owu_read_byte)
    owu_reset                                0x08002023   Thumb Code     6  onewire.o(i.owu_reset)
    owu_reset_search                         0x08002029   Thumb Code    18  onewire.o(i.owu_reset_search)
    owu_search                               0x0800203d   Thumb Code   240  onewire.o(i.owu_search)
    owu_select_device                        0x0800212d   Thumb Code    44  onewire.o(i.owu_select_device)
    owu_skip                                 0x08002159   Thumb Code     8  onewire.o(i.owu_skip)
    owu_write_byte                           0x08002161   Thumb Code     6  onewire.o(i.owu_write_byte)
    read_bit                                 0x08002167   Thumb Code   112  ow_driver_stm32f10x_gpio.o(i.read_bit)
    read_byte                                0x080021d7   Thumb Code    48  ow_driver_stm32f10x_gpio.o(i.read_byte)
    reset_wire                               0x08002207   Thumb Code   154  ow_driver_stm32f10x_gpio.o(i.reset_wire)
    write_bit                                0x080022a1   Thumb Code    82  ow_driver_stm32f10x_gpio.o(i.write_bit)
    write_byte                               0x080022f3   Thumb Code    32  ow_driver_stm32f10x_gpio.o(i.write_byte)
    COM_TX_PIN                               0x08002314   Data           4  stm3210b_eval.o(.constdata)
    COM_RX_PIN                               0x08002318   Data           4  stm3210b_eval.o(.constdata)
    GPIO_PIN                                 0x0800231c   Data           8  stm3210b_eval.o(.constdata)
    COM_USART_CLK                            0x08002324   Data           8  stm3210b_eval.o(.constdata)
    COM_TX_PORT_CLK                          0x0800232c   Data           8  stm3210b_eval.o(.constdata)
    COM_RX_PORT_CLK                          0x08002334   Data           8  stm3210b_eval.o(.constdata)
    GPIO_CLK                                 0x0800233c   Data          16  stm3210b_eval.o(.constdata)
    BUTTON_PIN                               0x0800234c   Data          16  stm3210b_eval.o(.constdata)
    BUTTON_CLK                               0x0800235c   Data          32  stm3210b_eval.o(.constdata)
    BUTTON_EXTI_LINE                         0x0800237c   Data          16  stm3210b_eval.o(.constdata)
    BUTTON_PORT_SOURCE                       0x0800238c   Data          16  stm3210b_eval.o(.constdata)
    BUTTON_PIN_SOURCE                        0x0800239c   Data          16  stm3210b_eval.o(.constdata)
    BUTTON_IRQn                              0x080023ac   Data          16  stm3210b_eval.o(.constdata)
    Virtual_Com_Port_DeviceDescriptor        0x080023bc   Data          18  usb_desc.o(.constdata)
    Virtual_Com_Port_ConfigDescriptor        0x080023ce   Data          67  usb_desc.o(.constdata)
    Virtual_Com_Port_StringLangID            0x08002411   Data           4  usb_desc.o(.constdata)
    Virtual_Com_Port_StringVendor            0x08002415   Data          38  usb_desc.o(.constdata)
    Virtual_Com_Port_StringProduct           0x0800243b   Data          50  usb_desc.o(.constdata)
    Region$$Table$$Base                      0x08002470   Number         0  anon$$obj.o(Region$$Table)
    Region$$Table$$Limit                     0x08002490   Number         0  anon$$obj.o(Region$$Table)
    SaveRState                               0x20000000   Data           2  usb_int.o(.data)
    SaveTState                               0x20000002   Data           2  usb_int.o(.data)
    Data_Mul_MaxPacketSize                   0x20000004   Data           1  usb_core.o(.data)
    StatusInfo                               0x20000006   Data           2  usb_core.o(.data)
    DevRemoteWakeup                          0x20000008   Data           4  usb_core.o(.data)
    EPindex                                  0x2000000c   Data           1  usb_init.o(.data)
    pInformation                             0x20000010   Data           4  usb_init.o(.data)
    pProperty                                0x20000014   Data           4  usb_init.o(.data)
    pUser_Standard_Requests                  0x20000018   Data           4  usb_init.o(.data)
    wInterrupt_Mask                          0x2000001c   Data           2  usb_init.o(.data)
    COM_USART                                0x20000020   Data           8  stm3210b_eval.o(.data)
    COM_TX_PORT                              0x20000028   Data           8  stm3210b_eval.o(.data)
    COM_RX_PORT                              0x20000030   Data           8  stm3210b_eval.o(.data)
    GPIO_PORT                                0x20000038   Data          16  stm3210b_eval.o(.data)
    BUTTON_PORT                              0x20000048   Data          32  stm3210b_eval.o(.data)
    USART_Rx_ptr_in                          0x20000068   Data           4  hw_config.o(.data)
    Virtual_Com_Port_StringSerial            0x2000006c   Data          26  usb_desc.o(.data)
    bIntPackSOF                              0x2000008c   Data           1  usb_istr.o(.data)
    wIstr                                    0x2000008e   Data           2  usb_istr.o(.data)
    esof_counter                             0x20000090   Data           4  usb_istr.o(.data)
    wCNTR                                    0x20000094   Data           4  usb_istr.o(.data)
    pEpInt_IN                                0x20000098   Data          28  usb_istr.o(.data)
    pEpInt_OUT                               0x200000b4   Data          28  usb_istr.o(.data)
    Request                                  0x200000d0   Data           1  usb_prop.o(.data)
    linecoding                               0x200000d4   Data           8  usb_prop.o(.data)
    Device_Descriptor                        0x200000dc   Data           8  usb_prop.o(.data)
    Config_Descriptor                        0x200000e4   Data           8  usb_prop.o(.data)
    Device_Property                          0x200000ec   Data          48  usb_prop.o(.data)
    String_Descriptor                        0x2000011c   Data          32  usb_prop.o(.data)
    Device_Table                             0x2000013c   Data           2  usb_prop.o(.data)
    User_Standard_Requests                   0x20000140   Data          36  usb_prop.o(.data)
    bDeviceState                             0x20000164   Data           4  usb_pwr.o(.data)
    fSuspendEnabled                          0x20000168   Data           1  usb_pwr.o(.data)
    ResumeS                                  0x2000016c   Data           2  usb_pwr.o(.data)
    remotewakeupon                           0x20000170   Data           4  usb_pwr.o(.data)
    dev_count                                0x20000174   Data           1  ds18b20.o(.data)
    driver                                   0x20000178   Data           4  ds18b20.o(.data)
    dev_addr                                 0x2000017c   Data           8  ds18b20.o(.data)
    Device_Info                              0x2000019c   Data          28  usb_init.o(.bss)
    USB_Rx_Buffer                            0x200001b8   Data          64  usb_endp.o(.bss)
    EP                                       0x200001f8   Data          32  usb_pwr.o(.bss)
    USART_InitStructure                      0x20000218   Data          16  virtualcomport.o(.bss)
    USART_Rx_Buffer                          0x20000228   Data         512  virtualcomport.o(.bss)
    scratch_pad                              0x20000428   Data           9  ds18b20.o(.bss)
    o2                                       0x20000434   Data          16  ds18b20.o(.bss)
    one_wire_heap                            0x20000444   Data          48  ow_driver_stm32f10x_gpio.o(.bss)
    __initial_sp                             0x20000878   Data           0  startup_stm32f10x_md.o(STACK)



==============================================================================

Memory Map of the image

  Image Entry point : 0x080000ed

  Load Region LR_IROM1 (Base: 0x08000000, Size: 0x0000262c, Max: 0x00010000, ABSOLUTE, COMPRESSED[0x0000253c])

    Execution Region ER_IROM1 (Exec base: 0x08000000, Load base: 0x08000000, Size: 0x00002490, Max: 0x00010000, ABSOLUTE)

    Exec Addr    Load Addr    Size         Type   Attr      Idx    E Section Name        Object

    0x08000000   0x08000000   0x000000ec   Data   RO         2744    RESET               startup_stm32f10x_md.o
    0x080000ec   0x080000ec   0x00000000   Code   RO         2790  * .ARM.Collect$$$$00000000  mc_w.l(entry.o)
    0x080000ec   0x080000ec   0x00000004   Code   RO         2809    .ARM.Collect$$$$00000001  mc_w.l(entry2.o)
    0x080000f0   0x080000f0   0x00000004   Code   RO         2812    .ARM.Collect$$$$00000004  mc_w.l(entry5.o)
    0x080000f4   0x080000f4   0x00000000   Code   RO         2814    .ARM.Collect$$$$00000008  mc_w.l(entry7b.o)
    0x080000f4   0x080000f4   0x00000000   Code   RO         2816    .ARM.Collect$$$$0000000A  mc_w.l(entry8b.o)
    0x080000f4   0x080000f4   0x00000008   Code   RO         2817    .ARM.Collect$$$$0000000B  mc_w.l(entry9a.o)
    0x080000fc   0x080000fc   0x00000004   Code   RO         2824    .ARM.Collect$$$$0000000E  mc_w.l(entry12b.o)
    0x08000100   0x08000100   0x00000000   Code   RO         2819    .ARM.Collect$$$$0000000F  mc_w.l(entry10a.o)
    0x08000100   0x08000100   0x00000000   Code   RO         2821    .ARM.Collect$$$$00000011  mc_w.l(entry11a.o)
    0x08000100   0x08000100   0x00000004   Code   RO         2810    .ARM.Collect$$$$00002712  mc_w.l(entry2.o)
    0x08000104   0x08000104   0x00000024   Code   RO         2745    .text               startup_stm32f10x_md.o
    0x08000128   0x08000128   0x0000001e   Code   RO         2795    .text               mc_w.l(strncmp.o)
    0x08000146   0x08000146   0x00000018   Code   RO         2797    .text               mf_w.l(fscalb.o)
    0x0800015e   0x0800015e   0x00000012   Code   RO         2803    .text               mf_w.l(fflti.o)
    0x08000170   0x08000170   0x00000000   Code   RO         2829    .text               mc_w.l(iusefp.o)
    0x08000170   0x08000170   0x0000006e   Code   RO         2830    .text               mf_w.l(fepilogue.o)
    0x080001de   0x080001de   0x00000002   PAD
    0x080001e0   0x080001e0   0x00000024   Code   RO         2834    .text               mc_w.l(init.o)
    0x08000204   0x08000204   0x00000056   Code   RO         2846    .text               mc_w.l(__dczerorl2.o)
    0x0800025a   0x0800025a   0x00000002   Code   RO         1011    i.BusFault_Handler  stm32_it.o
    0x0800025c   0x0800025c   0x0000000a   Code   RO          180    i.ByteSwap          usb_regs.o
    0x08000266   0x08000266   0x00000002   PAD
    0x08000268   0x08000268   0x0000015c   Code   RO          553    i.CTR_LP            usb_int.o
    0x080003c4   0x080003c4   0x00000028   Code   RO          181    i.ClearDTOG_RX      usb_regs.o
    0x080003ec   0x080003ec   0x00000028   Code   RO          182    i.ClearDTOG_TX      usb_regs.o
    0x08000414   0x08000414   0x00000020   Code   RO          187    i.Clear_Status_Out  usb_regs.o
    0x08000434   0x08000434   0x000000b4   Code   RO          594    i.DataStageIn       usb_core.o
    0x080004e8   0x080004e8   0x000000c8   Code   RO          595    i.DataStageOut      usb_core.o
    0x080005b0   0x080005b0   0x0000019c   Code   RO          596    i.Data_Setup0       usb_core.o
    0x0800074c   0x0800074c   0x00000002   Code   RO         1012    i.DebugMon_Handler  stm32_it.o
    0x0800074e   0x0800074e   0x00000002   Code   RO         1133    i.EP1_IN_Callback   usb_endp.o
    0x08000750   0x08000750   0x000000dc   Code   RO         1134    i.EP3_OUT_Callback  usb_endp.o
    0x0800082c   0x0800082c   0x0000000c   Code   RO         1778    i.EXTI_ClearITPendingBit  stm32f10x_exti.o
    0x08000838   0x08000838   0x000000a2   Code   RO         1849    i.GPIO_Init         stm32f10x_gpio.o
    0x080008da   0x080008da   0x00000002   PAD
    0x080008dc   0x080008dc   0x00000058   Code   RO         1851    i.GPIO_PinRemapConfig  stm32f10x_gpio.o
    0x08000934   0x08000934   0x00000004   Code   RO         1856    i.GPIO_ResetBits    stm32f10x_gpio.o
    0x08000938   0x08000938   0x00000004   Code   RO         1857    i.GPIO_SetBits      stm32f10x_gpio.o
    0x0800093c   0x0800093c   0x00000020   Code   RO          199    i.GetEPRxAddr       usb_regs.o
    0x0800095c   0x0800095c   0x00000020   Code   RO          200    i.GetEPRxCount      usb_regs.o
    0x0800097c   0x0800097c   0x0000001c   Code   RO          202    i.GetEPTxAddr       usb_regs.o
    0x08000998   0x08000998   0x00000034   Code   RO          937    i.Get_SerialNum     hw_config.o
    0x080009cc   0x080009cc   0x00000034   Code   RO          893    i.GpioC13Init       main.o
    0x08000a00   0x08000a00   0x00000002   Code   RO         1013    i.HardFault_Handler  stm32_it.o
    0x08000a02   0x08000a02   0x00000002   PAD
    0x08000a04   0x08000a04   0x0000005c   Code   RO          597    i.In0_Process       usb_core.o
    0x08000a60   0x08000a60   0x00000038   Code   RO          938    i.IntToUnicode      hw_config.o
    0x08000a98   0x08000a98   0x00000002   Code   RO         1014    i.MemManage_Handler  stm32_it.o
    0x08000a9a   0x08000a9a   0x00000002   Code   RO         1015    i.NMI_Handler       stm32_it.o
    0x08000a9c   0x08000a9c   0x00000002   Code   RO          598    i.NOP_Process       usb_core.o
    0x08000a9e   0x08000a9e   0x00000002   PAD
    0x08000aa0   0x08000aa0   0x00000064   Code   RO         1729    i.NVIC_Init         misc.o
    0x08000b04   0x08000b04   0x00000014   Code   RO         1730    i.NVIC_PriorityGroupConfig  misc.o
    0x08000b18   0x08000b18   0x000000dc   Code   RO          599    i.NoData_Setup0     usb_core.o
    0x08000bf4   0x08000bf4   0x00000048   Code   RO          600    i.Out0_Process      usb_core.o
    0x08000c3c   0x08000c3c   0x00000020   Code   RO          725    i.PMAToUserBufferCopy  usb_mem.o
    0x08000c5c   0x08000c5c   0x00000002   Code   RO         1016    i.PendSV_Handler    stm32_it.o
    0x08000c5e   0x08000c5e   0x00000002   PAD
    0x08000c60   0x08000c60   0x00000044   Code   RO          601    i.Post0_Process     usb_core.o
    0x08000ca4   0x08000ca4   0x00000034   Code   RO         1325    i.PowerOn           usb_pwr.o
    0x08000cd8   0x08000cd8   0x00000018   Code   RO         2187    i.RCC_APB1PeriphClockCmd  stm32f10x_rcc.o
    0x08000cf0   0x08000cf0   0x00000018   Code   RO         2189    i.RCC_APB2PeriphClockCmd  stm32f10x_rcc.o
    0x08000d08   0x08000d08   0x00000090   Code   RO         2197    i.RCC_GetClocksFreq  stm32f10x_rcc.o
    0x08000d98   0x08000d98   0x0000000c   Code   RO         2215    i.RCC_USBCLKConfig  stm32f10x_rcc.o
    0x08000da4   0x08000da4   0x00000090   Code   RO         1326    i.Resume            usb_pwr.o
    0x08000e34   0x08000e34   0x00000018   Code   RO         1327    i.Resume_Init       usb_pwr.o
    0x08000e4c   0x08000e4c   0x00000044   Code   RO         1135    i.SOF_Callback      usb_endp.o
    0x08000e90   0x08000e90   0x000000ac   Code   RO          797    i.STM_EVAL_COMInit  stm3210b_eval.o
    0x08000f3c   0x08000f3c   0x00000002   Code   RO         1017    i.SVC_Handler       stm32_it.o
    0x08000f3e   0x08000f3e   0x00000002   PAD
    0x08000f40   0x08000f40   0x00000010   Code   RO          210    i.SetBTABLE         usb_regs.o
    0x08000f50   0x08000f50   0x00000048   Code   RO          602    i.SetDeviceAddress  usb_core.o
    0x08000f98   0x08000f98   0x00000020   Code   RO          224    i.SetEPRxAddr       usb_regs.o
    0x08000fb8   0x08000fb8   0x00000040   Code   RO          225    i.SetEPRxCount      usb_regs.o
    0x08000ff8   0x08000ff8   0x00000030   Code   RO          226    i.SetEPRxStatus     usb_regs.o
    0x08001028   0x08001028   0x00000024   Code   RO          227    i.SetEPRxValid      usb_regs.o
    0x0800104c   0x0800104c   0x00000020   Code   RO          228    i.SetEPTxAddr       usb_regs.o
    0x0800106c   0x0800106c   0x0000001c   Code   RO          229    i.SetEPTxCount      usb_regs.o
    0x08001088   0x08001088   0x00000030   Code   RO          230    i.SetEPTxStatus     usb_regs.o
    0x080010b8   0x080010b8   0x00000024   Code   RO          231    i.SetEPTxValid      usb_regs.o
    0x080010dc   0x080010dc   0x0000001c   Code   RO          232    i.SetEPType         usb_regs.o
    0x080010f8   0x080010f8   0x0000000c   Code   RO          234    i.SetISTR           usb_regs.o
    0x08001104   0x08001104   0x000000a8   Code   RO         2752    i.SetSysClockTo72   system_stm32f10x_1.o
    0x080011ac   0x080011ac   0x0000005c   Code   RO          940    i.Set_System        hw_config.o
    0x08001208   0x08001208   0x00000014   Code   RO          941    i.Set_USBClock      hw_config.o
    0x0800121c   0x0800121c   0x00000068   Code   RO          603    i.Setup0_Process    usb_core.o
    0x08001284   0x08001284   0x000000fc   Code   RO          604    i.Standard_ClearFeature  usb_core.o
    0x08001380   0x08001380   0x00000028   Code   RO          605    i.Standard_GetConfiguration  usb_core.o
    0x080013a8   0x080013a8   0x0000001c   Code   RO          606    i.Standard_GetDescriptorData  usb_core.o
    0x080013c4   0x080013c4   0x00000028   Code   RO          607    i.Standard_GetInterface  usb_core.o
    0x080013ec   0x080013ec   0x00000094   Code   RO          608    i.Standard_GetStatus  usb_core.o
    0x08001480   0x08001480   0x00000038   Code   RO          609    i.Standard_SetConfiguration  usb_core.o
    0x080014b8   0x080014b8   0x00000024   Code   RO          610    i.Standard_SetDeviceFeature  usb_core.o
    0x080014dc   0x080014dc   0x00000088   Code   RO          611    i.Standard_SetEndPointFeature  usb_core.o
    0x08001564   0x08001564   0x00000048   Code   RO          612    i.Standard_SetInterface  usb_core.o
    0x080015ac   0x080015ac   0x0000007c   Code   RO         1328    i.Suspend           usb_pwr.o
    0x08001628   0x08001628   0x00000002   Code   RO         1018    i.SysTick_Handler   stm32_it.o
    0x0800162a   0x0800162a   0x00000002   PAD
    0x0800162c   0x0800162c   0x00000050   Code   RO         2754    i.SystemInit        system_stm32f10x_1.o
    0x0800167c   0x0800167c   0x00000030   Code   RO         1019    i.USART1_IRQHandler  stm32_it.o
    0x080016ac   0x080016ac   0x00000014   Code   RO         2557    i.USART_Cmd         stm32f10x_usart.o
    0x080016c0   0x080016c0   0x00000084   Code   RO         1383    i.USART_Config      virtualcomport.o
    0x08001744   0x08001744   0x0000003c   Code   RO         1384    i.USART_Config_Default  virtualcomport.o
    0x08001780   0x08001780   0x0000000e   Code   RO         2560    i.USART_GetFlagStatus  stm32f10x_usart.o
    0x0800178e   0x0800178e   0x0000003e   Code   RO         2561    i.USART_GetITStatus  stm32f10x_usart.o
    0x080017cc   0x080017cc   0x00000030   Code   RO         2563    i.USART_ITConfig    stm32f10x_usart.o
    0x080017fc   0x080017fc   0x000000ac   Code   RO         2564    i.USART_Init        stm32f10x_usart.o
    0x080018a8   0x080018a8   0x00000008   Code   RO         2571    i.USART_ReceiveData  stm32f10x_usart.o
    0x080018b0   0x080018b0   0x0000004c   Code   RO         1385    i.USART_To_USB_Send_Data  virtualcomport.o
    0x080018fc   0x080018fc   0x00000008   Code   RO         1020    i.USBWakeUp_IRQHandler  stm32_it.o
    0x08001904   0x08001904   0x00000018   Code   RO          942    i.USB_Cable_Config  hw_config.o
    0x0800191c   0x0800191c   0x00000028   Code   RO          755    i.USB_Init          usb_init.o
    0x08001944   0x08001944   0x00000058   Code   RO          943    i.USB_Interrupts_Config  hw_config.o
    0x0800199c   0x0800199c   0x00000150   Code   RO         1177    i.USB_Istr          usb_istr.o
    0x08001aec   0x08001aec   0x00000004   Code   RO         1021    i.USB_LP_CAN1_RX0_IRQHandler  stm32_it.o
    0x08001af0   0x08001af0   0x00000020   Code   RO            4    i.USB_SIL_Init      usb_sil.o
    0x08001b10   0x08001b10   0x00000024   Code   RO            5    i.USB_SIL_Read      usb_sil.o
    0x08001b34   0x08001b34   0x00000026   Code   RO            6    i.USB_SIL_Write     usb_sil.o
    0x08001b5a   0x08001b5a   0x00000002   Code   RO         1022    i.UsageFault_Handler  stm32_it.o
    0x08001b5c   0x08001b5c   0x0000002c   Code   RO          726    i.UserToPMABufferCopy  usb_mem.o
    0x08001b88   0x08001b88   0x00000054   Code   RO         1209    i.Virtual_Com_Port_Data_Setup  usb_prop.o
    0x08001bdc   0x08001bdc   0x0000000c   Code   RO         1210    i.Virtual_Com_Port_GetConfigDescriptor  usb_prop.o
    0x08001be8   0x08001be8   0x0000000c   Code   RO         1211    i.Virtual_Com_Port_GetDeviceDescriptor  usb_prop.o
    0x08001bf4   0x08001bf4   0x0000001c   Code   RO         1212    i.Virtual_Com_Port_GetLineCoding  usb_prop.o
    0x08001c10   0x08001c10   0x00000020   Code   RO         1213    i.Virtual_Com_Port_GetStringDescriptor  usb_prop.o
    0x08001c30   0x08001c30   0x0000000e   Code   RO         1214    i.Virtual_Com_Port_Get_Interface_Setting  usb_prop.o
    0x08001c3e   0x08001c3e   0x00000002   PAD
    0x08001c40   0x08001c40   0x00000024   Code   RO         1215    i.Virtual_Com_Port_NoData_Setup  usb_prop.o
    0x08001c64   0x08001c64   0x000000e0   Code   RO         1216    i.Virtual_Com_Port_Reset  usb_prop.o
    0x08001d44   0x08001d44   0x00000018   Code   RO         1217    i.Virtual_Com_Port_SetConfiguration  usb_prop.o
    0x08001d5c   0x08001d5c   0x0000000c   Code   RO         1218    i.Virtual_Com_Port_SetDeviceAddress  usb_prop.o
    0x08001d68   0x08001d68   0x0000001c   Code   RO         1219    i.Virtual_Com_Port_SetLineCoding  usb_prop.o
    0x08001d84   0x08001d84   0x00000018   Code   RO         1220    i.Virtual_Com_Port_Status_In  usb_prop.o
    0x08001d9c   0x08001d9c   0x00000002   Code   RO         1221    i.Virtual_Com_Port_Status_Out  usb_prop.o
    0x08001d9e   0x08001d9e   0x00000002   PAD
    0x08001da0   0x08001da0   0x00000028   Code   RO         1222    i.Virtual_Com_Port_init  usb_prop.o
    0x08001dc8   0x08001dc8   0x0000000e   Code   RO         2840    i.__scatterload_copy  mc_w.l(handlers.o)
    0x08001dd6   0x08001dd6   0x00000002   Code   RO         2841    i.__scatterload_null  mc_w.l(handlers.o)
    0x08001dd8   0x08001dd8   0x0000000e   Code   RO         2842    i.__scatterload_zeroinit  mc_w.l(handlers.o)
    0x08001de6   0x08001de6   0x00000002   PAD
    0x08001de8   0x08001de8   0x00000030   Code   RO         1455    i.delay_us          delay.o
    0x08001e18   0x08001e18   0x00000030   Code   RO         1571    i.ds18b20_getTemperature  ds18b20.o
    0x08001e48   0x08001e48   0x00000044   Code   RO         1572    i.ds18b20_init      ds18b20.o
    0x08001e8c   0x08001e8c   0x0000001c   Code   RO         1482    i.ds_convert_all    dallas.o
    0x08001ea8   0x08001ea8   0x0000000e   Code   RO         1484    i.ds_get_raw        dallas.o
    0x08001eb6   0x08001eb6   0x00000016   Code   RO         1486    i.ds_get_temp_c     dallas.o
    0x08001ecc   0x08001ecc   0x0000004a   Code   RO         1490    i.ds_read           dallas.o
    0x08001f16   0x08001f16   0x00000006   Code   RO         1491    i.ds_read_scratchpad  dallas.o
    0x08001f1c   0x08001f1c   0x00000008   Code   RO         1456    i.init_delay        delay.o
    0x08001f24   0x08001f24   0x000000d4   Code   RO         1668    i.init_driver       ow_driver_stm32f10x_gpio.o
    0x08001ff8   0x08001ff8   0x0000001e   Code   RO          894    i.main              main.o
    0x08002016   0x08002016   0x00000006   Code   RO         1606    i.owu_init          onewire.o
    0x0800201c   0x0800201c   0x00000006   Code   RO         1607    i.owu_read_byte     onewire.o
    0x08002022   0x08002022   0x00000006   Code   RO         1608    i.owu_reset         onewire.o
    0x08002028   0x08002028   0x00000012   Code   RO         1609    i.owu_reset_search  onewire.o
    0x0800203a   0x0800203a   0x00000002   PAD
    0x0800203c   0x0800203c   0x000000f0   Code   RO         1610    i.owu_search        onewire.o
    0x0800212c   0x0800212c   0x0000002c   Code   RO         1611    i.owu_select_device  onewire.o
    0x08002158   0x08002158   0x00000008   Code   RO         1612    i.owu_skip          onewire.o
    0x08002160   0x08002160   0x00000006   Code   RO         1613    i.owu_write_byte    onewire.o
    0x08002166   0x08002166   0x00000070   Code   RO         1669    i.read_bit          ow_driver_stm32f10x_gpio.o
    0x080021d6   0x080021d6   0x00000030   Code   RO         1670    i.read_byte         ow_driver_stm32f10x_gpio.o
    0x08002206   0x08002206   0x0000009a   Code   RO         1671    i.reset_wire        ow_driver_stm32f10x_gpio.o
    0x080022a0   0x080022a0   0x00000052   Code   RO         1672    i.write_bit         ow_driver_stm32f10x_gpio.o
    0x080022f2   0x080022f2   0x00000020   Code   RO         1673    i.write_byte        ow_driver_stm32f10x_gpio.o
    0x08002312   0x08002312   0x00000002   PAD
    0x08002314   0x08002314   0x000000a8   Data   RO          806    .constdata          stm3210b_eval.o
    0x080023bc   0x080023bc   0x00000012   Data   RO         1104    .constdata          usb_desc.o
    0x080023ce   0x080023ce   0x00000043   Data   RO         1105    .constdata          usb_desc.o
    0x08002411   0x08002411   0x00000004   Data   RO         1106    .constdata          usb_desc.o
    0x08002415   0x08002415   0x00000026   Data   RO         1107    .constdata          usb_desc.o
    0x0800243b   0x0800243b   0x00000032   Data   RO         1108    .constdata          usb_desc.o
    0x0800246d   0x0800246d   0x00000003   PAD
    0x08002470   0x08002470   0x00000020   Data   RO         2838    Region$$Table       anon$$obj.o


    Execution Region RW_IRAM1 (Exec base: 0x20000000, Load base: 0x08002490, Size: 0x00000878, Max: 0x00005000, ABSOLUTE, COMPRESSED[0x000000ac])

    Exec Addr    Load Addr    Size         Type   Attr      Idx    E Section Name        Object

    0x20000000   COMPRESSED   0x00000004   Data   RW          554    .data               usb_int.o
    0x20000004   COMPRESSED   0x00000008   Data   RW          613    .data               usb_core.o
    0x2000000c   COMPRESSED   0x00000001   Data   RW          757    .data               usb_init.o
    0x2000000d   COMPRESSED   0x00000003   PAD
    0x20000010   COMPRESSED   0x0000000c   Data   RW          758    .data               usb_init.o
    0x2000001c   COMPRESSED   0x00000002   Data   RW          760    .data               usb_init.o
    0x2000001e   COMPRESSED   0x00000002   PAD
    0x20000020   COMPRESSED   0x00000048   Data   RW          807    .data               stm3210b_eval.o
    0x20000068   COMPRESSED   0x00000004   Data   RW          944    .data               hw_config.o
    0x2000006c   COMPRESSED   0x0000001a   Data   RW         1109    .data               usb_desc.o
    0x20000086   COMPRESSED   0x00000002   PAD
    0x20000088   COMPRESSED   0x00000004   Data   RW         1137    .data               usb_endp.o
    0x2000008c   COMPRESSED   0x0000000c   Data   RW         1178    .data               usb_istr.o
    0x20000098   COMPRESSED   0x0000001c   Data   RW         1179    .data               usb_istr.o
    0x200000b4   COMPRESSED   0x0000001c   Data   RW         1180    .data               usb_istr.o
    0x200000d0   COMPRESSED   0x0000006c   Data   RW         1223    .data               usb_prop.o
    0x2000013c   COMPRESSED   0x00000002   Data   RW         1224    .data               usb_prop.o
    0x2000013e   COMPRESSED   0x00000002   PAD
    0x20000140   COMPRESSED   0x00000024   Data   RW         1225    .data               usb_prop.o
    0x20000164   COMPRESSED   0x00000004   Data   RW         1330    .data               usb_pwr.o
    0x20000168   COMPRESSED   0x00000001   Data   RW         1331    .data               usb_pwr.o
    0x20000169   COMPRESSED   0x00000003   PAD
    0x2000016c   COMPRESSED   0x00000008   Data   RW         1332    .data               usb_pwr.o
    0x20000174   COMPRESSED   0x00000010   Data   RW         1574    .data               ds18b20.o
    0x20000184   COMPRESSED   0x00000004   Data   RW         1675    .data               ow_driver_stm32f10x_gpio.o
    0x20000188   COMPRESSED   0x00000014   Data   RW         2217    .data               stm32f10x_rcc.o
    0x2000019c        -       0x0000001c   Zero   RW          756    .bss                usb_init.o
    0x200001b8        -       0x00000040   Zero   RW         1136    .bss                usb_endp.o
    0x200001f8        -       0x00000020   Zero   RW         1329    .bss                usb_pwr.o
    0x20000218        -       0x00000210   Zero   RW         1389    .bss                virtualcomport.o
    0x20000428        -       0x0000001c   Zero   RW         1573    .bss                ds18b20.o
    0x20000444        -       0x00000030   Zero   RW         1674    .bss                ow_driver_stm32f10x_gpio.o
    0x20000474   COMPRESSED   0x00000004   PAD
    0x20000478        -       0x00000400   Zero   RW         2742    STACK               startup_stm32f10x_md.o


==============================================================================

Image component sizes


      Code (inc. data)   RO Data    RW Data    ZI Data      Debug   Object Name

       144          0          0          0          0       4507   dallas.o
        56          6          0          0          0        960   delay.o
       116         18          0         16         28       1987   ds18b20.o
       332         22          0          4          0       5452   hw_config.o
        82          4          0          0          0       1485   main.o
       120         16          0          0          0       1787   misc.o
       334          0          0          0          0       5679   onewire.o
       640         28          0          4         48       6007   ow_driver_stm32f10x_gpio.o
        36          8        236          0       1024        864   startup_stm32f10x_md.o
       172         10        168         72          0       2467   stm3210b_eval.o
        78          4          0          0          0       5654   stm32_it.o
        12          6          0          0          0        593   stm32f10x_exti.o
       258          6          0          0          0       4138   stm32f10x_gpio.o
       204         32          0         20          0       5449   stm32f10x_rcc.o
       324          6          0          0          0       6264   stm32f10x_usart.o
       248         24          0          0          0       1769   system_stm32f10x_1.o
      2230        290          0          8          0      16519   usb_core.o
         0          0        177         26          0       1151   usb_desc.o
       290        116          0          4         64       2792   usb_endp.o
        40         18          0         15         28       4394   usb_init.o
       348         30          0          4          0       1916   usb_int.o
       336         26          0         68          0       1723   usb_istr.o
        76         12          0          0          0       2052   usb_mem.o
       572        102          0        146          0      12041   usb_prop.o
       344         40          0         13         32       3816   usb_pwr.o
       594        106          0          0          0      11603   usb_regs.o
       106          8          0          0          0     255870   usb_sil.o
       268         36          0          0        528       3491   virtualcomport.o

    ----------------------------------------------------------------------
      8382        974        616        412       1756     372430   Object Totals
         0          0         32          0          0          0   (incl. Generated)
        22          0          3         12          4          0   (incl. Padding)

    ----------------------------------------------------------------------

      Code (inc. data)   RO Data    RW Data    ZI Data      Debug   Library Member Name

        86          0          0          0          0          0   __dczerorl2.o
         0          0          0          0          0          0   entry.o
         0          0          0          0          0          0   entry10a.o
         0          0          0          0          0          0   entry11a.o
         4          0          0          0          0          0   entry12b.o
         8          4          0          0          0          0   entry2.o
         4          0          0          0          0          0   entry5.o
         0          0          0          0          0          0   entry7b.o
         0          0          0          0          0          0   entry8b.o
         8          4          0          0          0          0   entry9a.o
        30          0          0          0          0          0   handlers.o
        36          8          0          0          0         68   init.o
         0          0          0          0          0          0   iusefp.o
        30          0          0          0          0         80   strncmp.o
       110          0          0          0          0        168   fepilogue.o
        18          0          0          0          0         68   fflti.o
        24          0          0          0          0         68   fscalb.o

    ----------------------------------------------------------------------
       362         16          0          0          0        452   Library Totals
         4          0          0          0          0          0   (incl. Padding)

    ----------------------------------------------------------------------

      Code (inc. data)   RO Data    RW Data    ZI Data      Debug   Library Name

       206         16          0          0          0        148   mc_w.l
       152          0          0          0          0        304   mf_w.l

    ----------------------------------------------------------------------
       362         16          0          0          0        452   Library Totals

    ----------------------------------------------------------------------

==============================================================================


      Code (inc. data)   RO Data    RW Data    ZI Data      Debug   

      8744        990        616        412       1756     366354   Grand Totals
      8744        990        616        172       1756     366354   ELF Image Totals (compressed)
      8744        990        616        172          0          0   ROM Totals

==============================================================================

    Total RO  Size (Code + RO Data)                 9360 (   9.14kB)
    Total RW  Size (RW Data + ZI Data)              2168 (   2.12kB)
    Total ROM Size (Code + RO Data + RW Data)       9532 (   9.31kB)

==============================================================================

